Archive member included because of file (symbol)

/opt/devkitpro/libogc/lib/wii/libogc.a(console.o)
                              installmii_core.o (CON_InitEx)
/opt/devkitpro/libogc/lib/wii/libogc.a(video.o)
                              /opt/devkitpro/libogc/lib/wii/libogc.a(console.o) (VIDEO_GetCurrentFramebuffer)
/opt/devkitpro/libogc/lib/wii/libogc.a(pad.o)
                              installmii_core.o (PAD_Init)
/opt/devkitpro/libogc/lib/wii/libogc.a(system.o)
                              /opt/devkitpro/libogc/lib/wii/libogc.a(pad.o) (SYS_RegisterResetFunc)
/opt/devkitpro/libogc/lib/wii/libogc.a(system_asm.o)
                              /opt/devkitpro/libogc/lib/wii/libogc.a(system.o) (__realmode)
/opt/devkitpro/libogc/lib/wii/libogc.a(cond.o)
                              /opt/devkitpro/libogc/lib/wii/libogc.a(system.o) (__lwp_cond_init)
/opt/devkitpro/libogc/lib/wii/libogc.a(decrementer.o)
                              /opt/devkitpro/libogc/lib/wii/libogc.a(system.o) (__decrementer_init)
/opt/devkitpro/libogc/lib/wii/libogc.a(message.o)
                              /opt/devkitpro/libogc/lib/wii/libogc.a(system.o) (__lwp_mqbox_init)
/opt/devkitpro/libogc/lib/wii/libogc.a(si.o)
                              /opt/devkitpro/libogc/lib/wii/libogc.a(pad.o) (SI_Busy)
/opt/devkitpro/libogc/lib/wii/libogc.a(ipc.o)
                              /opt/devkitpro/libogc/lib/wii/libogc.a(system.o) (__IPC_ClntInit)
/opt/devkitpro/libogc/lib/wii/libogc.a(ogc_crt0.o)
                              (_start)
/opt/devkitpro/libogc/lib/wii/libogc.a(console_font_8x16.o)
                              /opt/devkitpro/libogc/lib/wii/libogc.a(console.o) (console_font_8x16)
/opt/devkitpro/libogc/lib/wii/libogc.a(timesupp.o)
                              /opt/devkitpro/libogc/lib/wii/libogc.a(system.o) (gettick)
/opt/devkitpro/libogc/lib/wii/libogc.a(lock_supp.o)
                              /opt/devkitpro/libogc/lib/wii/libogc.a(system.o) (__libogc_lock_release)
/opt/devkitpro/libogc/lib/wii/libogc.a(newlibc.o)
                              /opt/devkitpro/libogc/lib/wii/libogc.a(system.o) (__libc_init)
/opt/devkitpro/libogc/lib/wii/libogc.a(usbgecko.o)
                              /opt/devkitpro/libogc/lib/wii/libogc.a(console.o) (usb_isgeckoalive)
/opt/devkitpro/libogc/lib/wii/libogc.a(sbrk.o)
                              /opt/devkitpro/libogc/lib/wii/libogc.a(system.o) (__libogc_sbrk_r)
/opt/devkitpro/libogc/lib/wii/libogc.a(malloc_lock.o)
                              /opt/devkitpro/libogc/lib/wii/libogc.a(system.o) (__libogc_malloc_unlock)
/opt/devkitpro/libogc/lib/wii/libogc.a(stm.o)
                              /opt/devkitpro/libogc/lib/wii/libogc.a(system.o) (STM_RegisterEventHandler)
/opt/devkitpro/libogc/lib/wii/libogc.a(ios.o)
                              /opt/devkitpro/libogc/lib/wii/libogc.a(system.o) (__IOS_LoadStartupIOS)
/opt/devkitpro/libogc/lib/wii/libogc.a(es.o)
                              /opt/devkitpro/libogc/lib/wii/libogc.a(ios.o) (__ES_Reset)
/opt/devkitpro/libogc/lib/wii/libogc.a(isfs.o)
                              installmii_core.o (ISFS_CreateFile)
/opt/devkitpro/libogc/lib/wii/libogc.a(argv.o)
                              /opt/devkitpro/libogc/lib/wii/libogc.a(ogc_crt0.o) (__CheckARGV)
/opt/devkitpro/libogc/lib/wii/libogc.a(network_wii.o)
                              http.o (net_fcntl)
/opt/devkitpro/libogc/lib/wii/libogc.a(conf.o)
                              /opt/devkitpro/libogc/lib/wii/libogc.a(video.o) (CONF_GetDisplayOffsetH)
/opt/devkitpro/libogc/lib/wii/libogc.a(wiilaunch.o)
                              /opt/devkitpro/libogc/lib/wii/libogc.a(system.o) (WII_ReturnToMenu)
/opt/devkitpro/libogc/lib/wii/libogc.a(lwp_priority.o)
                              /opt/devkitpro/libogc/lib/wii/libogc.a(system.o) (__lwp_priority_init)
/opt/devkitpro/libogc/lib/wii/libogc.a(lwp_threadq.o)
                              /opt/devkitpro/libogc/lib/wii/libogc.a(cond.o) (__lwp_threadqueue_init)
/opt/devkitpro/libogc/lib/wii/libogc.a(lwp_threads.o)
                              /opt/devkitpro/libogc/lib/wii/libogc.a(cond.o) (_thr_executing)
/opt/devkitpro/libogc/lib/wii/libogc.a(lwp_messages.o)
                              /opt/devkitpro/libogc/lib/wii/libogc.a(message.o) (__lwpmq_close)
/opt/devkitpro/libogc/lib/wii/libogc.a(lwp.o)
                              /opt/devkitpro/libogc/lib/wii/libogc.a(video.o) (LWP_InitQueue)
/opt/devkitpro/libogc/lib/wii/libogc.a(lwp_handler.o)
                              /opt/devkitpro/libogc/lib/wii/libogc.a(lwp_threads.o) (_cpu_context_save_fp)
/opt/devkitpro/libogc/lib/wii/libogc.a(lwp_stack.o)
                              /opt/devkitpro/libogc/lib/wii/libogc.a(lwp_threads.o) (__lwp_stack_free)
/opt/devkitpro/libogc/lib/wii/libogc.a(lwp_mutex.o)
                              /opt/devkitpro/libogc/lib/wii/libogc.a(malloc_lock.o) (__lwp_mutex_seize_irq_blocking)
/opt/devkitpro/libogc/lib/wii/libogc.a(lwp_watchdog.o)
[...]
Memory Configuration

Name             Origin             Length             Attributes
*default*        0x0000000000000000 0xffffffffffffffff

Linker script and memory map

                0x0000000000003400                . = 0x3400

.stub
 *(.stub)
                0x0000000080004000                . = 0x80004000

.init           0x0000000080004000      0x20c
 *crt0.o(*.init)
 .init          0x0000000080004000      0x1e8 /opt/devkitpro/libogc/lib/wii/libogc.a(ogc_crt0.o)
                0x0000000080004000                _start
                0x00000000800041a0                _memset
                0x00000000800041d0                video_line
 *(.init)
 .init          0x00000000800041e8        0xc /opt/devkitpro/devkitPPC/lib/gcc/powerpc-eabi/4.4.3/ecrti.o
                0x00000000800041e8                __init
 .init          0x00000000800041f4        0x4 /opt/devkitpro/devkitPPC/lib/gcc/powerpc-eabi/4.4.3/crtbegin.o
 .init          0x00000000800041f8        0x4 /opt/devkitpro/devkitPPC/lib/gcc/powerpc-eabi/4.4.3/crtend.o
 .init          0x00000000800041fc       0x10 /opt/devkitpro/devkitPPC/lib/gcc/powerpc-eabi/4.4.3/ecrtn.o

.rela.dyn       0x000000008000420c        0x0
 .rela.iplt     0x0000000000000000        0x0 /opt/devkitpro/devkitPPC/lib/gcc/powerpc-eabi/4.4.3/crtbegin.o

.plt
 *(.plt)

.interp
 *(.interp)

.hash
 *(.hash)

.dynsym
 *(.dynsym)

.dynstr
 *(.dynstr)

.gnu.version
 *(.gnu.version)

.gnu.version_d
 *(.gnu.version_d)

.gnu.version_r
 *(.gnu.version_r)

.rel.init
 *(.rel.init)

.rela.init      0x000000008000420c        0x0
 *(.rela.init)
 .rela.init     0x0000000000000000        0x0 /opt/devkitpro/devkitPPC/lib/gcc/powerpc-eabi/4.4.3/crtbegin.o

.rel.text
 *(.rel.text .rel.text.* .rel.gnu.linkonce.t.*)

.rela.text      0x000000008000420c        0x0
 *(.rela.text .rela.text.* .rela.gnu.linkonce.t.*)
 .rela.text     0x0000000000000000        0x0 /opt/devkitpro/devkitPPC/lib/gcc/powerpc-eabi/4.4.3/crtbegin.o
 .rela.text.http_get_result
                0x0000000000000000        0x0 /opt/devkitpro/devkitPPC/lib/gcc/powerpc-eabi/4.4.3/crtbegin.o
 .rela.text.http_request
                0x0000000000000000        0x0 /opt/devkitpro/devkitPPC/lib/gcc/powerpc-eabi/4.4.3/crtbegin.o
 .rela.text.main
                0x0000000000000000        0x0 /opt/devkitpro/devkitPPC/lib/gcc/powerpc-eabi/4.4.3/crtbegin.o
 .rela.text.CON_EnableGecko
                0x0000000000000000        0x0 /opt/devkitpro/devkitPPC/lib/gcc/powerpc-eabi/4.4.3/crtbegin.o
 .rela.text.__console_init
                0x0000000000000000        0x0 /opt/devkitpro/devkitPPC/lib/gcc/powerpc-eabi/4.4.3/crtbegin.o
 .rela.text.__console_init_ex
                0x0000000000000000        0x0 /opt/devkitpro/devkitPPC/lib/gcc/powerpc-eabi/4.4.3/crtbegin.o
 .rela.text.__call_resetfuncs
                0x0000000000000000        0x0 /opt/devkitpro/devkitPPC/lib/gcc/powerpc-eabi/4.4.3/crtbegin.o
 .rela.text.__SYS_LockSram
                0x0000000000000000        0x0 /opt/devkitpro/devkitPPC/lib/gcc/powerpc-eabi/4.4.3/crtbegin.o
 .rela.text.__SYS_LockSramEx
                0x0000000000000000        0x0 /opt/devkitpro/devkitPPC/lib/gcc/powerpc-eabi/4.4.3/crtbegin.o
 .rela.text.__SYS_SyncSram
                0x0000000000000000        0x0 /opt/devkitpro/devkitPPC/lib/gcc/powerpc-eabi/4.4.3/crtbegin.o
 .rela.text.__sys_alarmhandler
                0x0000000000000000        0x0 /opt/devkitpro/devkitPPC/lib/gcc/powerpc-eabi/4.4.3/crtbegin.o
 .rela.text.__unlocksram
                0x0000000000000000        0x0 /opt/devkitpro/devkitPPC/lib/gcc/powerpc-eabi/4.4.3/crtbegin.o
 .rela.text.SYS_GetWirelessID
                0x0000000000000000        0x0 /opt/devkitpro/devkitPPC/lib/gcc/powerpc-eabi/4.4.3/crtbegin.o
 .rela.text.SYS_SetWirelessID
                0x0000000000000000        0x0 /opt/devkitpro/devkitPPC/lib/gcc/powerpc-eabi/4.4.3/crtbegin.o
 .rela.text.__SYS_SetBootTime
                0x0000000000000000        0x0 /opt/devkitpro/devkitPPC/lib/gcc/powerpc-eabi/4.4.3/crtbegin.o
 .rela.text.__sram_writecallback
                0x0000000000000000        0x0 /opt/devkitpro/devkitPPC/lib/gcc/powerpc-eabi/4.4.3/crtbegin.o
 .rela.text.__sram_init
                0x0000000000000000        0x0 /opt/devkitpro/devkitPPC/lib/gcc/powerpc-eabi/4.4.3/crtbegin.o
 .rela.text.SYS_Init
                0x0000000000000000        0x0 /opt/devkitpro/devkitPPC/lib/gcc/powerpc-eabi/4.4.3/crtbegin.o
 .rela.text.SYS_CancelAlarm
                0x0000000000000000        0x0 /opt/devkitpro/devkitPPC/lib/gcc/powerpc-eabi/4.4.3/crtbegin.o
 .rela.text.SYS_RemoveAlarm
                0x0000000000000000        0x0 /opt/devkitpro/devkitPPC/lib/gcc/powerpc-eabi/4.4.3/crtbegin.o
 .rela.text.SYS_SetPeriodicAlarm
                0x0000000000000000        0x0 /opt/devkitpro/devkitPPC/lib/gcc/powerpc-eabi/4.4.3/crtbegin.o
 .rela.text.SYS_SetAlarm
                0x0000000000000000        0x0 /opt/devkitpro/devkitPPC/lib/gcc/powerpc-eabi/4.4.3/crtbegin.o
 .rela.text.__lwp_cond_init
                0x0000000000000000        0x0 /opt/devkitpro/devkitPPC/lib/gcc/powerpc-eabi/4.4.3/crtbegin.o
 .rela.text.__lwp_cond_signalsupp
                0x0000000000000000        0x0 /opt/devkitpro/devkitPPC/lib/gcc/powerpc-eabi/4.4.3/crtbegin.o
 .rela.text.LWP_CondDestroy
                0x0000000000000000        0x0 /opt/devkitpro/devkitPPC/lib/gcc/powerpc-eabi/4.4.3/crtbegin.o
 .rela.text.T.31
                0x0000000000000000        0x0 /opt/devkitpro/devkitPPC/lib/gcc/powerpc-eabi/4.4.3/crtbegin.o
 .rela.text.LWP_CondInit
                0x0000000000000000        0x0 /opt/devkitpro/devkitPPC/lib/gcc/powerpc-eabi/4.4.3/crtbegin.o
 .rela.text.c_decrementer_handler
                0x0000000000000000        0x0 /opt/devkitpro/devkitPPC/lib/gcc/powerpc-eabi/4.4.3/crtbegin.o
 .rela.text.__lwp_mqbox_init
                0x0000000000000000        0x0 /opt/devkitpro/devkitPPC/lib/gcc/powerpc-eabi/4.4.3/crtbegin.o
 .rela.text.MQ_Receive
                0x0000000000000000        0x0 /opt/devkitpro/devkitPPC/lib/gcc/powerpc-eabi/4.4.3/crtbegin.o
 .rela.text.MQ_Close
                0x0000000000000000        0x0 /opt/devkitpro/devkitPPC/lib/gcc/powerpc-eabi/4.4.3/crtbegin.o
 .rela.text.MQ_Jam
                0x0000000000000000        0x0 /opt/devkitpro/devkitPPC/lib/gcc/powerpc-eabi/4.4.3/crtbegin.o
 .rela.text.MQ_Send
                0x0000000000000000        0x0 /opt/devkitpro/devkitPPC/lib/gcc/powerpc-eabi/4.4.3/crtbegin.o
 .rela.text.MQ_Init
                0x0000000000000000        0x0 /opt/devkitpro/devkitPPC/lib/gcc/powerpc-eabi/4.4.3/crtbegin.o
 .rela.text.__ioctlvfmtCB
                0x0000000000000000        0x0 /opt/devkitpro/devkitPPC/lib/gcc/powerpc-eabi/4.4.3/crtbegin.o
 .rela.text.__ios_ioctlvformat_parse
                0x0000000000000000        0x0 /opt/devkitpro/devkitPPC/lib/gcc/powerpc-eabi/4.4.3/crtbegin.o
 .rela.text.IOS_IoctlvFormatAsync
                0x0000000000000000        0x0 /opt/devkitpro/devkitPPC/lib/gcc/powerpc-eabi/4.4.3/crtbegin.o
 .rela.text.IOS_IoctlvFormat
                0x0000000000000000        0x0 /opt/devkitpro/devkitPPC/lib/gcc/powerpc-eabi/4.4.3/crtbegin.o
 .rela.text.nanosleep
                0x0000000000000000        0x0 /opt/devkitpro/devkitPPC/lib/gcc/powerpc-eabi/4.4.3/crtbegin.o
 .rela.text.__libc_init
                0x0000000000000000        0x0 /opt/devkitpro/devkitPPC/lib/gcc/powerpc-eabi/4.4.3/crtbegin.o
 .rela.text.__libc_wrapup
                0x0000000000000000        0x0 /opt/devkitpro/devkitPPC/lib/gcc/powerpc-eabi/4.4.3/crtbegin.o
 .rela.text.__libc_delete_hook
                0x0000000000000000        0x0 /opt/devkitpro/devkitPPC/lib/gcc/powerpc-eabi/4.4.3/crtbegin.o
 .rela.text.__CheckARGV
                0x0000000000000000        0x0 /opt/devkitpro/devkitPPC/lib/gcc/powerpc-eabi/4.4.3/crtbegin.o
 .rela.text.__lwp_priority_init
                0x0000000000000000        0x0 /opt/devkitpro/devkitPPC/lib/gcc/powerpc-eabi/4.4.3/crtbegin.o
 .rela.text.__lwp_threadqueue_enqueuefifo
                0x0000000000000000        0x0 /opt/devkitpro/devkitPPC/lib/gcc/powerpc-eabi/4.4.3/crtbegin.o
 .rela.text.__lwp_threadqueue_dequeuefifo
                0x0000000000000000        0x0 /opt/devkitpro/devkitPPC/lib/gcc/powerpc-eabi/4.4.3/crtbegin.o
 .rela.text.__lwp_threadqueue_extractpriority
                0x0000000000000000        0x0 /opt/devkitpro/devkitPPC/lib/gcc/powerpc-eabi/4.4.3/crtbegin.o
 .rela.text.__lwp_threadqueue_dequeuepriority
                0x0000000000000000        0x0 /opt/devkitpro/devkitPPC/lib/gcc/powerpc-eabi/4.4.3/crtbegin.o
 .rela.text.__lwp_threadqueue_extractfifo
                0x0000000000000000        0x0 /opt/devkitpro/devkitPPC/lib/gcc/powerpc-eabi/4.4.3/crtbegin.o
 .rela.text.__lwp_threadqueue_enqueuepriority
                0x0000000000000000        0x0 /opt/devkitpro/devkitPPC/lib/gcc/powerpc-eabi/4.4.3/crtbegin.o
 .rela.text.__lwp_threadqueue_enqueue
                0x0000000000000000        0x0 /opt/devkitpro/devkitPPC/lib/gcc/powerpc-eabi/4.4.3/crtbegin.o
 .rela.text.__lwp_rotate_readyqueue
                0x0000000000000000        0x0 /opt/devkitpro/devkitPPC/lib/gcc/powerpc-eabi/4.4.3/crtbegin.o
 .rela.text.__lwp_thread_setstate
                0x0000000000000000        0x0 /opt/devkitpro/devkitPPC/lib/gcc/powerpc-eabi/4.4.3/crtbegin.o
 .rela.text.__lwp_thread_setpriority
                0x0000000000000000        0x0 /opt/devkitpro/devkitPPC/lib/gcc/powerpc-eabi/4.4.3/crtbegin.o
 .rela.text.__lwp_thread_suspend
                0x0000000000000000        0x0 /opt/devkitpro/devkitPPC/lib/gcc/powerpc-eabi/4.4.3/crtbegin.o
 .rela.text.__lwp_thread_changepriority
                0x0000000000000000        0x0 /opt/devkitpro/devkitPPC/lib/gcc/powerpc-eabi/4.4.3/crtbegin.o
 .rela.text.__lwp_thread_ready
                0x0000000000000000        0x0 /opt/devkitpro/devkitPPC/lib/gcc/powerpc-eabi/4.4.3/crtbegin.o
 .rela.text.__lwp_thread_coreinit
                0x0000000000000000        0x0 /opt/devkitpro/devkitPPC/lib/gcc/powerpc-eabi/4.4.3/crtbegin.o
 .rela.text.__lwp_thread_stopmultitasking
                0x0000000000000000        0x0 /opt/devkitpro/devkitPPC/lib/gcc/powerpc-eabi/4.4.3/crtbegin.o
 .rela.text.__lwp_thread_close
                0x0000000000000000        0x0 /opt/devkitpro/devkitPPC/lib/gcc/powerpc-eabi/4.4.3/crtbegin.o
 .rela.text.__lwp_thread_closeall
                0x0000000000000000        0x0 /opt/devkitpro/devkitPPC/lib/gcc/powerpc-eabi/4.4.3/crtbegin.o
 .rela.text.__lwp_thread_startmultitasking
                0x0000000000000000        0x0 /opt/devkitpro/devkitPPC/lib/gcc/powerpc-eabi/4.4.3/crtbegin.o
 .rela.text.__lwp_thread_tickle_timeslice
                0x0000000000000000        0x0 /opt/devkitpro/devkitPPC/lib/gcc/powerpc-eabi/4.4.3/crtbegin.o
 .rela.text.__lwpmq_close
                0x0000000000000000        0x0 /opt/devkitpro/devkitPPC/lib/gcc/powerpc-eabi/4.4.3/crtbegin.o
 .rela.text.__lwpmq_initialize
                0x0000000000000000        0x0 /opt/devkitpro/devkitPPC/lib/gcc/powerpc-eabi/4.4.3/crtbegin.o
 .rela.text.LWP_InitQueue
                0x0000000000000000        0x0 /opt/devkitpro/devkitPPC/lib/gcc/powerpc-eabi/4.4.3/crtbegin.o
 .rela.text.LWP_CreateThread
                0x0000000000000000        0x0 /opt/devkitpro/devkitPPC/lib/gcc/powerpc-eabi/4.4.3/crtbegin.o
 .rela.text.__lwp_thread_context
                0x0000000000000000        0x0 /opt/devkitpro/devkitPPC/lib/gcc/powerpc-eabi/4.4.3/crtbegin.o
 .rela.text.__lwp_thread_exists
                0x0000000000000000        0x0 /opt/devkitpro/devkitPPC/lib/gcc/powerpc-eabi/4.4.3/crtbegin.o
 .rela.text.__lwp_thread_isalive
                0x0000000000000000        0x0 /opt/devkitpro/devkitPPC/lib/gcc/powerpc-eabi/4.4.3/crtbegin.o
 .rela.text.__lwp_sysinit
                0x0000000000000000        0x0 /opt/devkitpro/devkitPPC/lib/gcc/powerpc-eabi/4.4.3/crtbegin.o
 .rela.text.LWP_ThreadBroadcast
                0x0000000000000000        0x0 /opt/devkitpro/devkitPPC/lib/gcc/powerpc-eabi/4.4.3/crtbegin.o
 .rela.text.LWP_CloseQueue
                0x0000000000000000        0x0 /opt/devkitpro/devkitPPC/lib/gcc/powerpc-eabi/4.4.3/crtbegin.o
 .rela.text.LWP_ThreadSignal
                0x0000000000000000        0x0 /opt/devkitpro/devkitPPC/lib/gcc/powerpc-eabi/4.4.3/crtbegin.o
 .rela.text.LWP_SetThreadPriority
                0x0000000000000000        0x0 /opt/devkitpro/devkitPPC/lib/gcc/powerpc-eabi/4.4.3/crtbegin.o
 .rela.text.LWP_ThreadIsSuspended
                0x0000000000000000        0x0 /opt/devkitpro/devkitPPC/lib/gcc/powerpc-eabi/4.4.3/crtbegin.o
 .rela.text.LWP_ThreadSleep
                0x0000000000000000        0x0 /opt/devkitpro/devkitPPC/lib/gcc/powerpc-eabi/4.4.3/crtbegin.o
 .rela.text.LWP_SuspendThread
                0x0000000000000000        0x0 /opt/devkitpro/devkitPPC/lib/gcc/powerpc-eabi/4.4.3/crtbegin.o
 .rela.text.LWP_ResumeThread
                0x0000000000000000        0x0 /opt/devkitpro/devkitPPC/lib/gcc/powerpc-eabi/4.4.3/crtbegin.o
 .rela.text.LWP_JoinThread
                0x0000000000000000        0x0 /opt/devkitpro/devkitPPC/lib/gcc/powerpc-eabi/4.4.3/crtbegin.o
 .rela.text.__lwp_stack_free
                0x0000000000000000        0x0 /opt/devkitpro/devkitPPC/lib/gcc/powerpc-eabi/4.4.3/crtbegin.o
 .rela.text.__lwp_stack_allocate
                0x0000000000000000        0x0 /opt/devkitpro/devkitPPC/lib/gcc/powerpc-eabi/4.4.3/crtbegin.o
 .rela.text.__lwp_watchdog_init
                0x0000000000000000        0x0 /opt/devkitpro/devkitPPC/lib/gcc/powerpc-eabi/4.4.3/crtbegin.o
 .rela.text.__lwp_wd_tickle
                0x0000000000000000        0x0 /opt/devkitpro/devkitPPC/lib/gcc/powerpc-eabi/4.4.3/crtbegin.o
 .rela.text.__lwp_wkspace_init
                0x0000000000000000        0x0 /opt/devkitpro/devkitPPC/lib/gcc/powerpc-eabi/4.4.3/crtbegin.o
 .rela.text.__lwp_wkspace_heapused
                0x0000000000000000        0x0 /opt/devkitpro/devkitPPC/lib/gcc/powerpc-eabi/4.4.3/crtbegin.o
 .rela.text.__lwp_wkspace_heapfree
                0x0000000000000000        0x0 /opt/devkitpro/devkitPPC/lib/gcc/powerpc-eabi/4.4.3/crtbegin.o
 .rela.text.__lwp_objmgr_initinfo
                0x0000000000000000        0x0 /opt/devkitpro/devkitPPC/lib/gcc/powerpc-eabi/4.4.3/crtbegin.o
 .rela.text.__exception_sethandler
                0x0000000000000000        0x0 /opt/devkitpro/devkitPPC/lib/gcc/powerpc-eabi/4.4.3/crtbegin.o
 .rela.text.__exception_init
                0x0000000000000000        0x0 /opt/devkitpro/devkitPPC/lib/gcc/powerpc-eabi/4.4.3/crtbegin.o
 .rela.text.__systemcall_init
                0x0000000000000000        0x0 /opt/devkitpro/devkitPPC/lib/gcc/powerpc-eabi/4.4.3/crtbegin.o
 .rela.text.__irq_init
                0x0000000000000000        0x0 /opt/devkitpro/devkitPPC/lib/gcc/powerpc-eabi/4.4.3/crtbegin.o
 .rela.text.__lwp_sema_init
                0x0000000000000000        0x0 /opt/devkitpro/devkitPPC/lib/gcc/powerpc-eabi/4.4.3/crtbegin.o
 .rela.text.LWP_SemWait
                0x0000000000000000        0x0 /opt/devkitpro/devkitPPC/lib/gcc/powerpc-eabi/4.4.3/crtbegin.o
 .rela.text.LWP_SemDestroy
                0x0000000000000000        0x0 /opt/devkitpro/devkitPPC/lib/gcc/powerpc-eabi/4.4.3/crtbegin.o
 .rela.text.LWP_SemPost
                0x0000000000000000        0x0 /opt/devkitpro/devkitPPC/lib/gcc/powerpc-eabi/4.4.3/crtbegin.o
 .rela.text.LWP_SemInit
                0x0000000000000000        0x0 /opt/devkitpro/devkitPPC/lib/gcc/powerpc-eabi/4.4.3/crtbegin.o
 .rela.text.LWP_MutexUnlock
                0x0000000000000000        0x0 /opt/devkitpro/devkitPPC/lib/gcc/powerpc-eabi/4.4.3/crtbegin.o
 .rela.text.LWP_MutexDestroy
                0x0000000000000000        0x0 /opt/devkitpro/devkitPPC/lib/gcc/powerpc-eabi/4.4.3/crtbegin.o
 .rela.text.LWP_MutexInit
                0x0000000000000000        0x0 /opt/devkitpro/devkitPPC/lib/gcc/powerpc-eabi/4.4.3/crtbegin.o
 .rela.text.__lwp_mutex_init
                0x0000000000000000        0x0 /opt/devkitpro/devkitPPC/lib/gcc/powerpc-eabi/4.4.3/crtbegin.o
 .rela.text.T.30
                0x0000000000000000        0x0 /opt/devkitpro/devkitPPC/lib/gcc/powerpc-eabi/4.4.3/crtbegin.o
 .rela.text.GX_EndDispList
                0x0000000000000000        0x0 /opt/devkitpro/devkitPPC/lib/gcc/powerpc-eabi/4.4.3/crtbegin.o
 .rela.text.GX_BeginDispList
                0x0000000000000000        0x0 /opt/devkitpro/devkitPPC/lib/gcc/powerpc-eabi/4.4.3/crtbegin.o
 .rela.text.GX_Init
                0x0000000000000000        0x0 /opt/devkitpro/devkitPPC/lib/gcc/powerpc-eabi/4.4.3/crtbegin.o
 .rela.text.kprintf
                0x0000000000000000        0x0 /opt/devkitpro/devkitPPC/lib/gcc/powerpc-eabi/4.4.3/crtbegin.o
 .rela.text.calloc
                0x0000000000000000        0x0 /opt/devkitpro/devkitPPC/lib/gcc/powerpc-eabi/4.4.3/crtbegin.o
 .rela.text.__errno
                0x0000000000000000        0x0 /opt/devkitpro/devkitPPC/lib/gcc/powerpc-eabi/4.4.3/crtbegin.o
 .rela.text.exit
                0x0000000000000000        0x0 /opt/devkitpro/devkitPPC/lib/gcc/powerpc-eabi/4.4.3/crtbegin.o
 .rela.text.fflush
                0x0000000000000000        0x0 /opt/devkitpro/devkitPPC/lib/gcc/powerpc-eabi/4.4.3/crtbegin.o
 .rela.text._cleanup_r
                0x0000000000000000        0x0 /opt/devkitpro/devkitPPC/lib/gcc/powerpc-eabi/4.4.3/crtbegin.o
 .rela.text._cleanup
                0x0000000000000000        0x0 /opt/devkitpro/devkitPPC/lib/gcc/powerpc-eabi/4.4.3/crtbegin.o
 .rela.text.__fp_unlock_all
                0x0000000000000000        0x0 /opt/devkitpro/devkitPPC/lib/gcc/powerpc-eabi/4.4.3/crtbegin.o
 .rela.text.__fp_lock_all
                0x0000000000000000        0x0 /opt/devkitpro/devkitPPC/lib/gcc/powerpc-eabi/4.4.3/crtbegin.o
 .rela.text.std
                0x0000000000000000        0x0 /opt/devkitpro/devkitPPC/lib/gcc/powerpc-eabi/4.4.3/crtbegin.o
 .rela.text.__sfp
                0x0000000000000000        0x0 /opt/devkitpro/devkitPPC/lib/gcc/powerpc-eabi/4.4.3/crtbegin.o
 .rela.text._malloc_trim_r
                0x0000000000000000        0x0 /opt/devkitpro/devkitPPC/lib/gcc/powerpc-eabi/4.4.3/crtbegin.o
 .rela.text._free_r
                0x0000000000000000        0x0 /opt/devkitpro/devkitPPC/lib/gcc/powerpc-eabi/4.4.3/crtbegin.o
 .rela.text._sscanf_r
                0x0000000000000000        0x0 /opt/devkitpro/devkitPPC/lib/gcc/powerpc-eabi/4.4.3/crtbegin.o
 .rela.text.sscanf
                0x0000000000000000        0x0 /opt/devkitpro/devkitPPC/lib/gcc/powerpc-eabi/4.4.3/crtbegin.o
 .rela.text._svfprintf_r
                0x0000000000000000        0x0 /opt/devkitpro/devkitPPC/lib/gcc/powerpc-eabi/4.4.3/crtbegin.o
 .rela.text.__ssvfscanf_r
                0x0000000000000000        0x0 /opt/devkitpro/devkitPPC/lib/gcc/powerpc-eabi/4.4.3/crtbegin.o
 .rela.text._vfprintf_r
                0x0000000000000000        0x0 /opt/devkitpro/devkitPPC/lib/gcc/powerpc-eabi/4.4.3/crtbegin.o
 .rela.text.wcrtomb
                0x0000000000000000        0x0 /opt/devkitpro/devkitPPC/lib/gcc/powerpc-eabi/4.4.3/crtbegin.o
 .rela.text._wcrtomb_r
                0x0000000000000000        0x0 /opt/devkitpro/devkitPPC/lib/gcc/powerpc-eabi/4.4.3/crtbegin.o
 .rela.text._dtoa_r
                0x0000000000000000        0x0 /opt/devkitpro/devkitPPC/lib/gcc/powerpc-eabi/4.4.3/crtbegin.o
 .rela.text.loadlocale
                0x0000000000000000        0x0 /opt/devkitpro/devkitPPC/lib/gcc/powerpc-eabi/4.4.3/crtbegin.o
 .rela.text.mbrtowc
                0x0000000000000000        0x0 /opt/devkitpro/devkitPPC/lib/gcc/powerpc-eabi/4.4.3/crtbegin.o
 .rela.text._mbrtowc_r
                0x0000000000000000        0x0 /opt/devkitpro/devkitPPC/lib/gcc/powerpc-eabi/4.4.3/crtbegin.o
 .rela.text.__hexdig_init
                0x0000000000000000        0x0 /opt/devkitpro/devkitPPC/lib/gcc/powerpc-eabi/4.4.3/crtbegin.o
 .rela.text.__gethex
                0x0000000000000000        0x0 /opt/devkitpro/devkitPPC/lib/gcc/powerpc-eabi/4.4.3/crtbegin.o
 .rela.text.__hexnan
                0x0000000000000000        0x0 /opt/devkitpro/devkitPPC/lib/gcc/powerpc-eabi/4.4.3/crtbegin.o
 .rela.text._findenv_r
                0x0000000000000000        0x0 /opt/devkitpro/devkitPPC/lib/gcc/powerpc-eabi/4.4.3/crtbegin.o
 .rela.text.sinef
                0x0000000000000000        0x0 /opt/devkitpro/devkitPPC/lib/gcc/powerpc-eabi/4.4.3/crtbegin.o
 .rela.text.sqrtf
                0x0000000000000000        0x0 /opt/devkitpro/devkitPPC/lib/gcc/powerpc-eabi/4.4.3/crtbegin.o

.rel.fini
 *(.rel.fini)

.rela.fini
 *(.rela.fini)

.rel.rodata
 *(.rel.rodata .rel.rodata.* .rel.gnu.linkonce.r.*)

.rela.rodata
 *(.rela.rodata .rela.rodata.* .rela.gnu.linkonce.r.*)

.rel.data
 *(.rel.data .rel.data.* .rel.gnu.linkonce.d.*)

.rela.data
 *(.rela.data .rela.data.* .rela.gnu.linkonce.d.*)

.rel.tdata
 *(.rel.tdata .rel.tdata.* .rel.gnu.linkonce.td.*)

.rela.tdata
 *(.rela.tdata .rela.tdata.* .rela.gnu.linkonce.td.*)

.rel.tbss
 *(.rel.tbss .rel.tbss.* .rel.gnu.linkonce.tb.*)

.rela.tbss
 *(.rela.tbss .rela.tbss.* .rela.gnu.linkonce.tb.*)

.rel.ctors
 *(.rel.ctors)

.rela.ctors
 *(.rela.ctors)

.rel.dtors
 *(.rel.dtors)

.rela.dtors
 *(.rela.dtors)

.rel.got
 *(.rel.got)

.rela.got
 *(.rela.got)

.rela.got1
 *(.rela.got1)

.rela.got2      0x000000008000420c        0x0
 *(.rela.got2)
 .rela.got2     0x0000000000000000        0x0 /opt/devkitpro/devkitPPC/lib/gcc/powerpc-eabi/4.4.3/crtbegin.o

.rel.sdata
 *(.rel.sdata .rel.sdata.* .rel.gnu.linkonce.s.*)

.rela.sdata
 *(.rela.sdata .rela.sdata.* .rela.gnu.linkonce.s.*)

.rel.sbss
 *(.rel.sbss .rel.sbss.* .rel.gnu.linkonce.sb.*)

.rela.sbss
 *(.rela.sbss .rela.sbss.* .rel.gnu.linkonce.sb.*)

.rel.sdata2
 *(.rel.sdata2 .rel.sdata2.* .rel.gnu.linkonce.s2.*)

.rela.sdata2    0x000000008000420c        0x0
 *(.rela.sdata2 .rela.sdata2.* .rela.gnu.linkonce.s2.*)
 .rela.sdata2.__sys_inIPL
                0x0000000000000000        0x0 /opt/devkitpro/devkitPPC/lib/gcc/powerpc-eabi/4.4.3/crtbegin.o
 .rela.sdata2.__gx
                0x0000000000000000        0x0 /opt/devkitpro/devkitPPC/lib/gcc/powerpc-eabi/4.4.3/crtbegin.o

.rel.sbss2
 *(.rel.sbss2 .rel.sbss2.* .rel.gnu.linkonce.sb2.*)

.rela.sbss2
 *(.rela.sbss2 .rela.sbss2.* .rela.gnu.linkonce.sb2.*)

.rel.bss
 *(.rel.bss .rel.bss.* .rel.gnu.linkonce.b.*)

.rela.bss
 *(.rela.bss .rela.bss.* .rela.gnu.linkonce.b.*)

.rel.plt
 *(.rel.plt)

.rela.plt
 *(.rela.plt)

.text           0x0000000080004220    0x2b680
 *(.text)
 .text          0x0000000080004220      0x168 /opt/devkitpro/devkitPPC/lib/gcc/powerpc-eabi/4.4.3/crtbegin.o
 .text          0x0000000080004388       0x48 /opt/devkitpro/devkitPPC/lib/gcc/powerpc-eabi/4.4.3/../../../../powerpc-eabi/lib/crtmain.o
                0x000000008000438c                __crtmain
 .text          0x00000000800043d0      0x518 /opt/devkitpro/libogc/lib/wii/libogc.a(system_asm.o)
                0x00000000800043d0                __realmode
                0x00000000800043e8                __configBATS
                0x000000008000452c                __configMEM1_24Mb
                0x00000000800045a0                __configMEM1_48Mb
                0x0000000080004614                __configMEM2_64Mb
                0x0000000080004678                __configMEM2_128Mb
                0x00000000800046dc                __PSInit
                0x0000000080004714                __CacheInit
                0x0000000080004778                __SystemInit
                0x00000000800047fc                __flush_cache
                0x0000000080004830                __reset
                0x00000000800048a0                SYS_SwitchFiber
                0x00000000800048d0                InitBATS
 *fill*         0x00000000800048e8       0x18 00000000
 .text          0x0000000080004900      0x4ec /opt/devkitpro/libogc/lib/wii/libogc.a(lwp_handler.o)
                0x0000000080004900                _cpu_context_save_fp
                0x0000000080004a40                _cpu_context_restore_fp
                0x0000000080004b80                _cpu_context_switch
                0x0000000080004d00                _cpu_context_save
                0x0000000080004d80                _cpu_context_restore
 .text          0x0000000080004dec      0x1b0 /opt/devkitpro/libogc/lib/wii/libogc.a(irq_handler.o)
                0x0000000080004dec                irq_exceptionhandler
 .text          0x0000000080004f9c      0x118 /opt/devkitpro/libogc/lib/wii/libogc.a(video_asm.o)
                0x0000000080004f9c                __VIClearFramebuffer
 .text          0x00000000800050b4      0x4d8 /opt/devkitpro/libogc/lib/wii/libogc.a(cache_asm.o)
                0x00000000800050b4                DCFlashInvalidate
                0x00000000800050c4                DCEnable
                0x00000000800050d8                DCDisable
                0x00000000800050ec                DCFreeze
                0x0000000080005100                DCUnfreeze
                0x0000000080005110                DCTouchLoad
                0x0000000080005118                DCBlockZero
                0x0000000080005120                DCBlockStore
                0x0000000080005128                DCBlockFlush
                0x0000000080005130                DCBlockInvalidate
                0x0000000080005138                DCInvalidateRange
                0x0000000080005168                DCFlushRange
                0x000000008000519c                DCStoreRange
                0x00000000800051d0                DCFlushRangeNoSync
                0x0000000080005200                DCStoreRangeNoSync
                0x0000000080005230                DCZeroRange
                0x0000000080005260                DCTouchRange
                0x0000000080005290                ICInvalidateRange
                0x00000000800052c8                ICFlashInvalidate
                0x00000000800052d8                ICEnable
                0x00000000800052ec                ICDisable
                0x0000000080005300                ICFreeze
                0x0000000080005314                ICUnfreeze
                0x0000000080005324                ICBlockInvalidate
                0x000000008000532c                ICSync
                0x0000000080005334                L2Init
                0x000000008000537c                L2Enable
                0x0000000080005390                L2Disable
                0x00000000800053a8                L2GlobalInvalidate
                0x0000000080005400                __LCEnable
                0x00000000800054c8                LCDisable
                0x00000000800054f0                LCAllocOneTag
                0x0000000080005504                LCAllocTags
                0x0000000080005544                LCLoadBlocks
                0x0000000080005568                LCStoreBlocks
 .text          0x000000008000558c      0x1b0 /opt/devkitpro/libogc/lib/wii/libogc.a(decrementer_handler.o)
                0x000000008000558c                dec_exceptionhandler
 .text          0x000000008000573c      0x35c /opt/devkitpro/libogc/lib/wii/libogc.a(exception_handler.o)
                0x000000008000573c                exceptionhandler_start
                0x00000000800057b8                exceptionhandler_patch
                0x00000000800057ec                exceptionhandler_end
                0x00000000800057f0                default_exceptionhandler
                0x0000000080005930                fpu_exceptionhandler
                0x0000000080005a68                systemcallhandler_start
                0x0000000080005a94                systemcallhandler_end
 .text          0x0000000080005a98      0x3f0 /opt/devkitpro/devkitPPC/lib/gcc/powerpc-eabi/4.4.3/libgcc.a(_udivdi3.o)
                0x0000000080005a98                __udivdi3
 .text          0x0000000080005e88      0x3fc /opt/devkitpro/devkitPPC/lib/gcc/powerpc-eabi/4.4.3/libgcc.a(_umoddi3.o)
                0x0000000080005e88                __umoddi3
 .text          0x0000000080006284       0xb4 /opt/devkitpro/devkitPPC/lib/gcc/powerpc-eabi/4.4.3/libgcc.a(eabi.o)
                0x0000000080006284                __eabi
                0x00000000800062cc                __eabi_convert
                0x0000000080006300                __eabi_uconvert
 .text          0x0000000080006338       0x28 /opt/devkitpro/devkitPPC/lib/gcc/powerpc-eabi/4.4.3/../../../../powerpc-eabi/lib/libsysbase.a(abort.o)
                0x0000000080006338                abort
 .text          0x0000000080006360      0x2fc /opt/devkitpro/devkitPPC/lib/gcc/powerpc-eabi/4.4.3/../../../../powerpc-eabi/lib/libsysbase.a(iosupport.o)
                0x0000000080006360                setDefaultDevice
                0x0000000080006378                AddDevice
                0x00000000800064a0                FindDevice
                0x00000000800065c8                GetDeviceOpTab
                0x000000008000660c                RemoveDevice
 .text          0x000000008000665c       0x28 /opt/devkitpro/devkitPPC/lib/gcc/powerpc-eabi/4.4.3/../../../../powerpc-eabi/lib/libsysbase.a(_exit.o)
                0x000000008000665c                _exit
 .text          0x0000000080006684       0xa0 /opt/devkitpro/devkitPPC/lib/gcc/powerpc-eabi/4.4.3/../../../../powerpc-eabi/lib/libsysbase.a(build_argv.o)
                0x0000000080006684                build_argv
 .text          0x0000000080006724      0x168 /opt/devkitpro/devkitPPC/lib/gcc/powerpc-eabi/4.4.3/../../../../powerpc-eabi/lib/libsysbase.a(syscall_support.o)
                0x0000000080006724                __libc_lock_init
                0x0000000080006764                __libc_lock_close
                0x00000000800067a4                __libc_lock_release
                0x00000000800067e4                __libc_lock_acquire
                0x0000000080006824                __malloc_lock
                0x0000000080006858                __malloc_unlock
 .text          0x000000008000688c       0xa0 /opt/devkitpro/devkitPPC/lib/gcc/powerpc-eabi/4.4.3/../../../../powerpc-eabi/lib/libsysbase.a(close.o)
                0x000000008000688c                _close_r
 .text          0x000000008000692c       0xc8 /opt/devkitpro/devkitPPC/lib/gcc/powerpc-eabi/4.4.3/../../../../powerpc-eabi/lib/libsysbase.a(fstat.o)
                0x000000008000692c                _fstat_r
 .text          0x00000000800069f4        0x8 /opt/devkitpro/devkitPPC/lib/gcc/powerpc-eabi/4.4.3/../../../../powerpc-eabi/lib/libsysbase.a(isatty.o)
                0x00000000800069f4                _isatty_r
 .text          0x00000000800069fc       0xd4 /opt/devkitpro/devkitPPC/lib/gcc/powerpc-eabi/4.4.3/../../../../powerpc-eabi/lib/libsysbase.a(lseek.o)
                0x00000000800069fc                _lseek_r
 .text          0x0000000080006ad0       0xb0 /opt/devkitpro/devkitPPC/lib/gcc/powerpc-eabi/4.4.3/../../../../powerpc-eabi/lib/libsysbase.a(read.o)
                0x0000000080006ad0                _read_r
 .text          0x0000000080006b80       0x50 /opt/devkitpro/devkitPPC/lib/gcc/powerpc-eabi/4.4.3/../../../../powerpc-eabi/lib/libsysbase.a(sbrk.o)
                0x0000000080006b80                _sbrk_r
 .text          0x0000000080006bd0       0xb0 /opt/devkitpro/devkitPPC/lib/gcc/powerpc-eabi/4.4.3/../../../../powerpc-eabi/lib/libsysbase.a(write.o)
                0x0000000080006bd0                _write_r
 .text          0x0000000080006c80       0x6c /opt/devkitpro/devkitPPC/lib/gcc/powerpc-eabi/4.4.3/../../../../powerpc-eabi/lib/libsysbase.a(flock.o)
                0x0000000080006c80                __funlockfile
                0x0000000080006ca4                __flockfile
 .text          0x0000000080006cec      0x11c /opt/devkitpro/devkitPPC/lib/gcc/powerpc-eabi/4.4.3/../../../../powerpc-eabi/lib/libsysbase.a(handle_manager.o)
                0x0000000080006cec                __get_handle
                0x0000000080006d10                __alloc_handle
                0x0000000080006dac                __release_handle
 .text          0x0000000080006e08       0x6c /opt/devkitpro/devkitPPC/lib/gcc/powerpc-eabi/4.4.3/crtend.o
 *(.text.*)
 .text.http_get_result
                0x0000000080006e74       0xac http.o
                0x0000000080006e74                http_get_result
 .text.http_split_url
                0x0000000080006f20       0xc8 http.o
                0x0000000080006f20                http_split_url
 .text.tcp_write
                0x0000000080006fe8      0x250 http.o
                0x0000000080006fe8                tcp_write
 .text.tcp_read
                0x0000000080007238      0x250 http.o
                0x0000000080007238                tcp_read
 .text.tcp_readln
                0x0000000080007488      0x1e0 http.o
                0x0000000080007488                tcp_readln
 .text.tcp_socket
                0x0000000080007668       0xec http.o
                0x0000000080007668                tcp_socket
 .text.tcp_connect
                0x0000000080007754      0x210 http.o
                0x0000000080007754                tcp_connect
 .text.http_request
                0x0000000080007964      0x348 http.o
                0x0000000080007964                http_request
 .text.console_setup
                0x0000000080007cac       0xbc installmii_core.o
                0x0000000080007cac                console_setup
 .text.debug_printf
                0x0000000080007d68      0x108 installmii_core.o
                0x0000000080007d68                debug_printf
 .text.install_ticket
                0x0000000080007e70       0x70 installmii_core.o
                0x0000000080007e70                install_ticket
 .text.print_tmd_summary
                0x0000000080007ee0       0xdc installmii_core.o
                0x0000000080007ee0                print_tmd_summary
 .text.install_nus_object
                0x0000000080007fbc      0x500 installmii_core.o
                0x0000000080007fbc                install_nus_object
 .text.install  0x00000000800084bc      0x1b4 installmii_core.o
                0x00000000800084bc                install
 .text.save_nus_object
                0x0000000080008670      0x1e4 installmii_core.o
                0x0000000080008670                save_nus_object
 .text.create_temp_dir
                0x0000000080008854       0x60 installmii_core.o
                0x0000000080008854                create_temp_dir
 .text.get_nus_object
                0x00000000800088b4       0xd4 installmii_core.o
                0x00000000800088b4                get_nus_object
 .text.printvers
                0x0000000080008988       0x1c installmii_core.o
                0x0000000080008988                printvers
 .text.main     0x00000000800089a4      0x5dc installmii_core.o
                0x00000000800089a4                main
 .text.__console_clear_line
                0x0000000080008f80       0xc4 /opt/devkitpro/libogc/lib/wii/libogc.a(console.o)
 .text.__console_clear
                0x0000000080009044       0x94 /opt/devkitpro/libogc/lib/wii/libogc.a(console.o)
 .text.CON_EnableGecko
                0x00000000800090d8       0xdc /opt/devkitpro/libogc/lib/wii/libogc.a(console.o)
                0x00000000800090d8                CON_EnableGecko
 .text.__console_init
                0x00000000800091b4      0x110 /opt/devkitpro/libogc/lib/wii/libogc.a(console.o)
                0x00000000800091b4                __console_init
 .text.__console_init_ex
                0x00000000800092c4      0x12c /opt/devkitpro/libogc/lib/wii/libogc.a(console.o)
                0x00000000800092c4                __console_init_ex
 .text.CON_InitEx
                0x00000000800093f0       0xbc /opt/devkitpro/libogc/lib/wii/libogc.a(console.o)
                0x00000000800093f0                CON_InitEx
 .text.__console_write
                0x00000000800094ac      0x798 /opt/devkitpro/libogc/lib/wii/libogc.a(console.o)
                0x00000000800094ac                __console_write
 .text.__console_vipostcb
                0x0000000080009c44       0xbc /opt/devkitpro/libogc/lib/wii/libogc.a(console.o)
                0x0000000080009c44                __console_vipostcb
 .text.VIDEO_GetCurrentFramebuffer
                0x0000000080009d00        0x8 /opt/devkitpro/libogc/lib/wii/libogc.a(video.o)
                0x0000000080009d00                VIDEO_GetCurrentFramebuffer
 .text.VIDEO_Flush
                0x0000000080009d08       0xf4 /opt/devkitpro/libogc/lib/wii/libogc.a(video.o)
                0x0000000080009d08                VIDEO_Flush
 .text.VIDEO_SetBlack
                0x0000000080009dfc      0x140 /opt/devkitpro/libogc/lib/wii/libogc.a(video.o)
                0x0000000080009dfc                VIDEO_SetBlack
 .text.VIDEO_GetCurrentTvMode
                0x0000000080009f3c       0x6c /opt/devkitpro/libogc/lib/wii/libogc.a(video.o)
                0x0000000080009f3c                VIDEO_GetCurrentTvMode
 .text.VIDEO_GetCurrentLine
                0x0000000080009fa8       0xa4 /opt/devkitpro/libogc/lib/wii/libogc.a(video.o)
                0x0000000080009fa8                VIDEO_GetCurrentLine
 .text.VIDEO_SetPostRetraceCallback
                0x000000008000a04c       0x44 /opt/devkitpro/libogc/lib/wii/libogc.a(video.o)
                0x000000008000a04c                VIDEO_SetPostRetraceCallback
 .text.VIDEO_GetFrameBufferSize
                0x000000008000a090       0x2c /opt/devkitpro/libogc/lib/wii/libogc.a(video.o)
                0x000000008000a090                VIDEO_GetFrameBufferSize
 .text.VIDEO_ClearFrameBuffer
                0x000000008000a0bc       0x50 /opt/devkitpro/libogc/lib/wii/libogc.a(video.o)
                0x000000008000a0bc                VIDEO_ClearFrameBuffer
 .text.VIDEO_GetPreferredMode
                0x000000008000a10c       0xd8 /opt/devkitpro/libogc/lib/wii/libogc.a(video.o)
                0x000000008000a10c                VIDEO_GetPreferredMode
 .text.VIDEO_WaitVSync
                0x000000008000a1e4       0x7c /opt/devkitpro/libogc/lib/wii/libogc.a(video.o)
                0x000000008000a1e4                VIDEO_WaitVSync
 .text.T.167    0x000000008000a260      0x544 /opt/devkitpro/libogc/lib/wii/libogc.a(video.o)
 .text.T.164    0x000000008000a7a4       0x4c /opt/devkitpro/libogc/lib/wii/libogc.a(video.o)
 .text.__VIWriteI2CRegister8
                0x000000008000a7f0       0x38 /opt/devkitpro/libogc/lib/wii/libogc.a(video.o)
 .text.__VISetYUVSEL
                0x000000008000a828       0x68 /opt/devkitpro/libogc/lib/wii/libogc.a(video.o)
 .text.__VIRetraceHandler
                0x000000008000a890      0x2fc /opt/devkitpro/libogc/lib/wii/libogc.a(video.o)
 .text.__VIWriteI2CRegister16
                0x000000008000ab8c       0x44 /opt/devkitpro/libogc/lib/wii/libogc.a(video.o)
 .text.__VIWriteI2CRegisterBuf
                0x000000008000abd0       0x50 /opt/devkitpro/libogc/lib/wii/libogc.a(video.o)
 .text.VIDEO_Init
                0x000000008000ac20      0x810 /opt/devkitpro/libogc/lib/wii/libogc.a(video.o)
                0x000000008000ac20                VIDEO_Init
 .text.VIDEO_Configure
                0x000000008000b430      0x85c /opt/devkitpro/libogc/lib/wii/libogc.a(video.o)
                0x000000008000b430                VIDEO_Configure
 .text.VIDEO_SetNextFramebuffer
                0x000000008000bc8c      0x22c /opt/devkitpro/libogc/lib/wii/libogc.a(video.o)
                0x000000008000bc8c                VIDEO_SetNextFramebuffer
 .text.VIDEO_SetFramebuffer
                0x000000008000beb8      0x314 /opt/devkitpro/libogc/lib/wii/libogc.a(video.o)
                0x000000008000beb8                VIDEO_SetFramebuffer
 .text.SPEC1_MakeStatus
                0x000000008000c1cc      0x118 /opt/devkitpro/libogc/lib/wii/libogc.a(pad.o)
 .text.SPEC2_MakeStatus
                0x000000008000c2e4      0x1dc /opt/devkitpro/libogc/lib/wii/libogc.a(pad.o)
 .text.__pad_samplinghandler
                0x000000008000c4c0        0x4 /opt/devkitpro/libogc/lib/wii/libogc.a(pad.o)
 .text.__PADDisableRecalibration
                0x000000008000c4c4       0x64 /opt/devkitpro/libogc/lib/wii/libogc.a(pad.o)
                0x000000008000c4c4                __PADDisableRecalibration
 .text.PAD_ButtonsDown
                0x000000008000c528       0x34 /opt/devkitpro/libogc/lib/wii/libogc.a(pad.o)
                0x000000008000c528                PAD_ButtonsDown
 .text.PAD_SetSamplingCallback
                0x000000008000c55c       0x68 /opt/devkitpro/libogc/lib/wii/libogc.a(pad.o)
                0x000000008000c55c                PAD_SetSamplingCallback
 .text.__pad_updateorigin
                0x000000008000c5c4       0xcc /opt/devkitpro/libogc/lib/wii/libogc.a(pad.o)
 .text.PAD_Sync
                0x000000008000c690       0x54 /opt/devkitpro/libogc/lib/wii/libogc.a(pad.o)
                0x000000008000c690                PAD_Sync
 .text.__pad_onreset
                0x000000008000c6e4       0xa8 /opt/devkitpro/libogc/lib/wii/libogc.a(pad.o)
 .text.__pad_doreset
                0x000000008000c78c       0x6c /opt/devkitpro/libogc/lib/wii/libogc.a(pad.o)
 .text.PAD_Reset
                0x000000008000c7f8      0x108 /opt/devkitpro/libogc/lib/wii/libogc.a(pad.o)
                0x000000008000c7f8                PAD_Reset
 .text.__pad_enable
                0x000000008000c900       0x5c /opt/devkitpro/libogc/lib/wii/libogc.a(pad.o)
 .text.__pad_typeandstatuscallback
                0x000000008000c95c      0x168 /opt/devkitpro/libogc/lib/wii/libogc.a(pad.o)
 .text.__pad_probecallback
                0x000000008000cac4       0x44 /opt/devkitpro/libogc/lib/wii/libogc.a(pad.o)
 .text.__pad_origincallback
                0x000000008000cb08       0x34 /opt/devkitpro/libogc/lib/wii/libogc.a(pad.o)
 .text.__pad_disable
                0x000000008000cb3c       0xc4 /opt/devkitpro/libogc/lib/wii/libogc.a(pad.o)
 .text.PAD_Read
                0x000000008000cc00      0x2e8 /opt/devkitpro/libogc/lib/wii/libogc.a(pad.o)
                0x000000008000cc00                PAD_Read
 .text.PAD_ScanPads
                0x000000008000cee8      0x154 /opt/devkitpro/libogc/lib/wii/libogc.a(pad.o)
                0x000000008000cee8                PAD_ScanPads
 .text.__pad_originupdatecallback
                0x000000008000d03c       0x7c /opt/devkitpro/libogc/lib/wii/libogc.a(pad.o)
 .text.__pad_receivecheckcallback
                0x000000008000d0b8       0xb0 /opt/devkitpro/libogc/lib/wii/libogc.a(pad.o)
 .text.PAD_Init
                0x000000008000d168      0x104 /opt/devkitpro/libogc/lib/wii/libogc.a(pad.o)
                0x000000008000d168                PAD_Init
 .text.__call_resetfuncs
                0x000000008000d26c       0xb4 /opt/devkitpro/libogc/lib/wii/libogc.a(system.o)
 .text.__MEMInterruptHandler
                0x000000008000d320       0x14 /opt/devkitpro/libogc/lib/wii/libogc.a(system.o)
 .text.__RSWDefaultHandler
                0x000000008000d334        0x4 /opt/devkitpro/libogc/lib/wii/libogc.a(system.o)
 .text.__POWDefaultHandler
                0x000000008000d338        0x4 /opt/devkitpro/libogc/lib/wii/libogc.a(system.o)
 .text.__STMEventHandler
                0x000000008000d33c       0xf8 /opt/devkitpro/libogc/lib/wii/libogc.a(system.o)
 .text.__SYS_GetIPCBufferLo
                0x000000008000d434        0x8 /opt/devkitpro/libogc/lib/wii/libogc.a(system.o)
                0x000000008000d434                __SYS_GetIPCBufferLo
 .text.__SYS_GetIPCBufferHi
                0x000000008000d43c        0x8 /opt/devkitpro/libogc/lib/wii/libogc.a(system.o)
                0x000000008000d43c                __SYS_GetIPCBufferHi
 .text.SYS_ResetButtonDown
                0x000000008000d444       0x18 /opt/devkitpro/libogc/lib/wii/libogc.a(system.o)
                0x000000008000d444                SYS_ResetButtonDown
 .text.SYS_RegisterResetFunc
                0x000000008000d45c       0x98 /opt/devkitpro/libogc/lib/wii/libogc.a(system.o)
                0x000000008000d45c                SYS_RegisterResetFunc
 .text.SYS_SetArena1Lo
                0x000000008000d4f4       0x3c /opt/devkitpro/libogc/lib/wii/libogc.a(system.o)
                0x000000008000d4f4                SYS_SetArena1Lo
 .text.SYS_GetArena1Lo
                0x000000008000d530       0x3c /opt/devkitpro/libogc/lib/wii/libogc.a(system.o)
                0x000000008000d530                SYS_GetArena1Lo
 .text.SYS_GetArena1Hi
                0x000000008000d56c       0x3c /opt/devkitpro/libogc/lib/wii/libogc.a(system.o)
                0x000000008000d56c                SYS_GetArena1Hi
 .text.SYS_SetArena2Lo
                0x000000008000d5a8       0x3c /opt/devkitpro/libogc/lib/wii/libogc.a(system.o)
                0x000000008000d5a8                SYS_SetArena2Lo
 .text.SYS_GetArena2Lo
                0x000000008000d5e4       0x3c /opt/devkitpro/libogc/lib/wii/libogc.a(system.o)
                0x000000008000d5e4                SYS_GetArena2Lo
 .text.SYS_SetArena2Hi
                0x000000008000d620       0x3c /opt/devkitpro/libogc/lib/wii/libogc.a(system.o)
                0x000000008000d620                SYS_SetArena2Hi
 .text.SYS_GetArena2Hi
                0x000000008000d65c       0x3c /opt/devkitpro/libogc/lib/wii/libogc.a(system.o)
                0x000000008000d65c                SYS_GetArena2Hi
 .text.SYS_GetHollywoodRevision
                0x000000008000d698       0x3c /opt/devkitpro/libogc/lib/wii/libogc.a(system.o)
                0x000000008000d698                SYS_GetHollywoodRevision
 .text.__sys_alarmhandler
                0x000000008000d6d4      0x118 /opt/devkitpro/libogc/lib/wii/libogc.a(system.o)
 .text.SYS_AllocateFramebuffer
                0x000000008000d7ec       0x2c /opt/devkitpro/libogc/lib/wii/libogc.a(system.o)
                0x000000008000d7ec                SYS_AllocateFramebuffer
 .text.__mem_onreset
                0x000000008000d818       0x54 /opt/devkitpro/libogc/lib/wii/libogc.a(system.o)
 .text.SYS_ResetSystem
                0x000000008000d86c      0x23c /opt/devkitpro/libogc/lib/wii/libogc.a(system.o)
                0x000000008000d86c                SYS_ResetSystem
 .text.__reload
                0x000000008000daa8       0x94 /opt/devkitpro/libogc/lib/wii/libogc.a(system.o)
                0x000000008000daa8                __reload
 .text.SYS_PreMain
                0x000000008000db3c       0x38 /opt/devkitpro/libogc/lib/wii/libogc.a(system.o)
                0x000000008000db3c                SYS_PreMain
 .text.__sram_write
                0x000000008000db74      0x148 /opt/devkitpro/libogc/lib/wii/libogc.a(system.o)
 .text.__unlocksram
                0x000000008000dcbc      0x164 /opt/devkitpro/libogc/lib/wii/libogc.a(system.o)
 .text.__SYS_UnlockSramEx
                0x000000008000de20        0x8 /opt/devkitpro/libogc/lib/wii/libogc.a(system.o)
                0x000000008000de20                __SYS_UnlockSramEx
 .text.SYS_GetWirelessID
                0x000000008000de28       0xcc /opt/devkitpro/libogc/lib/wii/libogc.a(system.o)
                0x000000008000de28                SYS_GetWirelessID
 .text.SYS_SetWirelessID
                0x000000008000def4       0x8c /opt/devkitpro/libogc/lib/wii/libogc.a(system.o)
                0x000000008000def4                SYS_SetWirelessID
 .text.__sram_writecallback
                0x000000008000df80       0x58 /opt/devkitpro/libogc/lib/wii/libogc.a(system.o)
 .text.__libogc_exit
                0x000000008000dfd8       0x38 /opt/devkitpro/libogc/lib/wii/libogc.a(system.o)
                0x000000008000dfd8                __libogc_exit
 .text.__sram_init
                0x000000008000e010      0x184 /opt/devkitpro/libogc/lib/wii/libogc.a(system.o)
                0x000000008000e010                __sram_init
 .text.SYS_Init
                0x000000008000e194      0x754 /opt/devkitpro/libogc/lib/wii/libogc.a(system.o)
                0x000000008000e194                SYS_Init
 .text.SYS_CreateAlarm
                0x000000008000e8e8       0xf8 /opt/devkitpro/libogc/lib/wii/libogc.a(system.o)
                0x000000008000e8e8                SYS_CreateAlarm
 .text.SYS_CancelAlarm
                0x000000008000e9e0       0xbc /opt/devkitpro/libogc/lib/wii/libogc.a(system.o)
                0x000000008000e9e0                SYS_CancelAlarm
 .text.SYS_SetAlarm
                0x000000008000ea9c      0x1ac /opt/devkitpro/libogc/lib/wii/libogc.a(system.o)
                0x000000008000ea9c                SYS_SetAlarm
 .text.__lwp_cond_init
                0x000000008000ec48       0x30 /opt/devkitpro/libogc/lib/wii/libogc.a(cond.o)
                0x000000008000ec48                __lwp_cond_init
 .text.__decrementer_init
                0x000000008000ec78        0x4 /opt/devkitpro/libogc/lib/wii/libogc.a(decrementer.o)
                0x000000008000ec78                __decrementer_init
 .text.c_decrementer_handler
                0x000000008000ec7c       0x28 /opt/devkitpro/libogc/lib/wii/libogc.a(decrementer.o)
                0x000000008000ec7c                c_decrementer_handler
 .text.__lwp_mqbox_init
                0x000000008000eca4       0x30 /opt/devkitpro/libogc/lib/wii/libogc.a(message.o)
                0x000000008000eca4                __lwp_mqbox_init
 .text.__si_transfer
                0x000000008000ecd4      0x1dc /opt/devkitpro/libogc/lib/wii/libogc.a(si.o)
 .text.__si_alarmhandler
                0x000000008000eeb0       0xd8 /opt/devkitpro/libogc/lib/wii/libogc.a(si.o)
 .text.SI_Busy  0x000000008000ef88       0x1c /opt/devkitpro/libogc/lib/wii/libogc.a(si.o)
                0x000000008000ef88                SI_Busy
 .text.SI_IsChanBusy
                0x000000008000efa4       0x38 /opt/devkitpro/libogc/lib/wii/libogc.a(si.o)
                0x000000008000efa4                SI_IsChanBusy
 .text.SI_EnablePolling
                0x000000008000efdc       0x80 /opt/devkitpro/libogc/lib/wii/libogc.a(si.o)
                0x000000008000efdc                SI_EnablePolling
 .text.SI_DisablePolling
                0x000000008000f05c       0x5c /opt/devkitpro/libogc/lib/wii/libogc.a(si.o)
                0x000000008000f05c                SI_DisablePolling
 .text.SI_GetStatus
                0x000000008000f0b8       0x80 /opt/devkitpro/libogc/lib/wii/libogc.a(si.o)
                0x000000008000f0b8                SI_GetStatus
 .text.SI_GetResponseRaw
                0x000000008000f138       0xd0 /opt/devkitpro/libogc/lib/wii/libogc.a(si.o)
                0x000000008000f138                SI_GetResponseRaw
 .text.SI_GetResponse
                0x000000008000f208       0xc0 /opt/devkitpro/libogc/lib/wii/libogc.a(si.o)
                0x000000008000f208                SI_GetResponse
 .text.SI_SetCommand
                0x000000008000f2c8       0x10 /opt/devkitpro/libogc/lib/wii/libogc.a(si.o)
                0x000000008000f2c8                SI_SetCommand
 .text.SI_EnablePollingInterrupt
                0x000000008000f2d8       0xbc /opt/devkitpro/libogc/lib/wii/libogc.a(si.o)
                0x000000008000f2d8                SI_EnablePollingInterrupt
 .text.SI_UnregisterPollingHandler
                0x000000008000f394      0x118 /opt/devkitpro/libogc/lib/wii/libogc.a(si.o)
                0x000000008000f394                SI_UnregisterPollingHandler
 .text.SI_RegisterPollingHandler
                0x000000008000f4ac      0x138 /opt/devkitpro/libogc/lib/wii/libogc.a(si.o)
                0x000000008000f4ac                SI_RegisterPollingHandler
 .text.__si_completetransfer
                0x000000008000f5e4      0x230 /opt/devkitpro/libogc/lib/wii/libogc.a(si.o)
 .text.__si_transfernext
                0x000000008000f814       0xfc /opt/devkitpro/libogc/lib/wii/libogc.a(si.o)
 .text.SI_Transfer
                0x000000008000f910      0x23c /opt/devkitpro/libogc/lib/wii/libogc.a(si.o)
                0x000000008000f910                SI_Transfer
 .text.__si_interrupthandler
                0x000000008000fb4c      0x258 /opt/devkitpro/libogc/lib/wii/libogc.a(si.o)
 .text.__si_gettypecallback
                0x000000008000fda4      0x2cc /opt/devkitpro/libogc/lib/wii/libogc.a(si.o)
 .text.SI_GetType
                0x0000000080010070      0x1e4 /opt/devkitpro/libogc/lib/wii/libogc.a(si.o)
                0x0000000080010070                SI_GetType
 .text.SI_GetTypeAsync
                0x0000000080010254      0x140 /opt/devkitpro/libogc/lib/wii/libogc.a(si.o)
                0x0000000080010254                SI_GetTypeAsync
 .text.SI_SetSamplingRate
                0x0000000080010394      0x154 /opt/devkitpro/libogc/lib/wii/libogc.a(si.o)
                0x0000000080010394                SI_SetSamplingRate
 .text.__si_init
                0x00000000800104e8       0xf8 /opt/devkitpro/libogc/lib/wii/libogc.a(si.o)
                0x00000000800104e8                __si_init
 .text.SI_RefreshSamplingRate
                0x00000000800105e0        0x8 /opt/devkitpro/libogc/lib/wii/libogc.a(si.o)
                0x00000000800105e0                SI_RefreshSamplingRate
 .text.__ipc_sendrequest
                0x00000000800105e8       0xf4 /opt/devkitpro/libogc/lib/wii/libogc.a(ipc.o)
 .text.__ipc_syncrequest
                0x00000000800106dc       0xec /opt/devkitpro/libogc/lib/wii/libogc.a(ipc.o)
 .text.iosAlloc
                0x00000000800107c8       0x4c /opt/devkitpro/libogc/lib/wii/libogc.a(ipc.o)
                0x00000000800107c8                iosAlloc
 .text.iosFree  0x0000000080010814       0x44 /opt/devkitpro/libogc/lib/wii/libogc.a(ipc.o)
                0x0000000080010814                iosFree
 .text.__ipc_asyncrequest
                0x0000000080010858      0x110 /opt/devkitpro/libogc/lib/wii/libogc.a(ipc.o)
 .text.IOS_Open
                0x0000000080010968       0xbc /opt/devkitpro/libogc/lib/wii/libogc.a(ipc.o)
                0x0000000080010968                IOS_Open
 .text.__ipc_interrupthandler
                0x0000000080010a24      0x2e8 /opt/devkitpro/libogc/lib/wii/libogc.a(ipc.o)
 .text.__IPC_Init
                0x0000000080010d0c       0x48 /opt/devkitpro/libogc/lib/wii/libogc.a(ipc.o)
                0x0000000080010d0c                __IPC_Init
 .text.iosCreateHeap
                0x0000000080010d54      0x140 /opt/devkitpro/libogc/lib/wii/libogc.a(ipc.o)
                0x0000000080010d54                iosCreateHeap
 .text.__IPC_ClntInit
                0x0000000080010e94       0x70 /opt/devkitpro/libogc/lib/wii/libogc.a(ipc.o)
                0x0000000080010e94                __IPC_ClntInit
 .text.IOS_Read
                0x0000000080010f04       0xb4 /opt/devkitpro/libogc/lib/wii/libogc.a(ipc.o)
                0x0000000080010f04                IOS_Read
 .text.IOS_IoctlAsync
                0x0000000080010fb8      0x124 /opt/devkitpro/libogc/lib/wii/libogc.a(ipc.o)
                0x0000000080010fb8                IOS_IoctlAsync
 .text.IOS_Write
                0x00000000800110dc       0xb4 /opt/devkitpro/libogc/lib/wii/libogc.a(ipc.o)
                0x00000000800110dc                IOS_Write
 .text.IOS_IoctlvReboot
                0x0000000080011190      0x190 /opt/devkitpro/libogc/lib/wii/libogc.a(ipc.o)
                0x0000000080011190                IOS_IoctlvReboot
 .text.IOS_Ioctl
                0x0000000080011320       0xf4 /opt/devkitpro/libogc/lib/wii/libogc.a(ipc.o)
                0x0000000080011320                IOS_Ioctl
 .text.IOS_Ioctlv
                0x0000000080011414      0x18c /opt/devkitpro/libogc/lib/wii/libogc.a(ipc.o)
                0x0000000080011414                IOS_Ioctlv
 .text.IOS_Close
                0x00000000800115a0       0x80 /opt/devkitpro/libogc/lib/wii/libogc.a(ipc.o)
                0x00000000800115a0                IOS_Close
 .text.__ioctlvfmtCB
                0x0000000080011620      0x110 /opt/devkitpro/libogc/lib/wii/libogc.a(ipc.o)
 .text.__ios_ioctlvformat_parse
                0x0000000080011730      0x888 /opt/devkitpro/libogc/lib/wii/libogc.a(ipc.o)
 .text.IOS_IoctlvFormat
                0x0000000080011fb8      0x178 /opt/devkitpro/libogc/lib/wii/libogc.a(ipc.o)
                0x0000000080011fb8                IOS_IoctlvFormat
 .text.gettick  0x0000000080012130        0x8 /opt/devkitpro/libogc/lib/wii/libogc.a(timesupp.o)
                0x0000000080012130                gettick
 .text.gettime  0x0000000080012138       0x18 /opt/devkitpro/libogc/lib/wii/libogc.a(timesupp.o)
                0x0000000080012138                gettime
 .text.diff_usec
                0x0000000080012150       0xa0 /opt/devkitpro/libogc/lib/wii/libogc.a(timesupp.o)
                0x0000000080012150                diff_usec
 .text.udelay   0x00000000800121f0      0x110 /opt/devkitpro/libogc/lib/wii/libogc.a(timesupp.o)
                0x00000000800121f0                udelay
 .text.__time_exi_unlock
                0x0000000080012300       0x28 /opt/devkitpro/libogc/lib/wii/libogc.a(timesupp.o)
 .text.__getrtc
                0x0000000080012328      0x120 /opt/devkitpro/libogc/lib/wii/libogc.a(timesupp.o)
 .text.time     0x0000000080012448      0x15c /opt/devkitpro/libogc/lib/wii/libogc.a(timesupp.o)
                0x0000000080012448                time
 .text.__libogc_gettod_r
                0x00000000800125a4       0x78 /opt/devkitpro/libogc/lib/wii/libogc.a(timesupp.o)
                0x00000000800125a4                __libogc_gettod_r
 .text.nanosleep
                0x000000008001261c      0x130 /opt/devkitpro/libogc/lib/wii/libogc.a(timesupp.o)
                0x000000008001261c                nanosleep
 .text.usleep   0x000000008001274c       0x64 /opt/devkitpro/libogc/lib/wii/libogc.a(timesupp.o)
                0x000000008001274c                usleep
 .text.__timesystem_init
                0x00000000800127b0       0x38 /opt/devkitpro/libogc/lib/wii/libogc.a(timesupp.o)
                0x00000000800127b0                __timesystem_init
 .text.__libogc_lock_release
                0x00000000800127e8       0x3c /opt/devkitpro/libogc/lib/wii/libogc.a(lock_supp.o)
                0x00000000800127e8                __libogc_lock_release
 .text.__libogc_lock_acquire
                0x0000000080012824       0x3c /opt/devkitpro/libogc/lib/wii/libogc.a(lock_supp.o)
                0x0000000080012824                __libogc_lock_acquire
 .text.__libogc_lock_close
                0x0000000080012860       0x50 /opt/devkitpro/libogc/lib/wii/libogc.a(lock_supp.o)
                0x0000000080012860                __libogc_lock_close
 .text.__libogc_lock_init
                0x00000000800128b0       0x64 /opt/devkitpro/libogc/lib/wii/libogc.a(lock_supp.o)
                0x00000000800128b0                __libogc_lock_init
 .text.__libc_create_hook
                0x0000000080012914       0x10 /opt/devkitpro/libogc/lib/wii/libogc.a(newlibc.o)
                0x0000000080012914                __libc_create_hook
 .text.__libc_init
                0x0000000080012924       0xe4 /opt/devkitpro/libogc/lib/wii/libogc.a(newlibc.o)
                0x0000000080012924                __libc_init
 .text.__libc_delete_hook
                0x0000000080012a08       0xbc /opt/devkitpro/libogc/lib/wii/libogc.a(newlibc.o)
                0x0000000080012a08                __libc_delete_hook
 .text.__libc_start_hook
                0x0000000080012ac4      0x1c0 /opt/devkitpro/libogc/lib/wii/libogc.a(newlibc.o)
                0x0000000080012ac4                __libc_start_hook
 .text.__usbgecko_exi_unlock
                0x0000000080012c84       0x30 /opt/devkitpro/libogc/lib/wii/libogc.a(usbgecko.o)
 .text.usb_isgeckoalive
                0x0000000080012cb4      0x1c4 /opt/devkitpro/libogc/lib/wii/libogc.a(usbgecko.o)
                0x0000000080012cb4                usb_isgeckoalive
 .text.usb_sendbuffer
                0x0000000080012e78      0x1b8 /opt/devkitpro/libogc/lib/wii/libogc.a(usbgecko.o)
                0x0000000080012e78                usb_sendbuffer
 .text.__usb_recvbyte
                0x0000000080013030       0xf4 /opt/devkitpro/libogc/lib/wii/libogc.a(usbgecko.o)
 .text.usb_flush
                0x0000000080013124      0x100 /opt/devkitpro/libogc/lib/wii/libogc.a(usbgecko.o)
                0x0000000080013124                usb_flush
 .text.__usb_checksend
                0x0000000080013224       0xd0 /opt/devkitpro/libogc/lib/wii/libogc.a(usbgecko.o)
                0x0000000080013224                __usb_checksend
 .text.usb_sendbuffer_safe
                0x00000000800132f4      0x1c0 /opt/devkitpro/libogc/lib/wii/libogc.a(usbgecko.o)
                0x00000000800132f4                usb_sendbuffer_safe
 .text.__libogc_sbrk_r
                0x00000000800134b4      0x1b4 /opt/devkitpro/libogc/lib/wii/libogc.a(sbrk.o)
                0x00000000800134b4                __libogc_sbrk_r
 .text.__libogc_malloc_unlock
                0x0000000080013668       0x6c /opt/devkitpro/libogc/lib/wii/libogc.a(malloc_lock.o)
                0x0000000080013668                __libogc_malloc_unlock
 .text.__libogc_malloc_lock
                0x00000000800136d4      0x234 /opt/devkitpro/libogc/lib/wii/libogc.a(malloc_lock.o)
                0x00000000800136d4                __libogc_malloc_lock
 .text.__memlock_init
                0x0000000080013908       0x6c /opt/devkitpro/libogc/lib/wii/libogc.a(malloc_lock.o)
                0x0000000080013908                __memlock_init
 .text.STM_RegisterEventHandler
                0x0000000080013974       0x10 /opt/devkitpro/libogc/lib/wii/libogc.a(stm.o)
                0x0000000080013974                STM_RegisterEventHandler
 .text.STM_RebootSystem
                0x0000000080013984       0x68 /opt/devkitpro/libogc/lib/wii/libogc.a(stm.o)
                0x0000000080013984                STM_RebootSystem
 .text.STM_SetLedMode
                0x00000000800139ec       0x58 /opt/devkitpro/libogc/lib/wii/libogc.a(stm.o)
                0x00000000800139ec                STM_SetLedMode
 .text.STM_ShutdownToStandby
                0x0000000080013a44       0x68 /opt/devkitpro/libogc/lib/wii/libogc.a(stm.o)
                0x0000000080013a44                STM_ShutdownToStandby
 .text.__STM_ReleaseEventHook
                0x0000000080013aac       0x7c /opt/devkitpro/libogc/lib/wii/libogc.a(stm.o)
                0x0000000080013aac                __STM_ReleaseEventHook
 .text.STM_ShutdownToIdle
                0x0000000080013b28       0xc4 /opt/devkitpro/libogc/lib/wii/libogc.a(stm.o)
                0x0000000080013b28                STM_ShutdownToIdle
 .text.__STM_SetEventHook
                0x0000000080013bec       0xd8 /opt/devkitpro/libogc/lib/wii/libogc.a(stm.o)
                0x0000000080013bec                __STM_SetEventHook
 .text.__STMEventHandler
                0x0000000080013cc4       0x60 /opt/devkitpro/libogc/lib/wii/libogc.a(stm.o)
 .text.__STM_Close
                0x0000000080013d24       0x88 /opt/devkitpro/libogc/lib/wii/libogc.a(stm.o)
                0x0000000080013d24                __STM_Close
 .text.__STM_Init
                0x0000000080013dac       0x90 /opt/devkitpro/libogc/lib/wii/libogc.a(stm.o)
                0x0000000080013dac                __STM_Init
 .text.__IOS_LoadStartupIOS
                0x0000000080013e3c        0x8 /opt/devkitpro/libogc/lib/wii/libogc.a(ios.o)
                0x0000000080013e3c                __IOS_LoadStartupIOS
 .text.__IOS_ShutdownSubsystems
                0x0000000080013e44       0x48 /opt/devkitpro/libogc/lib/wii/libogc.a(ios.o)
                0x0000000080013e44                __IOS_ShutdownSubsystems
 .text.__IOS_InitializeSubsystems
                0x0000000080013e8c       0x48 /opt/devkitpro/libogc/lib/wii/libogc.a(ios.o)
                0x0000000080013e8c                __IOS_InitializeSubsystems
 .text.ES_NextCert
                0x0000000080013ed4       0x60 /opt/devkitpro/libogc/lib/wii/libogc.a(es.o)
                0x0000000080013ed4                ES_NextCert
 .text.__ES_sanity_check_certlist
                0x0000000080013f34       0x68 /opt/devkitpro/libogc/lib/wii/libogc.a(es.o)
                0x0000000080013f34                __ES_sanity_check_certlist
 .text.ES_CloseContent
                0x0000000080013f9c       0x58 /opt/devkitpro/libogc/lib/wii/libogc.a(es.o)
                0x0000000080013f9c                ES_CloseContent
 .text.ES_SeekContent
                0x0000000080013ff4       0x64 /opt/devkitpro/libogc/lib/wii/libogc.a(es.o)
                0x0000000080013ff4                ES_SeekContent
 .text.ES_ReadContent
                0x0000000080014058       0x90 /opt/devkitpro/libogc/lib/wii/libogc.a(es.o)
                0x0000000080014058                ES_ReadContent
 .text.ES_OpenTitleContent
                0x00000000800140e8       0x70 /opt/devkitpro/libogc/lib/wii/libogc.a(es.o)
                0x00000000800140e8                ES_OpenTitleContent
 .text.ES_OpenContent
                0x0000000080014158       0x48 /opt/devkitpro/libogc/lib/wii/libogc.a(es.o)
                0x0000000080014158                ES_OpenContent
 .text.ES_AddTitleCancel
                0x00000000800141a0       0x44 /opt/devkitpro/libogc/lib/wii/libogc.a(es.o)
                0x00000000800141a0                ES_AddTitleCancel
 .text.ES_AddTitleFinish
                0x00000000800141e4       0x44 /opt/devkitpro/libogc/lib/wii/libogc.a(es.o)
                0x00000000800141e4                ES_AddTitleFinish
 .text.ES_AddContentFinish
                0x0000000080014228       0x48 /opt/devkitpro/libogc/lib/wii/libogc.a(es.o)
                0x0000000080014228                ES_AddContentFinish
 .text.ES_AddContentData
                0x0000000080014270       0x90 /opt/devkitpro/libogc/lib/wii/libogc.a(es.o)
                0x0000000080014270                ES_AddContentData
 .text.ES_AddContentStart
                0x0000000080014300       0x54 /opt/devkitpro/libogc/lib/wii/libogc.a(es.o)
                0x0000000080014300                ES_AddContentStart
 .text.ES_AddTitleStart
                0x0000000080014354      0x19c /opt/devkitpro/libogc/lib/wii/libogc.a(es.o)
                0x0000000080014354                ES_AddTitleStart
 .text.ES_AddTicket
                0x00000000800144f0      0x160 /opt/devkitpro/libogc/lib/wii/libogc.a(es.o)
                0x00000000800144f0                ES_AddTicket
 .text.ES_GetStoredTMD
                0x0000000080014650       0x9c /opt/devkitpro/libogc/lib/wii/libogc.a(es.o)
                0x0000000080014650                ES_GetStoredTMD
 .text.ES_GetStoredTMDSize
                0x00000000800146ec       0x80 /opt/devkitpro/libogc/lib/wii/libogc.a(es.o)
                0x00000000800146ec                ES_GetStoredTMDSize
 .text.ES_GetTicketViews
                0x000000008001476c       0x94 /opt/devkitpro/libogc/lib/wii/libogc.a(es.o)
                0x000000008001476c                ES_GetTicketViews
 .text.ES_GetNumTicketViews
                0x0000000080014800       0x80 /opt/devkitpro/libogc/lib/wii/libogc.a(es.o)
                0x0000000080014800                ES_GetNumTicketViews
 .text.ES_GetTitleID
                0x0000000080014880       0x7c /opt/devkitpro/libogc/lib/wii/libogc.a(es.o)
                0x0000000080014880                ES_GetTitleID
 .text.ES_LaunchTitle
                0x00000000800148fc       0xac /opt/devkitpro/libogc/lib/wii/libogc.a(es.o)
                0x00000000800148fc                ES_LaunchTitle
 .text.__ES_Close
                0x00000000800149a8       0x6c /opt/devkitpro/libogc/lib/wii/libogc.a(es.o)
                0x00000000800149a8                __ES_Close
 .text.__ES_Init
                0x0000000080014a14       0x70 /opt/devkitpro/libogc/lib/wii/libogc.a(es.o)
                0x0000000080014a14                __ES_Init
 .text._ES_decodepath
                0x0000000080014a84      0x344 /opt/devkitpro/libogc/lib/wii/libogc.a(es.o)
 .text._ES_fillstat
                0x0000000080014dc8      0x148 /opt/devkitpro/libogc/lib/wii/libogc.a(es.o)
 .text._ES_stat_r
                0x0000000080014f10       0x64 /opt/devkitpro/libogc/lib/wii/libogc.a(es.o)
 .text._ES_fstat_r
                0x0000000080014f74       0x8c /opt/devkitpro/libogc/lib/wii/libogc.a(es.o)
 .text._ES_seek_r
                0x0000000080015000       0xc0 /opt/devkitpro/libogc/lib/wii/libogc.a(es.o)
 .text._ES_read_r
                0x00000000800150c0      0x1a8 /opt/devkitpro/libogc/lib/wii/libogc.a(es.o)
 .text._ES_close_r
                0x0000000080015268       0x8c /opt/devkitpro/libogc/lib/wii/libogc.a(es.o)
 .text._ES_open_r
                0x00000000800152f4      0x138 /opt/devkitpro/libogc/lib/wii/libogc.a(es.o)
 .text.ISFS_CreateFile
                0x000000008001542c      0x100 /opt/devkitpro/libogc/lib/wii/libogc.a(isfs.o)
                0x000000008001542c                ISFS_CreateFile
 .text.ISFS_CreateDir
                0x000000008001552c      0x100 /opt/devkitpro/libogc/lib/wii/libogc.a(isfs.o)
                0x000000008001552c                ISFS_CreateDir
 .text.ISFS_Close
                0x000000008001562c       0x34 /opt/devkitpro/libogc/lib/wii/libogc.a(isfs.o)
                0x000000008001562c                ISFS_Close
 .text.ISFS_Read
                0x0000000080015660       0x40 /opt/devkitpro/libogc/lib/wii/libogc.a(isfs.o)
                0x0000000080015660                ISFS_Read
 .text.ISFS_Write
                0x00000000800156a0       0x40 /opt/devkitpro/libogc/lib/wii/libogc.a(isfs.o)
                0x00000000800156a0                ISFS_Write
 .text.ISFS_Open
                0x00000000800156e0       0xc0 /opt/devkitpro/libogc/lib/wii/libogc.a(isfs.o)
                0x00000000800156e0                ISFS_Open
 .text.ISFS_Initialize
                0x00000000800157a0       0x7c /opt/devkitpro/libogc/lib/wii/libogc.a(isfs.o)
                0x00000000800157a0                ISFS_Initialize
 .text.__CheckARGV
                0x000000008001581c       0x94 /opt/devkitpro/libogc/lib/wii/libogc.a(argv.o)
                0x000000008001581c                __CheckARGV
 .text.net_fcntl
                0x00000000800158b0       0xbc /opt/devkitpro/libogc/lib/wii/libogc.a(network_wii.o)
                0x00000000800158b0                net_fcntl
 .text.net_close
                0x000000008001596c       0xa8 /opt/devkitpro/libogc/lib/wii/libogc.a(network_wii.o)
                0x000000008001596c                net_close
 .text.net_malloc
                0x0000000080015a14       0x2c /opt/devkitpro/libogc/lib/wii/libogc.a(network_wii.o)
 .text.net_free
                0x0000000080015a40       0x2c /opt/devkitpro/libogc/lib/wii/libogc.a(network_wii.o)
 .text.net_setsockopt
                0x0000000080015a6c      0x120 /opt/devkitpro/libogc/lib/wii/libogc.a(network_wii.o)
                0x0000000080015a6c                net_setsockopt
 .text.net_socket
                0x0000000080015b8c      0x124 /opt/devkitpro/libogc/lib/wii/libogc.a(network_wii.o)
                0x0000000080015b8c                net_socket
 .text.net_connect
                0x0000000080015cb0      0x110 /opt/devkitpro/libogc/lib/wii/libogc.a(network_wii.o)
                0x0000000080015cb0                net_connect
 .text.net_recvfrom
                0x0000000080015dc0      0x1b8 /opt/devkitpro/libogc/lib/wii/libogc.a(network_wii.o)
                0x0000000080015dc0                net_recvfrom
 .text.net_read
                0x0000000080015f78       0x10 /opt/devkitpro/libogc/lib/wii/libogc.a(network_wii.o)
                0x0000000080015f78                net_read
 .text.net_sendto
                0x0000000080015f88      0x1c8 /opt/devkitpro/libogc/lib/wii/libogc.a(network_wii.o)
                0x0000000080015f88                net_sendto
 .text.net_send
                0x0000000080016150        0xc /opt/devkitpro/libogc/lib/wii/libogc.a(network_wii.o)
                0x0000000080016150                net_send
 .text.net_write
                0x000000008001615c        0x8 /opt/devkitpro/libogc/lib/wii/libogc.a(network_wii.o)
                0x000000008001615c                net_write
 .text.net_gethostbyname
                0x0000000080016164      0x200 /opt/devkitpro/libogc/lib/wii/libogc.a(network_wii.o)
                0x0000000080016164                net_gethostbyname
 .text.net_gethostip
                0x0000000080016364       0x94 /opt/devkitpro/libogc/lib/wii/libogc.a(network_wii.o)
                0x0000000080016364                net_gethostip
 .text.NCDGetLinkStatus
                0x00000000800163f8      0x14c /opt/devkitpro/libogc/lib/wii/libogc.a(network_wii.o)
                0x00000000800163f8                NCDGetLinkStatus
 .text.net_init
                0x0000000080016544      0x2fc /opt/devkitpro/libogc/lib/wii/libogc.a(network_wii.o)
                0x0000000080016544                net_init
 .text.__CONF_Find
                0x0000000080016840      0x100 /opt/devkitpro/libogc/lib/wii/libogc.a(conf.o)
                0x0000000080016840                __CONF_Find
 .text.CONF_GetLength
                0x0000000080016940       0xc8 /opt/devkitpro/libogc/lib/wii/libogc.a(conf.o)
                0x0000000080016940                CONF_GetLength
 .text.CONF_Get
                0x0000000080016a08      0x138 /opt/devkitpro/libogc/lib/wii/libogc.a(conf.o)
                0x0000000080016a08                CONF_Get
 .text.CONF_GetDisplayOffsetH
                0x0000000080016b40       0x64 /opt/devkitpro/libogc/lib/wii/libogc.a(conf.o)
                0x0000000080016b40                CONF_GetDisplayOffsetH
 .text.CONF_GetCounterBias
                0x0000000080016ba4       0x64 /opt/devkitpro/libogc/lib/wii/libogc.a(conf.o)
                0x0000000080016ba4                CONF_GetCounterBias
 .text.CONF_GetEuRGB60
                0x0000000080016c08       0x58 /opt/devkitpro/libogc/lib/wii/libogc.a(conf.o)
                0x0000000080016c08                CONF_GetEuRGB60
 .text.CONF_GetProgressiveScan
                0x0000000080016c60       0x58 /opt/devkitpro/libogc/lib/wii/libogc.a(conf.o)
                0x0000000080016c60                CONF_GetProgressiveScan
 .text.CONF_GetIdleLedMode
                0x0000000080016cb8       0x5c /opt/devkitpro/libogc/lib/wii/libogc.a(conf.o)
                0x0000000080016cb8                CONF_GetIdleLedMode
 .text.CONF_GetShutdownMode
                0x0000000080016d14       0x5c /opt/devkitpro/libogc/lib/wii/libogc.a(conf.o)
                0x0000000080016d14                CONF_GetShutdownMode
 .text.__CONF_GetTxt
                0x0000000080016d70      0x178 /opt/devkitpro/libogc/lib/wii/libogc.a(conf.o)
                0x0000000080016d70                __CONF_GetTxt
 .text.CONF_GetVideo
                0x0000000080016ee8       0x9c /opt/devkitpro/libogc/lib/wii/libogc.a(conf.o)
                0x0000000080016ee8                CONF_GetVideo
 .text.CONF_Init
                0x0000000080016f84      0x150 /opt/devkitpro/libogc/lib/wii/libogc.a(conf.o)
                0x0000000080016f84                CONF_Init
 .text.__WII_WriteStateFlags
                0x00000000800170d4       0x9c /opt/devkitpro/libogc/lib/wii/libogc.a(wiilaunch.o)
 .text.WII_LaunchTitle
                0x0000000080017170       0xcc /opt/devkitpro/libogc/lib/wii/libogc.a(wiilaunch.o)
                0x0000000080017170                WII_LaunchTitle
 .text.WII_ReturnToMenu
                0x000000008001723c       0x64 /opt/devkitpro/libogc/lib/wii/libogc.a(wiilaunch.o)
                0x000000008001723c                WII_ReturnToMenu
 .text.WII_Initialize
                0x00000000800172a0      0x19c /opt/devkitpro/libogc/lib/wii/libogc.a(wiilaunch.o)
                0x00000000800172a0                WII_Initialize
 .text.__lwp_priority_init
                0x000000008001743c       0x28 /opt/devkitpro/libogc/lib/wii/libogc.a(lwp_priority.o)
                0x000000008001743c                __lwp_priority_init
 .text.__lwp_threadqueue_init
                0x0000000080017464       0x60 /opt/devkitpro/libogc/lib/wii/libogc.a(lwp_threadq.o)
                0x0000000080017464                __lwp_threadqueue_init
 .text.__lwp_threadqueue_enqueuefifo
                0x00000000800174c4      0x12c /opt/devkitpro/libogc/lib/wii/libogc.a(lwp_threadq.o)
                0x00000000800174c4                __lwp_threadqueue_enqueuefifo
 .text.__lwp_threadqueue_dequeuefifo
                0x00000000800175f0      0x14c /opt/devkitpro/libogc/lib/wii/libogc.a(lwp_threadq.o)
                0x00000000800175f0                __lwp_threadqueue_dequeuefifo
 .text.__lwp_threadqueue_extractpriority
                0x000000008001773c      0x168 /opt/devkitpro/libogc/lib/wii/libogc.a(lwp_threadq.o)
                0x000000008001773c                __lwp_threadqueue_extractpriority
 .text.__lwp_threadqueue_dequeuepriority
                0x00000000800178a4      0x200 /opt/devkitpro/libogc/lib/wii/libogc.a(lwp_threadq.o)
                0x00000000800178a4                __lwp_threadqueue_dequeuepriority
 .text.__lwp_threadqueue_dequeue
                0x0000000080017aa4       0x24 /opt/devkitpro/libogc/lib/wii/libogc.a(lwp_threadq.o)
                0x0000000080017aa4                __lwp_threadqueue_dequeue
 .text.__lwp_threadqueue_flush
                0x0000000080017ac8       0x4c /opt/devkitpro/libogc/lib/wii/libogc.a(lwp_threadq.o)
                0x0000000080017ac8                __lwp_threadqueue_flush
 .text.__lwp_threadqueue_extractfifo
                0x0000000080017b14       0xec /opt/devkitpro/libogc/lib/wii/libogc.a(lwp_threadq.o)
                0x0000000080017b14                __lwp_threadqueue_extractfifo
 .text.__lwp_threadqueue_extract
                0x0000000080017c00       0x1c /opt/devkitpro/libogc/lib/wii/libogc.a(lwp_threadq.o)
                0x0000000080017c00                __lwp_threadqueue_extract
 .text.__lwp_threadqueue_extractproxy
                0x0000000080017c1c       0x3c /opt/devkitpro/libogc/lib/wii/libogc.a(lwp_threadq.o)
                0x0000000080017c1c                __lwp_threadqueue_extractproxy
 .text.__lwp_threadqueue_timeout
                0x0000000080017c58       0x74 /opt/devkitpro/libogc/lib/wii/libogc.a(lwp_threadq.o)
 .text.__lwp_threadqueue_enqueuepriority
                0x0000000080017ccc      0x3b0 /opt/devkitpro/libogc/lib/wii/libogc.a(lwp_threadq.o)
                0x0000000080017ccc                __lwp_threadqueue_enqueuepriority
 .text.__lwp_threadqueue_enqueue
                0x000000008001807c      0x13c /opt/devkitpro/libogc/lib/wii/libogc.a(lwp_threadq.o)
                0x000000008001807c                __lwp_threadqueue_enqueue
 .text.__lwp_isr_in_progress
                0x00000000800181b8        0x8 /opt/devkitpro/libogc/lib/wii/libogc.a(lwp_threads.o)
                0x00000000800181b8                __lwp_isr_in_progress
 .text.__lwp_thread_resettimeslice
                0x00000000800181c0       0xf0 /opt/devkitpro/libogc/lib/wii/libogc.a(lwp_threads.o)
                0x00000000800181c0                __lwp_thread_resettimeslice
 .text.__lwp_thread_setstate
                0x00000000800182b0      0x158 /opt/devkitpro/libogc/lib/wii/libogc.a(lwp_threads.o)
                0x00000000800182b0                __lwp_thread_setstate
 .text.__lwp_thread_clearstate
                0x0000000080018408       0xf4 /opt/devkitpro/libogc/lib/wii/libogc.a(lwp_threads.o)
                0x0000000080018408                __lwp_thread_clearstate
 .text.__lwp_thread_delayended
                0x00000000800184fc       0x48 /opt/devkitpro/libogc/lib/wii/libogc.a(lwp_threads.o)
                0x00000000800184fc                __lwp_thread_delayended
 .text.__lwp_thread_setpriority
                0x0000000080018544       0x5c /opt/devkitpro/libogc/lib/wii/libogc.a(lwp_threads.o)
                0x0000000080018544                __lwp_thread_setpriority
 .text.__lwp_thread_settransient
                0x00000000800185a0       0xbc /opt/devkitpro/libogc/lib/wii/libogc.a(lwp_threads.o)
                0x00000000800185a0                __lwp_thread_settransient
 .text.__lwp_thread_changepriority
                0x000000008001865c      0x1b4 /opt/devkitpro/libogc/lib/wii/libogc.a(lwp_threads.o)
                0x000000008001865c                __lwp_thread_changepriority
 .text.__lwp_thread_loadenv
                0x0000000080018810       0x74 /opt/devkitpro/libogc/lib/wii/libogc.a(lwp_threads.o)
                0x0000000080018810                __lwp_thread_loadenv
 .text.__lwp_thread_ready
                0x0000000080018884       0xf4 /opt/devkitpro/libogc/lib/wii/libogc.a(lwp_threads.o)
                0x0000000080018884                __lwp_thread_ready
 .text.__lwp_thread_coreinit
                0x0000000080018978       0x84 /opt/devkitpro/libogc/lib/wii/libogc.a(lwp_threads.o)
                0x0000000080018978                __lwp_thread_coreinit
 .text.__thread_dispatch
                0x00000000800189fc      0x100 /opt/devkitpro/libogc/lib/wii/libogc.a(lwp_threads.o)
                0x00000000800189fc                __thread_dispatch
 .text.__lwp_thread_stopmultitasking
                0x0000000080018afc       0x5c /opt/devkitpro/libogc/lib/wii/libogc.a(lwp_threads.o)
                0x0000000080018afc                __lwp_thread_stopmultitasking
 .text.__lwp_thread_start
                0x0000000080018b58       0x60 /opt/devkitpro/libogc/lib/wii/libogc.a(lwp_threads.o)
                0x0000000080018b58                __lwp_thread_start
 .text.__lwp_thread_close
                0x0000000080018bb8      0x13c /opt/devkitpro/libogc/lib/wii/libogc.a(lwp_threads.o)
                0x0000000080018bb8                __lwp_thread_close
 .text.__lwp_thread_exit
                0x0000000080018cf4       0x60 /opt/devkitpro/libogc/lib/wii/libogc.a(lwp_threads.o)
                0x0000000080018cf4                __lwp_thread_exit
 .text.__lwp_thread_handler
                0x0000000080018d54       0x78 /opt/devkitpro/libogc/lib/wii/libogc.a(lwp_threads.o)
 .text.__lwp_thread_closeall
                0x0000000080018dcc       0xcc /opt/devkitpro/libogc/lib/wii/libogc.a(lwp_threads.o)
                0x0000000080018dcc                __lwp_thread_closeall
 .text.__lwp_thread_init
                0x0000000080018e98      0x11c /opt/devkitpro/libogc/lib/wii/libogc.a(lwp_threads.o)
                0x0000000080018e98                __lwp_thread_init
 .text.__thread_dispatch_fp
                0x0000000080018fb4       0x90 /opt/devkitpro/libogc/lib/wii/libogc.a(lwp_threads.o)
                0x0000000080018fb4                __thread_dispatch_fp
 .text.__lwp_thread_startmultitasking
                0x0000000080019044       0xac /opt/devkitpro/libogc/lib/wii/libogc.a(lwp_threads.o)
                0x0000000080019044                __lwp_thread_startmultitasking
 .text.__lwp_thread_tickle_timeslice
                0x00000000800190f0       0xd4 /opt/devkitpro/libogc/lib/wii/libogc.a(lwp_threads.o)
                0x00000000800190f0                __lwp_thread_tickle_timeslice
 .text.idle_func
                0x00000000800191c4        0x4 /opt/devkitpro/libogc/lib/wii/libogc.a(lwp.o)
 .text.__lwp_thread_dispatchenable
                0x00000000800191c8       0x38 /opt/devkitpro/libogc/lib/wii/libogc.a(lwp.o)
 .text.LWP_InitQueue
                0x0000000080019200       0xbc /opt/devkitpro/libogc/lib/wii/libogc.a(lwp.o)
                0x0000000080019200                LWP_InitQueue
 .text.__lwp_sysinit
                0x00000000800192bc      0x118 /opt/devkitpro/libogc/lib/wii/libogc.a(lwp.o)
                0x00000000800192bc                __lwp_sysinit
 .text.LWP_ThreadBroadcast
                0x00000000800193d4       0x98 /opt/devkitpro/libogc/lib/wii/libogc.a(lwp.o)
                0x00000000800193d4                LWP_ThreadBroadcast
 .text.LWP_CloseQueue
                0x000000008001946c       0xdc /opt/devkitpro/libogc/lib/wii/libogc.a(lwp.o)
                0x000000008001946c                LWP_CloseQueue
 .text.LWP_ThreadSignal
                0x0000000080019548       0x80 /opt/devkitpro/libogc/lib/wii/libogc.a(lwp.o)
                0x0000000080019548                LWP_ThreadSignal
 .text.LWP_ThreadSleep
                0x00000000800195c8       0xf4 /opt/devkitpro/libogc/lib/wii/libogc.a(lwp.o)
                0x00000000800195c8                LWP_ThreadSleep
 .text.__lwp_stack_free
                0x00000000800196bc       0x38 /opt/devkitpro/libogc/lib/wii/libogc.a(lwp_stack.o)
                0x00000000800196bc                __lwp_stack_free
 .text.__lwp_stack_allocate
                0x00000000800196f4       0x68 /opt/devkitpro/libogc/lib/wii/libogc.a(lwp_stack.o)
                0x00000000800196f4                __lwp_stack_allocate
 .text.__lwp_mutex_flush
                0x000000008001975c       0x20 /opt/devkitpro/libogc/lib/wii/libogc.a(lwp_mutex.o)
                0x000000008001975c                __lwp_mutex_flush
 .text.__lwp_mutex_seize_irq_blocking
                0x000000008001977c       0xec /opt/devkitpro/libogc/lib/wii/libogc.a(lwp_mutex.o)
                0x000000008001977c                __lwp_mutex_seize_irq_blocking
 .text.__lwp_mutex_surrender
                0x0000000080019868      0x158 /opt/devkitpro/libogc/lib/wii/libogc.a(lwp_mutex.o)
                0x0000000080019868                __lwp_mutex_surrender
 .text.__lwp_mutex_initialize
                0x00000000800199c0       0xc4 /opt/devkitpro/libogc/lib/wii/libogc.a(lwp_mutex.o)
                0x00000000800199c0                __lwp_mutex_initialize
 .text.__lwp_watchdog_init
                0x0000000080019a84       0x2c /opt/devkitpro/libogc/lib/wii/libogc.a(lwp_watchdog.o)
                0x0000000080019a84                __lwp_watchdog_init
 .text.__lwp_wd_settimer
                0x0000000080019ab0       0xe4 /opt/devkitpro/libogc/lib/wii/libogc.a(lwp_watchdog.o)
 .text.__lwp_wd_remove
                0x0000000080019b94      0x138 /opt/devkitpro/libogc/lib/wii/libogc.a(lwp_watchdog.o)
                0x0000000080019b94                __lwp_wd_remove
 .text.__lwp_wd_insert
                0x0000000080019ccc      0x1e8 /opt/devkitpro/libogc/lib/wii/libogc.a(lwp_watchdog.o)
                0x0000000080019ccc                __lwp_wd_insert
 .text.__lwp_wd_tickle
                0x0000000080019eb4      0x134 /opt/devkitpro/libogc/lib/wii/libogc.a(lwp_watchdog.o)
                0x0000000080019eb4                __lwp_wd_tickle
 .text.__lwp_wkspace_init
                0x0000000080019fe8       0xc8 /opt/devkitpro/libogc/lib/wii/libogc.a(lwp_wkspace.o)
                0x0000000080019fe8                __lwp_wkspace_init
 .text.__lwp_objmgr_getisrdisable
                0x000000008001a0b0       0x68 /opt/devkitpro/libogc/lib/wii/libogc.a(lwp_objmgr.o)
                0x000000008001a0b0                __lwp_objmgr_getisrdisable
 .text.__lwp_objmgr_getnoprotection
                0x000000008001a118       0x24 /opt/devkitpro/libogc/lib/wii/libogc.a(lwp_objmgr.o)
                0x000000008001a118                __lwp_objmgr_getnoprotection
 .text.__lwp_objmgr_allocate
                0x000000008001a13c       0x78 /opt/devkitpro/libogc/lib/wii/libogc.a(lwp_objmgr.o)
                0x000000008001a13c                __lwp_objmgr_allocate
 .text.__lwp_objmgr_free
                0x000000008001a1b4       0x64 /opt/devkitpro/libogc/lib/wii/libogc.a(lwp_objmgr.o)
                0x000000008001a1b4                __lwp_objmgr_free
 .text.__lwp_objmgr_get
                0x000000008001a218       0x78 /opt/devkitpro/libogc/lib/wii/libogc.a(lwp_objmgr.o)
                0x000000008001a218                __lwp_objmgr_get
 .text.__lwp_objmgr_initinfo
                0x000000008001a290      0x18c /opt/devkitpro/libogc/lib/wii/libogc.a(lwp_objmgr.o)
                0x000000008001a290                __lwp_objmgr_initinfo
 .text.__lwp_heap_init
                0x000000008001a41c       0xa0 /opt/devkitpro/libogc/lib/wii/libogc.a(lwp_heap.o)
                0x000000008001a41c                __lwp_heap_init
 .text.__lwp_heap_allocate
                0x000000008001a4bc      0x174 /opt/devkitpro/libogc/lib/wii/libogc.a(lwp_heap.o)
                0x000000008001a4bc                __lwp_heap_allocate
 .text.__lwp_heap_free
                0x000000008001a630      0x1e0 /opt/devkitpro/libogc/lib/wii/libogc.a(lwp_heap.o)
                0x000000008001a630                __lwp_heap_free
 .text.c_default_exceptionhandler
                0x000000008001a810      0x43c /opt/devkitpro/libogc/lib/wii/libogc.a(exception.o)
                0x000000008001a810                c_default_exceptionhandler
 .text.__exception_load
                0x000000008001ac4c       0xa4 /opt/devkitpro/libogc/lib/wii/libogc.a(exception.o)
                0x000000008001ac4c                __exception_load
 .text.__exception_init
                0x000000008001acf0       0xe0 /opt/devkitpro/libogc/lib/wii/libogc.a(exception.o)
                0x000000008001acf0                __exception_init
 .text.__systemcall_init
                0x000000008001add0       0x20 /opt/devkitpro/libogc/lib/wii/libogc.a(exception.o)
                0x000000008001add0                __systemcall_init
 .text.c_irqdispatcher
                0x000000008001adf0      0x294 /opt/devkitpro/libogc/lib/wii/libogc.a(irq.o)
                0x000000008001adf0                c_irqdispatcher
 .text.__SetInterrupts
                0x000000008001b084      0x294 /opt/devkitpro/libogc/lib/wii/libogc.a(irq.o)
 .text.__UnmaskIrq
                0x000000008001b318       0x8c /opt/devkitpro/libogc/lib/wii/libogc.a(irq.o)
                0x000000008001b318                __UnmaskIrq
 .text.__MaskIrq
                0x000000008001b3a4       0x8c /opt/devkitpro/libogc/lib/wii/libogc.a(irq.o)
                0x000000008001b3a4                __MaskIrq
 .text.IRQ_Request
                0x000000008001b430       0x54 /opt/devkitpro/libogc/lib/wii/libogc.a(irq.o)
                0x000000008001b430                IRQ_Request
 .text.IRQ_GetHandler
                0x000000008001b484       0x48 /opt/devkitpro/libogc/lib/wii/libogc.a(irq.o)
                0x000000008001b484                IRQ_GetHandler
 .text.__irq_init
                0x000000008001b4cc       0x94 /opt/devkitpro/libogc/lib/wii/libogc.a(irq.o)
                0x000000008001b4cc                __irq_init
 .text.__lwp_sema_init
                0x000000008001b560       0x30 /opt/devkitpro/libogc/lib/wii/libogc.a(semaphore.o)
                0x000000008001b560                __lwp_sema_init
 .text.EXI_Sync
                0x000000008001b590      0x134 /opt/devkitpro/libogc/lib/wii/libogc.a(exi.o)
                0x000000008001b590                EXI_Sync
 .text.__exi_irq_handler
                0x000000008001b6c4       0x74 /opt/devkitpro/libogc/lib/wii/libogc.a(exi.o)
 .text.__ext_irq_handler
                0x000000008001b738       0xb8 /opt/devkitpro/libogc/lib/wii/libogc.a(exi.o)
 .text.__tc_irq_handler
                0x000000008001b7f0      0x154 /opt/devkitpro/libogc/lib/wii/libogc.a(exi.o)
 .text.EXI_Detach
                0x000000008001b944       0xb4 /opt/devkitpro/libogc/lib/wii/libogc.a(exi.o)
                0x000000008001b944                EXI_Detach
 .text.__exi_probe
                0x000000008001b9f8      0x214 /opt/devkitpro/libogc/lib/wii/libogc.a(exi.o)
 .text.EXI_Select
                0x000000008001bc0c      0x1cc /opt/devkitpro/libogc/lib/wii/libogc.a(exi.o)
                0x000000008001bc0c                EXI_Select
 .text.__exi_attach
                0x000000008001bdd8       0xe8 /opt/devkitpro/libogc/lib/wii/libogc.a(exi.o)
 .text.EXI_Dma  0x000000008001bec0      0x150 /opt/devkitpro/libogc/lib/wii/libogc.a(exi.o)
                0x000000008001bec0                EXI_Dma
 .text.EXI_Imm  0x000000008001c010      0x1f4 /opt/devkitpro/libogc/lib/wii/libogc.a(exi.o)
                0x000000008001c010                EXI_Imm
 .text.EXI_ImmEx
                0x000000008001c204       0xd4 /opt/devkitpro/libogc/lib/wii/libogc.a(exi.o)
                0x000000008001c204                EXI_ImmEx
 .text.EXI_Deselect
                0x000000008001c2d8      0x154 /opt/devkitpro/libogc/lib/wii/libogc.a(exi.o)
                0x000000008001c2d8                EXI_Deselect
 .text.EXI_Unlock
                0x000000008001c42c      0x260 /opt/devkitpro/libogc/lib/wii/libogc.a(exi.o)
                0x000000008001c42c                EXI_Unlock
 .text.EXI_Lock
                0x000000008001c68c      0x204 /opt/devkitpro/libogc/lib/wii/libogc.a(exi.o)
                0x000000008001c68c                EXI_Lock
 .text.EXI_GetID
                0x000000008001c890      0x24c /opt/devkitpro/libogc/lib/wii/libogc.a(exi.o)
                0x000000008001c890                EXI_GetID
 .text.EXI_ProbeReset
                0x000000008001cadc       0x70 /opt/devkitpro/libogc/lib/wii/libogc.a(exi.o)
                0x000000008001cadc                EXI_ProbeReset
 .text.__exi_init
                0x000000008001cb4c      0x18c /opt/devkitpro/libogc/lib/wii/libogc.a(exi.o)
                0x000000008001cb4c                __exi_init
 .text.__unlocked_handler
                0x000000008001ccd8       0x28 /opt/devkitpro/libogc/lib/wii/libogc.a(exi.o)
 .text.LWP_MutexUnlock
                0x000000008001cd00       0x8c /opt/devkitpro/libogc/lib/wii/libogc.a(mutex.o)
                0x000000008001cd00                LWP_MutexUnlock
 .text.LWP_MutexDestroy
                0x000000008001cd8c      0x11c /opt/devkitpro/libogc/lib/wii/libogc.a(mutex.o)
                0x000000008001cd8c                LWP_MutexDestroy
 .text.LWP_MutexInit
                0x000000008001cea8       0xe8 /opt/devkitpro/libogc/lib/wii/libogc.a(mutex.o)
                0x000000008001cea8                LWP_MutexInit
 .text.__lwp_mutex_init
                0x000000008001cf90       0x30 /opt/devkitpro/libogc/lib/wii/libogc.a(mutex.o)
                0x000000008001cf90                __lwp_mutex_init
 .text.T.30     0x000000008001cfc0      0x298 /opt/devkitpro/libogc/lib/wii/libogc.a(mutex.o)
 .text.LWP_MutexLock
                0x000000008001d258        0x8 /opt/devkitpro/libogc/lib/wii/libogc.a(mutex.o)
                0x000000008001d258                LWP_MutexLock
 .text.__GX_SetDirtyState
                0x000000008001d260      0x6ac /opt/devkitpro/libogc/lib/wii/libogc.a(gx.o)
 .text.GX_Flush
                0x000000008001d90c       0x60 /opt/devkitpro/libogc/lib/wii/libogc.a(gx.o)
                0x000000008001d90c                GX_Flush
 .text.__GX_WaitAbort
                0x000000008001d96c       0xd4 /opt/devkitpro/libogc/lib/wii/libogc.a(gx.o)
 .text.GX_AbortFrame
                0x000000008001da40      0x36c /opt/devkitpro/libogc/lib/wii/libogc.a(gx.o)
                0x000000008001da40                GX_AbortFrame
 .text.number   0x000000008001ddac      0x38c /opt/devkitpro/libogc/lib/wii/libogc.a(kprintf.o)
 .text.kvsprintf
                0x000000008001e138      0x73c /opt/devkitpro/libogc/lib/wii/libogc.a(kprintf.o)
                0x000000008001e138                kvsprintf