Archive member included because of file (symbol)

/opt/devkitpro/libogc/lib/wii/libwiiuse.a(wpad.o)
                              installmii_core.o (WPAD_ButtonsDown)
/opt/devkitpro/libogc/lib/wii/libwiiuse.a(motion_plus.o)
                              /opt/devkitpro/libogc/lib/wii/libwiiuse.a(wpad.o) (wiiuse_set_motion_plus)
/opt/devkitpro/libogc/lib/wii/libwiiuse.a(dynamics.o)
                              /opt/devkitpro/libogc/lib/wii/libwiiuse.a(wpad.o) (calculate_gforce)
/opt/devkitpro/libogc/lib/wii/libwiiuse.a(io.o)
                              /opt/devkitpro/libogc/lib/wii/libwiiuse.a(motion_plus.o) (wiiuse_disable_expansion)
/opt/devkitpro/libogc/lib/wii/libwiiuse.a(io_wii.o)
                              /opt/devkitpro/libogc/lib/wii/libwiiuse.a(wpad.o) (wiiuse_disconnect)
/opt/devkitpro/libogc/lib/wii/libwiiuse.a(ir.o)
                              /opt/devkitpro/libogc/lib/wii/libwiiuse.a(wpad.o) (wiiuse_set_ir_vres)
/opt/devkitpro/libogc/lib/wii/libwiiuse.a(nunchuk.o)
                              /opt/devkitpro/libogc/lib/wii/libwiiuse.a(io.o) (nunchuk_disconnected)
/opt/devkitpro/libogc/lib/wii/libwiiuse.a(wiiboard.o)
                              /opt/devkitpro/libogc/lib/wii/libwiiuse.a(io.o) (wii_board_disconnected)
/opt/devkitpro/libogc/lib/wii/libwiiuse.a(wiiuse.o)
                              /opt/devkitpro/libogc/lib/wii/libwiiuse.a(wpad.o) (wiiuse_set_flags)
/opt/devkitpro/libogc/lib/wii/libwiiuse.a(speaker.o)
                              /opt/devkitpro/libogc/lib/wii/libwiiuse.a(wpad.o) (wencdata)
/opt/devkitpro/libogc/lib/wii/libwiiuse.a(classic.o)
                              /opt/devkitpro/libogc/lib/wii/libwiiuse.a(io.o) (classic_ctrl_disconnected)
/opt/devkitpro/libogc/lib/wii/libwiiuse.a(events.o)
                              /opt/devkitpro/libogc/lib/wii/libwiiuse.a(io_wii.o) (parse_event)
/opt/devkitpro/libogc/lib/wii/libwiiuse.a(guitar_hero_3.o)
                              /opt/devkitpro/libogc/lib/wii/libwiiuse.a(io.o) (guitar_hero_3_handshake)
/opt/devkitpro/libogc/lib/wii/libbte.a(bte.o)
                              /opt/devkitpro/libogc/lib/wii/libwiiuse.a(io_wii.o) (bte_arg)
/opt/devkitpro/libogc/lib/wii/libbte.a(hci.o)
                              /opt/devkitpro/libogc/lib/wii/libbte.a(bte.o) (hci_arg)
/opt/devkitpro/libogc/lib/wii/libbte.a(l2cap.o)
                              /opt/devkitpro/libogc/lib/wii/libbte.a(hci.o) (lp_connect_ind)
/opt/devkitpro/libogc/lib/wii/libbte.a(btmemb.o)
                              /opt/devkitpro/libogc/lib/wii/libbte.a(bte.o) (btmemb_alloc)
/opt/devkitpro/libogc/lib/wii/libbte.a(btmemr.o)
                              /opt/devkitpro/libogc/lib/wii/libbte.a(hci.o) (btmemr_init)
/opt/devkitpro/libogc/lib/wii/libbte.a(btpbuf.o)
                              /opt/devkitpro/libogc/lib/wii/libbte.a(hci.o) (btpbuf_header)
/opt/devkitpro/libogc/lib/wii/libbte.a(physbusif.o)
                              /opt/devkitpro/libogc/lib/wii/libbte.a(bte.o) (physbusif_close)
/opt/devkitpro/libogc/lib/wii/libogc.a(console.o)
                              installmii_core.o (CON_InitEx)
/opt/devkitpro/libogc/lib/wii/libogc.a(lwp_queue.o)
                              /opt/devkitpro/libogc/lib/wii/libwiiuse.a(io_wii.o) (__lwp_queue_initialize)
/opt/devkitpro/libogc/lib/wii/libogc.a(lwp_threads.o)
                              /opt/devkitpro/libogc/lib/wii/libwiiuse.a(wpad.o) (_thread_dispatch_disable_level)
/opt/devkitpro/libogc/lib/wii/libogc.a(lwp.o)
                              /opt/devkitpro/libogc/lib/wii/libbte.a(bte.o) (LWP_InitQueue)
/opt/devkitpro/libogc/lib/wii/libogc.a(lwp_handler.o)
                              /opt/devkitpro/libogc/lib/wii/libogc.a(lwp_threads.o) (_cpu_context_save_fp)
/opt/devkitpro/libogc/lib/wii/libogc.a(lwp_stack.o)
                              /opt/devkitpro/libogc/lib/wii/libogc.a(lwp_threads.o) (__lwp_stack_free)
/opt/devkitpro/libogc/lib/wii/libogc.a(lwp_watchdog.o)
                              /opt/devkitpro/libogc/lib/wii/libogc.a(lwp_threads.o) (_wd_ticks_queue)
/opt/devkitpro/libogc/lib/wii/libogc.a(lwp_wkspace.o)
                              /opt/devkitpro/libogc/lib/wii/libwiiuse.a(io.o) (__wkspace_heap)
/opt/devkitpro/libogc/lib/wii/libogc.a(lwp_objmgr.o)
                              /opt/devkitpro/libogc/lib/wii/libogc.a(lwp.o) (__lwp_objmgr_getnoprotection)
/opt/devkitpro/libogc/lib/wii/libogc.a(lwp_heap.o)
                              /opt/devkitpro/libogc/lib/wii/libogc.a(lwp_wkspace.o) (__lwp_heap_init)
/opt/devkitpro/libogc/lib/wii/libogc.a(sys_state.o)
                              /opt/devkitpro/libogc/lib/wii/libogc.a(lwp_threads.o) (_sys_state_curr)
/opt/devkitpro/libogc/lib/wii/libogc.a(irq.o)
                              /opt/devkitpro/libogc/lib/wii/libwiiuse.a(io_wii.o) (IRQ_Disable)
/opt/devkitpro/libogc/lib/wii/libogc.a(video.o)
                              /opt/devkitpro/libogc/lib/wii/libogc.a(console.o) (VIDEO_GetCurrentFramebuffer)
[...]
Memory Configuration

Name             Origin             Length             Attributes
*default*        0x0000000000000000 0xffffffffffffffff

Linker script and memory map

                0x0000000000003400                . = 0x3400

.stub
 *(.stub)
                0x0000000080004000                . = 0x80004000

.init           0x0000000080004000      0x20c
 *crt0.o(*.init)
 .init          0x0000000080004000      0x1e8 /opt/devkitpro/libogc/lib/wii/libogc.a(ogc_crt0.o)
                0x0000000080004000                _start
                0x00000000800041a0                _memset
                0x00000000800041d0                video_line
 *(.init)
 .init          0x00000000800041e8        0xc /opt/devkitpro/devkitPPC/lib/gcc/powerpc-eabi/4.4.3/ecrti.o
                0x00000000800041e8                __init
 .init          0x00000000800041f4        0x4 /opt/devkitpro/devkitPPC/lib/gcc/powerpc-eabi/4.4.3/crtbegin.o
 .init          0x00000000800041f8        0x4 /opt/devkitpro/devkitPPC/lib/gcc/powerpc-eabi/4.4.3/crtend.o
 .init          0x00000000800041fc       0x10 /opt/devkitpro/devkitPPC/lib/gcc/powerpc-eabi/4.4.3/ecrtn.o

.rela.dyn       0x000000008000420c        0x0
 .rela.iplt     0x0000000000000000        0x0 /opt/devkitpro/devkitPPC/lib/gcc/powerpc-eabi/4.4.3/crtbegin.o

.plt
 *(.plt)

.interp
 *(.interp)

.hash
 *(.hash)

.dynsym
 *(.dynsym)

.dynstr
 *(.dynstr)

.gnu.version
 *(.gnu.version)

.gnu.version_d
 *(.gnu.version_d)

.gnu.version_r
 *(.gnu.version_r)

.rel.init
 *(.rel.init)

.rela.init      0x000000008000420c        0x0
 *(.rela.init)
 .rela.init     0x0000000000000000        0x0 /opt/devkitpro/devkitPPC/lib/gcc/powerpc-eabi/4.4.3/crtbegin.o

.rel.text
 *(.rel.text .rel.text.* .rel.gnu.linkonce.t.*)

.rela.text      0x000000008000420c        0x0
 *(.rela.text .rela.text.* .rela.gnu.linkonce.t.*)
 .rela.text     0x0000000000000000        0x0 /opt/devkitpro/devkitPPC/lib/gcc/powerpc-eabi/4.4.3/crtbegin.o
 .rela.text.http_get_result
                0x0000000000000000        0x0 /opt/devkitpro/devkitPPC/lib/gcc/powerpc-eabi/4.4.3/crtbegin.o
 .rela.text.http_request
                0x0000000000000000        0x0 /opt/devkitpro/devkitPPC/lib/gcc/powerpc-eabi/4.4.3/crtbegin.o
 .rela.text.main
                0x0000000000000000        0x0 /opt/devkitpro/devkitPPC/lib/gcc/powerpc-eabi/4.4.3/crtbegin.o
 .rela.text.wiiuse_handshake_expansion
                0x0000000000000000        0x0 /opt/devkitpro/devkitPPC/lib/gcc/powerpc-eabi/4.4.3/crtbegin.o
 .rela.text.wiiuse_handshake
                0x0000000000000000        0x0 /opt/devkitpro/devkitPPC/lib/gcc/powerpc-eabi/4.4.3/crtbegin.o
 .rela.text.wiiuse_init_cmd_queue
                0x0000000000000000        0x0 /opt/devkitpro/devkitPPC/lib/gcc/powerpc-eabi/4.4.3/crtbegin.o
 .rela.text.wiiuse_init
                0x0000000000000000        0x0 /opt/devkitpro/devkitPPC/lib/gcc/powerpc-eabi/4.4.3/crtbegin.o
 .rela.text.bt_alarmhandler
                0x0000000000000000        0x0 /opt/devkitpro/devkitPPC/lib/gcc/powerpc-eabi/4.4.3/crtbegin.o
 .rela.text.CON_EnableGecko
                0x0000000000000000        0x0 /opt/devkitpro/devkitPPC/lib/gcc/powerpc-eabi/4.4.3/crtbegin.o
 .rela.text.__console_init
                0x0000000000000000        0x0 /opt/devkitpro/devkitPPC/lib/gcc/powerpc-eabi/4.4.3/crtbegin.o
 .rela.text.__console_init_ex
                0x0000000000000000        0x0 /opt/devkitpro/devkitPPC/lib/gcc/powerpc-eabi/4.4.3/crtbegin.o
 .rela.text.__lwp_rotate_readyqueue
                0x0000000000000000        0x0 /opt/devkitpro/devkitPPC/lib/gcc/powerpc-eabi/4.4.3/crtbegin.o
 .rela.text.__lwp_thread_setstate
                0x0000000000000000        0x0 /opt/devkitpro/devkitPPC/lib/gcc/powerpc-eabi/4.4.3/crtbegin.o
 .rela.text.__lwp_thread_setpriority
                0x0000000000000000        0x0 /opt/devkitpro/devkitPPC/lib/gcc/powerpc-eabi/4.4.3/crtbegin.o
 .rela.text.__lwp_thread_suspend
                0x0000000000000000        0x0 /opt/devkitpro/devkitPPC/lib/gcc/powerpc-eabi/4.4.3/crtbegin.o
 .rela.text.__lwp_thread_changepriority
                0x0000000000000000        0x0 /opt/devkitpro/devkitPPC/lib/gcc/powerpc-eabi/4.4.3/crtbegin.o
 .rela.text.__lwp_thread_ready
                0x0000000000000000        0x0 /opt/devkitpro/devkitPPC/lib/gcc/powerpc-eabi/4.4.3/crtbegin.o
 .rela.text.__lwp_thread_coreinit
                0x0000000000000000        0x0 /opt/devkitpro/devkitPPC/lib/gcc/powerpc-eabi/4.4.3/crtbegin.o
 .rela.text.__lwp_thread_stopmultitasking
                0x0000000000000000        0x0 /opt/devkitpro/devkitPPC/lib/gcc/powerpc-eabi/4.4.3/crtbegin.o
 .rela.text.__lwp_thread_close
                0x0000000000000000        0x0 /opt/devkitpro/devkitPPC/lib/gcc/powerpc-eabi/4.4.3/crtbegin.o
 .rela.text.__lwp_thread_closeall
                0x0000000000000000        0x0 /opt/devkitpro/devkitPPC/lib/gcc/powerpc-eabi/4.4.3/crtbegin.o
 .rela.text.__lwp_thread_startmultitasking
                0x0000000000000000        0x0 /opt/devkitpro/devkitPPC/lib/gcc/powerpc-eabi/4.4.3/crtbegin.o
 .rela.text.__lwp_thread_tickle_timeslice
                0x0000000000000000        0x0 /opt/devkitpro/devkitPPC/lib/gcc/powerpc-eabi/4.4.3/crtbegin.o
 .rela.text.LWP_InitQueue
                0x0000000000000000        0x0 /opt/devkitpro/devkitPPC/lib/gcc/powerpc-eabi/4.4.3/crtbegin.o
 .rela.text.LWP_CreateThread
                0x0000000000000000        0x0 /opt/devkitpro/devkitPPC/lib/gcc/powerpc-eabi/4.4.3/crtbegin.o
 .rela.text.__lwp_thread_context
                0x0000000000000000        0x0 /opt/devkitpro/devkitPPC/lib/gcc/powerpc-eabi/4.4.3/crtbegin.o
 .rela.text.__lwp_thread_exists
                0x0000000000000000        0x0 /opt/devkitpro/devkitPPC/lib/gcc/powerpc-eabi/4.4.3/crtbegin.o
 .rela.text.__lwp_thread_isalive
                0x0000000000000000        0x0 /opt/devkitpro/devkitPPC/lib/gcc/powerpc-eabi/4.4.3/crtbegin.o
 .rela.text.__lwp_sysinit
                0x0000000000000000        0x0 /opt/devkitpro/devkitPPC/lib/gcc/powerpc-eabi/4.4.3/crtbegin.o
 .rela.text.LWP_ThreadBroadcast
                0x0000000000000000        0x0 /opt/devkitpro/devkitPPC/lib/gcc/powerpc-eabi/4.4.3/crtbegin.o
 .rela.text.LWP_CloseQueue
                0x0000000000000000        0x0 /opt/devkitpro/devkitPPC/lib/gcc/powerpc-eabi/4.4.3/crtbegin.o
 .rela.text.LWP_ThreadSignal
                0x0000000000000000        0x0 /opt/devkitpro/devkitPPC/lib/gcc/powerpc-eabi/4.4.3/crtbegin.o
 .rela.text.LWP_SetThreadPriority
                0x0000000000000000        0x0 /opt/devkitpro/devkitPPC/lib/gcc/powerpc-eabi/4.4.3/crtbegin.o
 .rela.text.LWP_ThreadIsSuspended
                0x0000000000000000        0x0 /opt/devkitpro/devkitPPC/lib/gcc/powerpc-eabi/4.4.3/crtbegin.o
 .rela.text.LWP_ThreadSleep
                0x0000000000000000        0x0 /opt/devkitpro/devkitPPC/lib/gcc/powerpc-eabi/4.4.3/crtbegin.o
 .rela.text.LWP_SuspendThread
                0x0000000000000000        0x0 /opt/devkitpro/devkitPPC/lib/gcc/powerpc-eabi/4.4.3/crtbegin.o
 .rela.text.LWP_ResumeThread
                0x0000000000000000        0x0 /opt/devkitpro/devkitPPC/lib/gcc/powerpc-eabi/4.4.3/crtbegin.o
 .rela.text.LWP_JoinThread
                0x0000000000000000        0x0 /opt/devkitpro/devkitPPC/lib/gcc/powerpc-eabi/4.4.3/crtbegin.o
 .rela.text.__lwp_stack_free
                0x0000000000000000        0x0 /opt/devkitpro/devkitPPC/lib/gcc/powerpc-eabi/4.4.3/crtbegin.o
 .rela.text.__lwp_stack_allocate
                0x0000000000000000        0x0 /opt/devkitpro/devkitPPC/lib/gcc/powerpc-eabi/4.4.3/crtbegin.o
 .rela.text.__lwp_watchdog_init
                0x0000000000000000        0x0 /opt/devkitpro/devkitPPC/lib/gcc/powerpc-eabi/4.4.3/crtbegin.o
 .rela.text.__lwp_wd_tickle
                0x0000000000000000        0x0 /opt/devkitpro/devkitPPC/lib/gcc/powerpc-eabi/4.4.3/crtbegin.o
 .rela.text.__lwp_wkspace_init
                0x0000000000000000        0x0 /opt/devkitpro/devkitPPC/lib/gcc/powerpc-eabi/4.4.3/crtbegin.o
 .rela.text.__lwp_wkspace_heapused
                0x0000000000000000        0x0 /opt/devkitpro/devkitPPC/lib/gcc/powerpc-eabi/4.4.3/crtbegin.o
 .rela.text.__lwp_wkspace_heapfree
                0x0000000000000000        0x0 /opt/devkitpro/devkitPPC/lib/gcc/powerpc-eabi/4.4.3/crtbegin.o
 .rela.text.__lwp_objmgr_initinfo
                0x0000000000000000        0x0 /opt/devkitpro/devkitPPC/lib/gcc/powerpc-eabi/4.4.3/crtbegin.o
 .rela.text.__irq_init
                0x0000000000000000        0x0 /opt/devkitpro/devkitPPC/lib/gcc/powerpc-eabi/4.4.3/crtbegin.o
 .rela.text.__call_resetfuncs
                0x0000000000000000        0x0 /opt/devkitpro/devkitPPC/lib/gcc/powerpc-eabi/4.4.3/crtbegin.o
 .rela.text.__SYS_LockSram
                0x0000000000000000        0x0 /opt/devkitpro/devkitPPC/lib/gcc/powerpc-eabi/4.4.3/crtbegin.o
 .rela.text.__SYS_LockSramEx
                0x0000000000000000        0x0 /opt/devkitpro/devkitPPC/lib/gcc/powerpc-eabi/4.4.3/crtbegin.o
 .rela.text.__SYS_SyncSram
                0x0000000000000000        0x0 /opt/devkitpro/devkitPPC/lib/gcc/powerpc-eabi/4.4.3/crtbegin.o
 .rela.text.__sys_alarmhandler
                0x0000000000000000        0x0 /opt/devkitpro/devkitPPC/lib/gcc/powerpc-eabi/4.4.3/crtbegin.o
 .rela.text.__unlocksram
                0x0000000000000000        0x0 /opt/devkitpro/devkitPPC/lib/gcc/powerpc-eabi/4.4.3/crtbegin.o
 .rela.text.SYS_GetWirelessID
                0x0000000000000000        0x0 /opt/devkitpro/devkitPPC/lib/gcc/powerpc-eabi/4.4.3/crtbegin.o
 .rela.text.SYS_SetWirelessID
                0x0000000000000000        0x0 /opt/devkitpro/devkitPPC/lib/gcc/powerpc-eabi/4.4.3/crtbegin.o
 .rela.text.__SYS_SetBootTime
                0x0000000000000000        0x0 /opt/devkitpro/devkitPPC/lib/gcc/powerpc-eabi/4.4.3/crtbegin.o
 .rela.text.__sram_writecallback
                0x0000000000000000        0x0 /opt/devkitpro/devkitPPC/lib/gcc/powerpc-eabi/4.4.3/crtbegin.o
 .rela.text.__sram_init
                0x0000000000000000        0x0 /opt/devkitpro/devkitPPC/lib/gcc/powerpc-eabi/4.4.3/crtbegin.o
 .rela.text.SYS_Init
                0x0000000000000000        0x0 /opt/devkitpro/devkitPPC/lib/gcc/powerpc-eabi/4.4.3/crtbegin.o
 .rela.text.SYS_CancelAlarm
                0x0000000000000000        0x0 /opt/devkitpro/devkitPPC/lib/gcc/powerpc-eabi/4.4.3/crtbegin.o
 .rela.text.SYS_RemoveAlarm
                0x0000000000000000        0x0 /opt/devkitpro/devkitPPC/lib/gcc/powerpc-eabi/4.4.3/crtbegin.o
 .rela.text.SYS_SetPeriodicAlarm
                0x0000000000000000        0x0 /opt/devkitpro/devkitPPC/lib/gcc/powerpc-eabi/4.4.3/crtbegin.o
 .rela.text.SYS_SetAlarm
                0x0000000000000000        0x0 /opt/devkitpro/devkitPPC/lib/gcc/powerpc-eabi/4.4.3/crtbegin.o
 .rela.text.__lwp_cond_init
                0x0000000000000000        0x0 /opt/devkitpro/devkitPPC/lib/gcc/powerpc-eabi/4.4.3/crtbegin.o
 .rela.text.__lwp_cond_signalsupp
                0x0000000000000000        0x0 /opt/devkitpro/devkitPPC/lib/gcc/powerpc-eabi/4.4.3/crtbegin.o
 .rela.text.LWP_CondDestroy
                0x0000000000000000        0x0 /opt/devkitpro/devkitPPC/lib/gcc/powerpc-eabi/4.4.3/crtbegin.o
 .rela.text.T.31
                0x0000000000000000        0x0 /opt/devkitpro/devkitPPC/lib/gcc/powerpc-eabi/4.4.3/crtbegin.o
 .rela.text.LWP_CondInit
                0x0000000000000000        0x0 /opt/devkitpro/devkitPPC/lib/gcc/powerpc-eabi/4.4.3/crtbegin.o
 .rela.text.c_decrementer_handler
                0x0000000000000000        0x0 /opt/devkitpro/devkitPPC/lib/gcc/powerpc-eabi/4.4.3/crtbegin.o
 .rela.text.__lwp_mqbox_init
                0x0000000000000000        0x0 /opt/devkitpro/devkitPPC/lib/gcc/powerpc-eabi/4.4.3/crtbegin.o
 .rela.text.MQ_Receive
                0x0000000000000000        0x0 /opt/devkitpro/devkitPPC/lib/gcc/powerpc-eabi/4.4.3/crtbegin.o
 .rela.text.MQ_Close
                0x0000000000000000        0x0 /opt/devkitpro/devkitPPC/lib/gcc/powerpc-eabi/4.4.3/crtbegin.o
 .rela.text.MQ_Jam
                0x0000000000000000        0x0 /opt/devkitpro/devkitPPC/lib/gcc/powerpc-eabi/4.4.3/crtbegin.o
 .rela.text.MQ_Send
                0x0000000000000000        0x0 /opt/devkitpro/devkitPPC/lib/gcc/powerpc-eabi/4.4.3/crtbegin.o
 .rela.text.MQ_Init
                0x0000000000000000        0x0 /opt/devkitpro/devkitPPC/lib/gcc/powerpc-eabi/4.4.3/crtbegin.o
 .rela.text.__ioctlvfmtCB
                0x0000000000000000        0x0 /opt/devkitpro/devkitPPC/lib/gcc/powerpc-eabi/4.4.3/crtbegin.o
 .rela.text.__ios_ioctlvformat_parse
                0x0000000000000000        0x0 /opt/devkitpro/devkitPPC/lib/gcc/powerpc-eabi/4.4.3/crtbegin.o
 .rela.text.IOS_IoctlvFormatAsync
                0x0000000000000000        0x0 /opt/devkitpro/devkitPPC/lib/gcc/powerpc-eabi/4.4.3/crtbegin.o
 .rela.text.IOS_IoctlvFormat
                0x0000000000000000        0x0 /opt/devkitpro/devkitPPC/lib/gcc/powerpc-eabi/4.4.3/crtbegin.o
 .rela.text.nanosleep
                0x0000000000000000        0x0 /opt/devkitpro/devkitPPC/lib/gcc/powerpc-eabi/4.4.3/crtbegin.o
 .rela.text.__libc_init
                0x0000000000000000        0x0 /opt/devkitpro/devkitPPC/lib/gcc/powerpc-eabi/4.4.3/crtbegin.o
 .rela.text.__libc_wrapup
                0x0000000000000000        0x0 /opt/devkitpro/devkitPPC/lib/gcc/powerpc-eabi/4.4.3/crtbegin.o
 .rela.text.__libc_delete_hook
                0x0000000000000000        0x0 /opt/devkitpro/devkitPPC/lib/gcc/powerpc-eabi/4.4.3/crtbegin.o
 .rela.text.__CheckARGV
                0x0000000000000000        0x0 /opt/devkitpro/devkitPPC/lib/gcc/powerpc-eabi/4.4.3/crtbegin.o
 .rela.text.__lwp_priority_init
                0x0000000000000000        0x0 /opt/devkitpro/devkitPPC/lib/gcc/powerpc-eabi/4.4.3/crtbegin.o
 .rela.text.__lwp_threadqueue_enqueuefifo
                0x0000000000000000        0x0 /opt/devkitpro/devkitPPC/lib/gcc/powerpc-eabi/4.4.3/crtbegin.o
 .rela.text.__lwp_threadqueue_dequeuefifo
                0x0000000000000000        0x0 /opt/devkitpro/devkitPPC/lib/gcc/powerpc-eabi/4.4.3/crtbegin.o
 .rela.text.__lwp_threadqueue_extractpriority
                0x0000000000000000        0x0 /opt/devkitpro/devkitPPC/lib/gcc/powerpc-eabi/4.4.3/crtbegin.o
 .rela.text.__lwp_threadqueue_dequeuepriority
                0x0000000000000000        0x0 /opt/devkitpro/devkitPPC/lib/gcc/powerpc-eabi/4.4.3/crtbegin.o
 .rela.text.__lwp_threadqueue_extractfifo
                0x0000000000000000        0x0 /opt/devkitpro/devkitPPC/lib/gcc/powerpc-eabi/4.4.3/crtbegin.o
 .rela.text.__lwp_threadqueue_enqueuepriority
                0x0000000000000000        0x0 /opt/devkitpro/devkitPPC/lib/gcc/powerpc-eabi/4.4.3/crtbegin.o
 .rela.text.__lwp_threadqueue_enqueue
                0x0000000000000000        0x0 /opt/devkitpro/devkitPPC/lib/gcc/powerpc-eabi/4.4.3/crtbegin.o
 .rela.text.__lwpmq_close
                0x0000000000000000        0x0 /opt/devkitpro/devkitPPC/lib/gcc/powerpc-eabi/4.4.3/crtbegin.o
 .rela.text.__lwpmq_initialize
                0x0000000000000000        0x0 /opt/devkitpro/devkitPPC/lib/gcc/powerpc-eabi/4.4.3/crtbegin.o
 .rela.text.__exception_sethandler
                0x0000000000000000        0x0 /opt/devkitpro/devkitPPC/lib/gcc/powerpc-eabi/4.4.3/crtbegin.o
 .rela.text.__exception_init
                0x0000000000000000        0x0 /opt/devkitpro/devkitPPC/lib/gcc/powerpc-eabi/4.4.3/crtbegin.o
 .rela.text.__systemcall_init
                0x0000000000000000        0x0 /opt/devkitpro/devkitPPC/lib/gcc/powerpc-eabi/4.4.3/crtbegin.o
 .rela.text.__lwp_sema_init
                0x0000000000000000        0x0 /opt/devkitpro/devkitPPC/lib/gcc/powerpc-eabi/4.4.3/crtbegin.o
 .rela.text.LWP_SemWait
                0x0000000000000000        0x0 /opt/devkitpro/devkitPPC/lib/gcc/powerpc-eabi/4.4.3/crtbegin.o
 .rela.text.LWP_SemDestroy
                0x0000000000000000        0x0 /opt/devkitpro/devkitPPC/lib/gcc/powerpc-eabi/4.4.3/crtbegin.o
 .rela.text.LWP_SemPost
                0x0000000000000000        0x0 /opt/devkitpro/devkitPPC/lib/gcc/powerpc-eabi/4.4.3/crtbegin.o
 .rela.text.LWP_SemInit
                0x0000000000000000        0x0 /opt/devkitpro/devkitPPC/lib/gcc/powerpc-eabi/4.4.3/crtbegin.o
 .rela.text.LWP_MutexUnlock
                0x0000000000000000        0x0 /opt/devkitpro/devkitPPC/lib/gcc/powerpc-eabi/4.4.3/crtbegin.o
 .rela.text.LWP_MutexDestroy
                0x0000000000000000        0x0 /opt/devkitpro/devkitPPC/lib/gcc/powerpc-eabi/4.4.3/crtbegin.o
 .rela.text.LWP_MutexInit
                0x0000000000000000        0x0 /opt/devkitpro/devkitPPC/lib/gcc/powerpc-eabi/4.4.3/crtbegin.o
 .rela.text.__lwp_mutex_init
                0x0000000000000000        0x0 /opt/devkitpro/devkitPPC/lib/gcc/powerpc-eabi/4.4.3/crtbegin.o
 .rela.text.T.30
                0x0000000000000000        0x0 /opt/devkitpro/devkitPPC/lib/gcc/powerpc-eabi/4.4.3/crtbegin.o
 .rela.text.GX_EndDispList
                0x0000000000000000        0x0 /opt/devkitpro/devkitPPC/lib/gcc/powerpc-eabi/4.4.3/crtbegin.o
 .rela.text.GX_BeginDispList
                0x0000000000000000        0x0 /opt/devkitpro/devkitPPC/lib/gcc/powerpc-eabi/4.4.3/crtbegin.o
 .rela.text.GX_Init
                0x0000000000000000        0x0 /opt/devkitpro/devkitPPC/lib/gcc/powerpc-eabi/4.4.3/crtbegin.o
 .rela.text.kprintf
                0x0000000000000000        0x0 /opt/devkitpro/devkitPPC/lib/gcc/powerpc-eabi/4.4.3/crtbegin.o
 .rela.text.atangent
                0x0000000000000000        0x0 /opt/devkitpro/devkitPPC/lib/gcc/powerpc-eabi/4.4.3/crtbegin.o
 .rela.text.atangentf
                0x0000000000000000        0x0 /opt/devkitpro/devkitPPC/lib/gcc/powerpc-eabi/4.4.3/crtbegin.o
 .rela.text.sinef
                0x0000000000000000        0x0 /opt/devkitpro/devkitPPC/lib/gcc/powerpc-eabi/4.4.3/crtbegin.o
 .rela.text.sqrtf
                0x0000000000000000        0x0 /opt/devkitpro/devkitPPC/lib/gcc/powerpc-eabi/4.4.3/crtbegin.o
 .rela.text.calloc
                0x0000000000000000        0x0 /opt/devkitpro/devkitPPC/lib/gcc/powerpc-eabi/4.4.3/crtbegin.o
 .rela.text.__errno
                0x0000000000000000        0x0 /opt/devkitpro/devkitPPC/lib/gcc/powerpc-eabi/4.4.3/crtbegin.o
 .rela.text.exit
                0x0000000000000000        0x0 /opt/devkitpro/devkitPPC/lib/gcc/powerpc-eabi/4.4.3/crtbegin.o
 .rela.text.fflush
                0x0000000000000000        0x0 /opt/devkitpro/devkitPPC/lib/gcc/powerpc-eabi/4.4.3/crtbegin.o
 .rela.text._cleanup_r
                0x0000000000000000        0x0 /opt/devkitpro/devkitPPC/lib/gcc/powerpc-eabi/4.4.3/crtbegin.o
 .rela.text._cleanup
                0x0000000000000000        0x0 /opt/devkitpro/devkitPPC/lib/gcc/powerpc-eabi/4.4.3/crtbegin.o
 .rela.text.__fp_unlock_all
                0x0000000000000000        0x0 /opt/devkitpro/devkitPPC/lib/gcc/powerpc-eabi/4.4.3/crtbegin.o
 .rela.text.__fp_lock_all
                0x0000000000000000        0x0 /opt/devkitpro/devkitPPC/lib/gcc/powerpc-eabi/4.4.3/crtbegin.o
 .rela.text.std
                0x0000000000000000        0x0 /opt/devkitpro/devkitPPC/lib/gcc/powerpc-eabi/4.4.3/crtbegin.o
 .rela.text.__sfp
                0x0000000000000000        0x0 /opt/devkitpro/devkitPPC/lib/gcc/powerpc-eabi/4.4.3/crtbegin.o
 .rela.text.fprintf
                0x0000000000000000        0x0 /opt/devkitpro/devkitPPC/lib/gcc/powerpc-eabi/4.4.3/crtbegin.o
 .rela.text._malloc_trim_r
                0x0000000000000000        0x0 /opt/devkitpro/devkitPPC/lib/gcc/powerpc-eabi/4.4.3/crtbegin.o
 .rela.text._free_r
                0x0000000000000000        0x0 /opt/devkitpro/devkitPPC/lib/gcc/powerpc-eabi/4.4.3/crtbegin.o
 .rela.text.fwrite
                0x0000000000000000        0x0 /opt/devkitpro/devkitPPC/lib/gcc/powerpc-eabi/4.4.3/crtbegin.o
 .rela.text._sscanf_r
                0x0000000000000000        0x0 /opt/devkitpro/devkitPPC/lib/gcc/powerpc-eabi/4.4.3/crtbegin.o
 .rela.text.sscanf
                0x0000000000000000        0x0 /opt/devkitpro/devkitPPC/lib/gcc/powerpc-eabi/4.4.3/crtbegin.o
 .rela.text._svfprintf_r
                0x0000000000000000        0x0 /opt/devkitpro/devkitPPC/lib/gcc/powerpc-eabi/4.4.3/crtbegin.o
 .rela.text.__ssvfscanf_r
                0x0000000000000000        0x0 /opt/devkitpro/devkitPPC/lib/gcc/powerpc-eabi/4.4.3/crtbegin.o
 .rela.text._vfprintf_r
                0x0000000000000000        0x0 /opt/devkitpro/devkitPPC/lib/gcc/powerpc-eabi/4.4.3/crtbegin.o
 .rela.text.wcrtomb
                0x0000000000000000        0x0 /opt/devkitpro/devkitPPC/lib/gcc/powerpc-eabi/4.4.3/crtbegin.o
 .rela.text._wcrtomb_r
                0x0000000000000000        0x0 /opt/devkitpro/devkitPPC/lib/gcc/powerpc-eabi/4.4.3/crtbegin.o
 .rela.text._dtoa_r
                0x0000000000000000        0x0 /opt/devkitpro/devkitPPC/lib/gcc/powerpc-eabi/4.4.3/crtbegin.o
 .rela.text.loadlocale
                0x0000000000000000        0x0 /opt/devkitpro/devkitPPC/lib/gcc/powerpc-eabi/4.4.3/crtbegin.o
 .rela.text.mbrtowc
                0x0000000000000000        0x0 /opt/devkitpro/devkitPPC/lib/gcc/powerpc-eabi/4.4.3/crtbegin.o
 .rela.text._mbrtowc_r
                0x0000000000000000        0x0 /opt/devkitpro/devkitPPC/lib/gcc/powerpc-eabi/4.4.3/crtbegin.o
 .rela.text.__hexdig_init
                0x0000000000000000        0x0 /opt/devkitpro/devkitPPC/lib/gcc/powerpc-eabi/4.4.3/crtbegin.o
 .rela.text.__gethex
                0x0000000000000000        0x0 /opt/devkitpro/devkitPPC/lib/gcc/powerpc-eabi/4.4.3/crtbegin.o
 .rela.text.__hexnan
                0x0000000000000000        0x0 /opt/devkitpro/devkitPPC/lib/gcc/powerpc-eabi/4.4.3/crtbegin.o
 .rela.text._findenv_r
                0x0000000000000000        0x0 /opt/devkitpro/devkitPPC/lib/gcc/powerpc-eabi/4.4.3/crtbegin.o

.rel.fini
 *(.rel.fini)

.rela.fini
 *(.rela.fini)

.rel.rodata
 *(.rel.rodata .rel.rodata.* .rel.gnu.linkonce.r.*)

.rela.rodata
 *(.rela.rodata .rela.rodata.* .rela.gnu.linkonce.r.*)

.rel.data
 *(.rel.data .rel.data.* .rel.gnu.linkonce.d.*)

.rela.data
 *(.rela.data .rela.data.* .rela.gnu.linkonce.d.*)

.rel.tdata
 *(.rel.tdata .rel.tdata.* .rel.gnu.linkonce.td.*)

.rela.tdata
 *(.rela.tdata .rela.tdata.* .rela.gnu.linkonce.td.*)

.rel.tbss
 *(.rel.tbss .rel.tbss.* .rel.gnu.linkonce.tb.*)

.rela.tbss
 *(.rela.tbss .rela.tbss.* .rela.gnu.linkonce.tb.*)

.rel.ctors
 *(.rel.ctors)

.rela.ctors
 *(.rela.ctors)

.rel.dtors
 *(.rel.dtors)

.rela.dtors
 *(.rela.dtors)

.rel.got
 *(.rel.got)

.rela.got
 *(.rela.got)

.rela.got1
 *(.rela.got1)

.rela.got2      0x000000008000420c        0x0
 *(.rela.got2)
 .rela.got2     0x0000000000000000        0x0 /opt/devkitpro/devkitPPC/lib/gcc/powerpc-eabi/4.4.3/crtbegin.o

.rel.sdata
 *(.rel.sdata .rel.sdata.* .rel.gnu.linkonce.s.*)

.rela.sdata
 *(.rela.sdata .rela.sdata.* .rela.gnu.linkonce.s.*)

.rel.sbss
 *(.rel.sbss .rel.sbss.* .rel.gnu.linkonce.sb.*)

.rela.sbss
 *(.rela.sbss .rela.sbss.* .rel.gnu.linkonce.sb.*)

.rel.sdata2
 *(.rel.sdata2 .rel.sdata2.* .rel.gnu.linkonce.s2.*)

.rela.sdata2    0x000000008000420c        0x0
 *(.rela.sdata2 .rela.sdata2.* .rela.gnu.linkonce.s2.*)
 .rela.sdata2.__sys_inIPL
                0x0000000000000000        0x0 /opt/devkitpro/devkitPPC/lib/gcc/powerpc-eabi/4.4.3/crtbegin.o
 .rela.sdata2.__gx
                0x0000000000000000        0x0 /opt/devkitpro/devkitPPC/lib/gcc/powerpc-eabi/4.4.3/crtbegin.o

.rel.sbss2
 *(.rel.sbss2 .rel.sbss2.* .rel.gnu.linkonce.sb2.*)

.rela.sbss2
 *(.rela.sbss2 .rela.sbss2.* .rela.gnu.linkonce.sb2.*)

.rel.bss
 *(.rel.bss .rel.bss.* .rel.gnu.linkonce.b.*)

.rela.bss
 *(.rela.bss .rela.bss.* .rela.gnu.linkonce.b.*)

.rel.plt
 *(.rel.plt)

.rela.plt
 *(.rela.plt)

.text           0x0000000080004220    0x3c820
 *(.text)
 .text          0x0000000080004220      0x168 /opt/devkitpro/devkitPPC/lib/gcc/powerpc-eabi/4.4.3/crtbegin.o
 .text          0x0000000080004388       0x48 /opt/devkitpro/devkitPPC/lib/gcc/powerpc-eabi/4.4.3/../../../../powerpc-eabi/lib/crtmain.o
                0x000000008000438c                __crtmain
 *fill*         0x00000000800043d0       0x10 00000000
 .text          0x00000000800043e0      0x4ec /opt/devkitpro/libogc/lib/wii/libogc.a(lwp_handler.o)
                0x00000000800043e0                _cpu_context_save_fp
                0x0000000080004520                _cpu_context_restore_fp
                0x0000000080004660                _cpu_context_switch
                0x00000000800047e0                _cpu_context_save
                0x0000000080004860                _cpu_context_restore
 .text          0x00000000800048cc      0x518 /opt/devkitpro/libogc/lib/wii/libogc.a(system_asm.o)
                0x00000000800048cc                __realmode
                0x00000000800048e4                __configBATS
                0x0000000080004a28                __configMEM1_24Mb
                0x0000000080004a9c                __configMEM1_48Mb
                0x0000000080004b10                __configMEM2_64Mb
                0x0000000080004b74                __configMEM2_128Mb
                0x0000000080004bd8                __PSInit
                0x0000000080004c10                __CacheInit
                0x0000000080004c74                __SystemInit
                0x0000000080004cf8                __flush_cache
                0x0000000080004d2c                __reset
                0x0000000080004d9c                SYS_SwitchFiber
                0x0000000080004dcc                InitBATS
 .text          0x0000000080004de4      0x1b0 /opt/devkitpro/libogc/lib/wii/libogc.a(irq_handler.o)
                0x0000000080004de4                irq_exceptionhandler
 .text          0x0000000080004f94      0x118 /opt/devkitpro/libogc/lib/wii/libogc.a(video_asm.o)
                0x0000000080004f94                __VIClearFramebuffer
 .text          0x00000000800050ac      0x4d8 /opt/devkitpro/libogc/lib/wii/libogc.a(cache_asm.o)
                0x00000000800050ac                DCFlashInvalidate
                0x00000000800050bc                DCEnable
                0x00000000800050d0                DCDisable
                0x00000000800050e4                DCFreeze
                0x00000000800050f8                DCUnfreeze
                0x0000000080005108                DCTouchLoad
                0x0000000080005110                DCBlockZero
                0x0000000080005118                DCBlockStore
                0x0000000080005120                DCBlockFlush
                0x0000000080005128                DCBlockInvalidate
                0x0000000080005130                DCInvalidateRange
                0x0000000080005160                DCFlushRange
                0x0000000080005194                DCStoreRange
                0x00000000800051c8                DCFlushRangeNoSync
                0x00000000800051f8                DCStoreRangeNoSync
                0x0000000080005228                DCZeroRange
                0x0000000080005258                DCTouchRange
                0x0000000080005288                ICInvalidateRange
                0x00000000800052c0                ICFlashInvalidate
                0x00000000800052d0                ICEnable
                0x00000000800052e4                ICDisable
                0x00000000800052f8                ICFreeze
                0x000000008000530c                ICUnfreeze
                0x000000008000531c                ICBlockInvalidate
                0x0000000080005324                ICSync
                0x000000008000532c                L2Init
                0x0000000080005374                L2Enable
                0x0000000080005388                L2Disable
                0x00000000800053a0                L2GlobalInvalidate
                0x00000000800053f8                __LCEnable
                0x00000000800054c0                LCDisable
                0x00000000800054e8                LCAllocOneTag
                0x00000000800054fc                LCAllocTags
                0x000000008000553c                LCLoadBlocks
                0x0000000080005560                LCStoreBlocks
 .text          0x0000000080005584      0x1b0 /opt/devkitpro/libogc/lib/wii/libogc.a(decrementer_handler.o)
                0x0000000080005584                dec_exceptionhandler
 .text          0x0000000080005734      0x35c /opt/devkitpro/libogc/lib/wii/libogc.a(exception_handler.o)
                0x0000000080005734                exceptionhandler_start
                0x00000000800057b0                exceptionhandler_patch
                0x00000000800057e4                exceptionhandler_end
                0x00000000800057e8                default_exceptionhandler
                0x0000000080005928                fpu_exceptionhandler
                0x0000000080005a60                systemcallhandler_start
                0x0000000080005a8c                systemcallhandler_end
 .text          0x0000000080005a90      0x3f0 /opt/devkitpro/devkitPPC/lib/gcc/powerpc-eabi/4.4.3/libgcc.a(_udivdi3.o)
                0x0000000080005a90                __udivdi3
 .text          0x0000000080005e80      0x3fc /opt/devkitpro/devkitPPC/lib/gcc/powerpc-eabi/4.4.3/libgcc.a(_umoddi3.o)
                0x0000000080005e80                __umoddi3
 .text          0x000000008000627c       0xb4 /opt/devkitpro/devkitPPC/lib/gcc/powerpc-eabi/4.4.3/libgcc.a(eabi.o)
                0x000000008000627c                __eabi
                0x00000000800062c4                __eabi_convert
                0x00000000800062f8                __eabi_uconvert
 .text          0x0000000080006330       0x28 /opt/devkitpro/devkitPPC/lib/gcc/powerpc-eabi/4.4.3/../../../../powerpc-eabi/lib/libsysbase.a(abort.o)
                0x0000000080006330                abort
 .text          0x0000000080006358      0x2fc /opt/devkitpro/devkitPPC/lib/gcc/powerpc-eabi/4.4.3/../../../../powerpc-eabi/lib/libsysbase.a(iosupport.o)
                0x0000000080006358                setDefaultDevice
                0x0000000080006370                AddDevice
                0x0000000080006498                FindDevice
                0x00000000800065c0                GetDeviceOpTab
                0x0000000080006604                RemoveDevice
 .text          0x0000000080006654       0x28 /opt/devkitpro/devkitPPC/lib/gcc/powerpc-eabi/4.4.3/../../../../powerpc-eabi/lib/libsysbase.a(_exit.o)
                0x0000000080006654                _exit
 .text          0x000000008000667c       0xa0 /opt/devkitpro/devkitPPC/lib/gcc/powerpc-eabi/4.4.3/../../../../powerpc-eabi/lib/libsysbase.a(build_argv.o)
                0x000000008000667c                build_argv
 .text          0x000000008000671c      0x168 /opt/devkitpro/devkitPPC/lib/gcc/powerpc-eabi/4.4.3/../../../../powerpc-eabi/lib/libsysbase.a(syscall_support.o)
                0x000000008000671c                __libc_lock_init
                0x000000008000675c                __libc_lock_close
                0x000000008000679c                __libc_lock_release
                0x00000000800067dc                __libc_lock_acquire
                0x000000008000681c                __malloc_lock
                0x0000000080006850                __malloc_unlock
 .text          0x0000000080006884       0xa0 /opt/devkitpro/devkitPPC/lib/gcc/powerpc-eabi/4.4.3/../../../../powerpc-eabi/lib/libsysbase.a(close.o)
                0x0000000080006884                _close_r
 .text          0x0000000080006924       0xc8 /opt/devkitpro/devkitPPC/lib/gcc/powerpc-eabi/4.4.3/../../../../powerpc-eabi/lib/libsysbase.a(fstat.o)
                0x0000000080006924                _fstat_r
 .text          0x00000000800069ec        0x8 /opt/devkitpro/devkitPPC/lib/gcc/powerpc-eabi/4.4.3/../../../../powerpc-eabi/lib/libsysbase.a(isatty.o)
                0x00000000800069ec                _isatty_r
 .text          0x00000000800069f4       0xd4 /opt/devkitpro/devkitPPC/lib/gcc/powerpc-eabi/4.4.3/../../../../powerpc-eabi/lib/libsysbase.a(lseek.o)
                0x00000000800069f4                _lseek_r
 .text          0x0000000080006ac8       0xb0 /opt/devkitpro/devkitPPC/lib/gcc/powerpc-eabi/4.4.3/../../../../powerpc-eabi/lib/libsysbase.a(read.o)
                0x0000000080006ac8                _read_r
 .text          0x0000000080006b78       0x50 /opt/devkitpro/devkitPPC/lib/gcc/powerpc-eabi/4.4.3/../../../../powerpc-eabi/lib/libsysbase.a(sbrk.o)
                0x0000000080006b78                _sbrk_r
 .text          0x0000000080006bc8       0xb0 /opt/devkitpro/devkitPPC/lib/gcc/powerpc-eabi/4.4.3/../../../../powerpc-eabi/lib/libsysbase.a(write.o)
                0x0000000080006bc8                _write_r
 .text          0x0000000080006c78       0x6c /opt/devkitpro/devkitPPC/lib/gcc/powerpc-eabi/4.4.3/../../../../powerpc-eabi/lib/libsysbase.a(flock.o)
                0x0000000080006c78                __funlockfile
                0x0000000080006c9c                __flockfile
 .text          0x0000000080006ce4      0x11c /opt/devkitpro/devkitPPC/lib/gcc/powerpc-eabi/4.4.3/../../../../powerpc-eabi/lib/libsysbase.a(handle_manager.o)
                0x0000000080006ce4                __get_handle
                0x0000000080006d08                __alloc_handle
                0x0000000080006da4                __release_handle
 .text          0x0000000080006e00       0x6c /opt/devkitpro/devkitPPC/lib/gcc/powerpc-eabi/4.4.3/crtend.o
 *(.text.*)
 .text.http_get_result
                0x0000000080006e6c       0xac http.o
                0x0000000080006e6c                http_get_result
 .text.http_split_url
                0x0000000080006f18       0xc8 http.o
                0x0000000080006f18                http_split_url
 .text.tcp_write
                0x0000000080006fe0      0x250 http.o
                0x0000000080006fe0                tcp_write
 .text.tcp_read
                0x0000000080007230      0x250 http.o
                0x0000000080007230                tcp_read
 .text.tcp_readln
                0x0000000080007480      0x1e0 http.o
                0x0000000080007480                tcp_readln
 .text.tcp_socket
                0x0000000080007660       0xec http.o
                0x0000000080007660                tcp_socket
 .text.tcp_connect
                0x000000008000774c      0x210 http.o
                0x000000008000774c                tcp_connect
 .text.http_request
                0x000000008000795c      0x348 http.o
                0x000000008000795c                http_request
 .text.ClearScreen
                0x0000000080007ca4       0x4c installmii_core.o
                0x0000000080007ca4                ClearScreen
 .text.console_setup
                0x0000000080007cf0       0xbc installmii_core.o
                0x0000000080007cf0                console_setup
 .text.debug_printf
                0x0000000080007dac      0x108 installmii_core.o
                0x0000000080007dac                debug_printf
 .text.install_ticket
                0x0000000080007eb4       0x70 installmii_core.o
                0x0000000080007eb4                install_ticket
 .text.print_tmd_summary
                0x0000000080007f24       0xdc installmii_core.o
                0x0000000080007f24                print_tmd_summary
 .text.install_nus_object
                0x0000000080008000      0x500 installmii_core.o
                0x0000000080008000                install_nus_object
 .text.install  0x0000000080008500      0x1b4 installmii_core.o
                0x0000000080008500                install
 .text.save_nus_object
                0x00000000800086b4      0x1e4 installmii_core.o
                0x00000000800086b4                save_nus_object
 .text.create_temp_dir
                0x0000000080008898       0x60 installmii_core.o
                0x0000000080008898                create_temp_dir
 .text.get_nus_object
                0x00000000800088f8      0x178 installmii_core.o
                0x00000000800088f8                get_nus_object
 .text.printvers
                0x0000000080008a70       0x1c installmii_core.o
                0x0000000080008a70                printvers
 .text.main     0x0000000080008a8c      0x9ac installmii_core.o
                0x0000000080008a8c                main
 .text.__wpad_assign_slot
                0x0000000080009438      0x230 /opt/devkitpro/libogc/lib/wii/libwiiuse.a(wpad.o)
                0x0000000080009438                __wpad_assign_slot
 .text.__wpad_disconnectCB
                0x0000000080009668      0x108 /opt/devkitpro/libogc/lib/wii/libwiiuse.a(wpad.o)
                0x0000000080009668                __wpad_disconnectCB
 .text.WPAD_ButtonsDown
                0x0000000080009770       0x28 /opt/devkitpro/libogc/lib/wii/libwiiuse.a(wpad.o)
                0x0000000080009770                WPAD_ButtonsDown
 .text.WPAD_Shutdown
                0x0000000080009798      0x124 /opt/devkitpro/libogc/lib/wii/libwiiuse.a(wpad.o)
                0x0000000080009798                WPAD_Shutdown
 .text.__wpad_onreset
                0x00000000800098bc       0x2c /opt/devkitpro/libogc/lib/wii/libwiiuse.a(wpad.o)
 .text.__wpad_timeouthandler
                0x00000000800098e8       0xb4 /opt/devkitpro/libogc/lib/wii/libwiiuse.a(wpad.o)
 .text.__wpad_def_powcb
                0x000000008000999c       0x20 /opt/devkitpro/libogc/lib/wii/libwiiuse.a(wpad.o)
 .text.__wpad_setfmt
                0x00000000800099bc       0xf4 /opt/devkitpro/libogc/lib/wii/libwiiuse.a(wpad.o)
 .text.WPAD_ReadEvent
                0x0000000080009ab0      0x650 /opt/devkitpro/libogc/lib/wii/libwiiuse.a(wpad.o)
                0x0000000080009ab0                WPAD_ReadEvent
 .text.WPAD_ReadPending
                0x000000008000a100      0x16c /opt/devkitpro/libogc/lib/wii/libwiiuse.a(wpad.o)
                0x000000008000a100                WPAD_ReadPending
 .text.WPAD_ScanPads
                0x000000008000a26c        0xc /opt/devkitpro/libogc/lib/wii/libwiiuse.a(wpad.o)
                0x000000008000a26c                WPAD_ScanPads
 .text.WPAD_Init
                0x000000008000a278      0x27c /opt/devkitpro/libogc/lib/wii/libwiiuse.a(wpad.o)
                0x000000008000a278                WPAD_Init
 .text.__initcore_finished
                0x000000008000a4f4       0x40 /opt/devkitpro/libogc/lib/wii/libwiiuse.a(wpad.o)
 .text.__readlinkkey_finished
                0x000000008000a534       0x34 /opt/devkitpro/libogc/lib/wii/libwiiuse.a(wpad.o)
 .text.__wpad_patch_finished
                0x000000008000a568       0x2c /opt/devkitpro/libogc/lib/wii/libwiiuse.a(wpad.o)
 .text.__wpad_init_finished
                0x000000008000a594      0x1bc /opt/devkitpro/libogc/lib/wii/libwiiuse.a(wpad.o)
 .text.__wpad_eventCB
                0x000000008000a750      0x9f0 /opt/devkitpro/libogc/lib/wii/libwiiuse.a(wpad.o)
 .text.motion_plus_event
                0x000000008000b140       0x64 /opt/devkitpro/libogc/lib/wii/libwiiuse.a(motion_plus.o)
                0x000000008000b140                motion_plus_event
 .text.motion_plus_disconnected
                0x000000008000b1a4       0x10 /opt/devkitpro/libogc/lib/wii/libwiiuse.a(motion_plus.o)
                0x000000008000b1a4                motion_plus_disconnected
 .text.calculate_gforce
                0x000000008000b1b4      0x114 /opt/devkitpro/libogc/lib/wii/libwiiuse.a(dynamics.o)
                0x000000008000b1b4                calculate_gforce
 .text.calc_balanceboard_state
                0x000000008000b2c8      0x380 /opt/devkitpro/libogc/lib/wii/libwiiuse.a(dynamics.o)
                0x000000008000b2c8                calc_balanceboard_state
 .text.apply_smoothing
                0x000000008000b648      0x1c4 /opt/devkitpro/libogc/lib/wii/libwiiuse.a(dynamics.o)
                0x000000008000b648                apply_smoothing
 .text.calc_joystick_state
                0x000000008000b80c      0x248 /opt/devkitpro/libogc/lib/wii/libwiiuse.a(dynamics.o)
                0x000000008000b80c                calc_joystick_state
 .text.calculate_orientation
                0x000000008000ba54      0x318 /opt/devkitpro/libogc/lib/wii/libwiiuse.a(dynamics.o)
                0x000000008000ba54                calculate_orientation
 .text.wiiuse_disable_expansion
                0x000000008000bd6c       0xf8 /opt/devkitpro/libogc/lib/wii/libwiiuse.a(io.o)
                0x000000008000bd6c                wiiuse_disable_expansion
 .text.wiiuse_handshake_expansion
                0x000000008000be64      0x238 /opt/devkitpro/libogc/lib/wii/libwiiuse.a(io.o)
                0x000000008000be64                wiiuse_handshake_expansion
 .text.wiiuse_handshake_expansion_start
                0x000000008000c09c       0x24 /opt/devkitpro/libogc/lib/wii/libwiiuse.a(io.o)
                0x000000008000c09c                wiiuse_handshake_expansion_start
 .text.wiiuse_handshake
                0x000000008000c0c0      0x164 /opt/devkitpro/libogc/lib/wii/libwiiuse.a(io.o)
                0x000000008000c0c0                wiiuse_handshake
 .text.wiiuse_io_write
                0x000000008000c224       0x40 /opt/devkitpro/libogc/lib/wii/libwiiuse.a(io_wii.o)
                0x000000008000c224                wiiuse_io_write
 .text.__wiiuse_disconnected
                0x000000008000c264       0xb4 /opt/devkitpro/libogc/lib/wii/libwiiuse.a(io_wii.o)
 .text.__wiiuse_sent
                0x000000008000c318       0xc4 /opt/devkitpro/libogc/lib/wii/libwiiuse.a(io_wii.o)
 .text.wiiuse_init_cmd_queue
                0x000000008000c3dc       0x4c /opt/devkitpro/libogc/lib/wii/libwiiuse.a(io_wii.o)
                0x000000008000c3dc                wiiuse_init_cmd_queue
 .text.wiiuse_disconnect
                0x000000008000c428       0x40 /opt/devkitpro/libogc/lib/wii/libwiiuse.a(io_wii.o)
                0x000000008000c428                wiiuse_disconnect
 .text.wiiuse_register
                0x000000008000c468       0xe4 /opt/devkitpro/libogc/lib/wii/libwiiuse.a(io_wii.o)
                0x000000008000c468                wiiuse_register
 .text.__wiiuse_connected
                0x000000008000c54c       0x9c /opt/devkitpro/libogc/lib/wii/libwiiuse.a(io_wii.o)
 .text.__wiiuse_receive
                0x000000008000c5e8       0xc8 /opt/devkitpro/libogc/lib/wii/libwiiuse.a(io_wii.o)
 .text.__wiiuse_sensorbar_enable
                0x000000008000c6b0       0x58 /opt/devkitpro/libogc/lib/wii/libwiiuse.a(io_wii.o)
                0x000000008000c6b0                __wiiuse_sensorbar_enable
 .text.wiiuse_set_ir_position
                0x000000008000c708       0x80 /opt/devkitpro/libogc/lib/wii/libwiiuse.a(ir.o)
                0x000000008000c708                wiiuse_set_ir_position
 .text.wiiuse_set_aspect_ratio
                0x000000008000c788       0x44 /opt/devkitpro/libogc/lib/wii/libwiiuse.a(ir.o)
                0x000000008000c788                wiiuse_set_aspect_ratio
 .text.calculate_basic_ir
                0x000000008000c7cc       0xf8 /opt/devkitpro/libogc/lib/wii/libwiiuse.a(ir.o)
                0x000000008000c7cc                calculate_basic_ir
 .text.calculate_extended_ir
                0x000000008000c8c4       0x70 /opt/devkitpro/libogc/lib/wii/libwiiuse.a(ir.o)
                0x000000008000c8c4                calculate_extended_ir
 .text.calc_yaw
                0x000000008000c934       0x54 /opt/devkitpro/libogc/lib/wii/libwiiuse.a(ir.o)
                0x000000008000c934                calc_yaw
 .text.apply_ir_smoothing
                0x000000008000c988       0xf4 /opt/devkitpro/libogc/lib/wii/libwiiuse.a(ir.o)
                0x000000008000c988                apply_ir_smoothing
 .text.rotate_dots
                0x000000008000ca7c      0x110 /opt/devkitpro/libogc/lib/wii/libwiiuse.a(ir.o)
 .text.find_sensorbar
                0x000000008000cb8c      0x9b0 /opt/devkitpro/libogc/lib/wii/libwiiuse.a(ir.o)
                0x000000008000cb8c                find_sensorbar
 .text.interpret_ir_data
                0x000000008000d53c      0x3a4 /opt/devkitpro/libogc/lib/wii/libwiiuse.a(ir.o)
                0x000000008000d53c                interpret_ir_data
 .text.wiiuse_set_ir_sensitivity
                0x000000008000d8e0      0x19c /opt/devkitpro/libogc/lib/wii/libwiiuse.a(ir.o)
                0x000000008000d8e0                wiiuse_set_ir_sensitivity
 .text.wiiuse_set_ir_mode
                0x000000008000da7c       0x64 /opt/devkitpro/libogc/lib/wii/libwiiuse.a(ir.o)
                0x000000008000da7c                wiiuse_set_ir_mode
 .text.wiiuse_set_ir
                0x000000008000dae0      0x2c0 /opt/devkitpro/libogc/lib/wii/libwiiuse.a(ir.o)
                0x000000008000dae0                wiiuse_set_ir
 .text.nunchuk_event
                0x000000008000dda0       0xe8 /opt/devkitpro/libogc/lib/wii/libwiiuse.a(nunchuk.o)
                0x000000008000dda0                nunchuk_event
 .text.nunchuk_disconnected
                0x000000008000de88       0x28 /opt/devkitpro/libogc/lib/wii/libwiiuse.a(nunchuk.o)
                0x000000008000de88                nunchuk_disconnected
 .text.nunchuk_handshake
                0x000000008000deb0      0x2b0 /opt/devkitpro/libogc/lib/wii/libwiiuse.a(nunchuk.o)
                0x000000008000deb0                nunchuk_handshake
 .text.wii_board_event
                0x000000008000e160       0x54 /opt/devkitpro/libogc/lib/wii/libwiiuse.a(wiiboard.o)
                0x000000008000e160                wii_board_event
 .text.wii_board_disconnected
                0x000000008000e1b4       0x28 /opt/devkitpro/libogc/lib/wii/libwiiuse.a(wiiboard.o)
                0x000000008000e1b4                wii_board_disconnected
 .text.wii_board_handshake
                0x000000008000e1dc      0x2a8 /opt/devkitpro/libogc/lib/wii/libwiiuse.a(wiiboard.o)
                0x000000008000e1dc                wii_board_handshake
 .text.wiiuse_set_flags
                0x000000008000e484       0x20 /opt/devkitpro/libogc/lib/wii/libwiiuse.a(wiiuse.o)
                0x000000008000e484                wiiuse_set_flags
 .text.wiiuse_init
                0x000000008000e4a4      0x178 /opt/devkitpro/libogc/lib/wii/libwiiuse.a(wiiuse.o)
                0x000000008000e4a4                wiiuse_init
 .text.wiiuse_send_next_command
                0x000000008000e61c       0x6c /opt/devkitpro/libogc/lib/wii/libwiiuse.a(wiiuse.o)
                0x000000008000e61c                wiiuse_send_next_command
 .text.wiiuse_sendcmd
                0x000000008000e688      0x110 /opt/devkitpro/libogc/lib/wii/libwiiuse.a(wiiuse.o)
                0x000000008000e688                wiiuse_sendcmd
 .text.wiiuse_status
                0x000000008000e798       0x4c /opt/devkitpro/libogc/lib/wii/libwiiuse.a(wiiuse.o)
                0x000000008000e798                wiiuse_status
 .text.wiiuse_motion_sensing
                0x000000008000e7e4       0x4c /opt/devkitpro/libogc/lib/wii/libwiiuse.a(wiiuse.o)
                0x000000008000e7e4                wiiuse_motion_sensing
 .text.wiiuse_set_report_type
                0x000000008000e830       0xf8 /opt/devkitpro/libogc/lib/wii/libwiiuse.a(wiiuse.o)
                0x000000008000e830                wiiuse_set_report_type
 .text.wiiuse_set_leds
                0x000000008000e928       0x54 /opt/devkitpro/libogc/lib/wii/libwiiuse.a(wiiuse.o)
                0x000000008000e928                wiiuse_set_leds
 .text.wiiuse_write_data
                0x000000008000e97c      0x178 /opt/devkitpro/libogc/lib/wii/libwiiuse.a(wiiuse.o)
                0x000000008000e97c                wiiuse_write_data
 .text.wiiuse_read_data
                0x000000008000eaf4      0x134 /opt/devkitpro/libogc/lib/wii/libwiiuse.a(wiiuse.o)
                0x000000008000eaf4                wiiuse_read_data
 .text.wiiuse_set_speaker
                0x000000008000ec28      0x2a8 /opt/devkitpro/libogc/lib/wii/libwiiuse.a(speaker.o)
                0x000000008000ec28                wiiuse_set_speaker
 .text.classic_ctrl_event
                0x000000008000eed0       0xa4 /opt/devkitpro/libogc/lib/wii/libwiiuse.a(classic.o)
                0x000000008000eed0                classic_ctrl_event
 .text.classic_ctrl_disconnected
                0x000000008000ef74       0x28 /opt/devkitpro/libogc/lib/wii/libwiiuse.a(classic.o)
                0x000000008000ef74                classic_ctrl_disconnected
 .text.classic_ctrl_handshake
                0x000000008000ef9c      0x188 /opt/devkitpro/libogc/lib/wii/libwiiuse.a(classic.o)
                0x000000008000ef9c                classic_ctrl_handshake
 .text.handle_expansion
                0x000000008000f124       0xac /opt/devkitpro/libogc/lib/wii/libwiiuse.a(events.o)
 .text.parse_event
                0x000000008000f1d0      0x690 /opt/devkitpro/libogc/lib/wii/libwiiuse.a(events.o)
                0x000000008000f1d0                parse_event
 .text.guitar_hero_3_handshake
                0x000000008000f860       0x68 /opt/devkitpro/libogc/lib/wii/libwiiuse.a(guitar_hero_3.o)
                0x000000008000f860                guitar_hero_3_handshake
 .text.guitar_hero_3_event
                0x000000008000f8c8       0x68 /opt/devkitpro/libogc/lib/wii/libwiiuse.a(guitar_hero_3.o)
                0x000000008000f8c8                guitar_hero_3_event
 .text.guitar_hero_3_disconnected
                0x000000008000f930       0x28 /opt/devkitpro/libogc/lib/wii/libwiiuse.a(guitar_hero_3.o)
                0x000000008000f930                guitar_hero_3_disconnected
 .text.bte_arg  0x000000008000f958       0x3c /opt/devkitpro/libogc/lib/wii/libbte.a(bte.o)
                0x000000008000f958                bte_arg
 .text.bte_received
                0x000000008000f994       0x3c /opt/devkitpro/libogc/lib/wii/libbte.a(bte.o)
                0x000000008000f994                bte_received
 .text.bte_disconnected
                0x000000008000f9d0       0x3c /opt/devkitpro/libogc/lib/wii/libbte.a(bte.o)
                0x000000008000f9d0                bte_disconnected
 .text.acl_wlp_completed
                0x000000008000fa0c        0x8 /opt/devkitpro/libogc/lib/wii/libbte.a(bte.o)
                0x000000008000fa0c                acl_wlp_completed
 .text.__bte_cmdfinish
                0x000000008000fa14       0xb0 /opt/devkitpro/libogc/lib/wii/libbte.a(bte.o)
 .text.l2cap_accepted
                0x000000008000fac4      0x110 /opt/devkitpro/libogc/lib/wii/libbte.a(bte.o)
                0x000000008000fac4                l2cap_accepted
 .text.__bte_close_ctrl_queue
                0x000000008000fbd4       0xbc /opt/devkitpro/libogc/lib/wii/libbte.a(bte.o)
 .text.l2cap_disconnected_ind
                0x000000008000fc90       0xc0 /opt/devkitpro/libogc/lib/wii/libbte.a(bte.o)
                0x000000008000fc90                l2cap_disconnected_ind
 .text.__bte_send_pending_request
                0x000000008000fd50       0xd8 /opt/devkitpro/libogc/lib/wii/libbte.a(bte.o)
 .text.bte_process_input
                0x000000008000fe28      0x12c /opt/devkitpro/libogc/lib/wii/libbte.a(bte.o)
 .text.bte_disconnect
                0x000000008000ff54       0xa0 /opt/devkitpro/libogc/lib/wii/libbte.a(bte.o)
                0x000000008000ff54                bte_disconnect
 .text.l2cap_disconnect_cfm
                0x000000008000fff4       0xf8 /opt/devkitpro/libogc/lib/wii/libbte.a(bte.o)
                0x000000008000fff4                l2cap_disconnect_cfm
 .text.acl_conn_complete
                0x00000000800100ec       0x2c /opt/devkitpro/libogc/lib/wii/libbte.a(bte.o)
                0x00000000800100ec                acl_conn_complete
 .text.bte_sendmessageasync
                0x0000000080010118      0x17c /opt/devkitpro/libogc/lib/wii/libbte.a(bte.o)
                0x0000000080010118                bte_sendmessageasync
 .text.bte_registerdeviceasync
                0x0000000080010294      0x1c4 /opt/devkitpro/libogc/lib/wii/libbte.a(bte.o)
                0x0000000080010294                bte_registerdeviceasync
 .text.bte_new  0x0000000080010458       0x54 /opt/devkitpro/libogc/lib/wii/libbte.a(bte.o)
                0x0000000080010458                bte_new
 .text.BTE_SetDisconnectCallback
                0x00000000800104ac       0x20 /opt/devkitpro/libogc/lib/wii/libbte.a(bte.o)
                0x00000000800104ac                BTE_SetDisconnectCallback
 .text.BTE_InitSub
                0x00000000800104cc       0x98 /opt/devkitpro/libogc/lib/wii/libbte.a(bte.o)
                0x00000000800104cc                BTE_InitSub
 .text.BTE_ApplyPatch
                0x0000000080010564       0xb8 /opt/devkitpro/libogc/lib/wii/libbte.a(bte.o)
                0x0000000080010564                BTE_ApplyPatch
 .text.BTE_InitCore
                0x000000008001061c       0x94 /opt/devkitpro/libogc/lib/wii/libbte.a(bte.o)
                0x000000008001061c                BTE_InitCore
 .text.BTE_ReadStoredLinkKey
                0x00000000800106b0       0x98 /opt/devkitpro/libogc/lib/wii/libbte.a(bte.o)
                0x00000000800106b0                BTE_ReadStoredLinkKey
 .text.BTE_Init
                0x0000000080010748      0x138 /opt/devkitpro/libogc/lib/wii/libbte.a(bte.o)
                0x0000000080010748                BTE_Init
 .text.bt_alarmhandler
                0x0000000080010880       0x60 /opt/devkitpro/libogc/lib/wii/libbte.a(bte.o)
 .text.BTE_Shutdown
                0x00000000800108e0      0x118 /opt/devkitpro/libogc/lib/wii/libbte.a(bte.o)
                0x00000000800108e0                BTE_Shutdown
 .text.__bte_shutdown_finished
                0x00000000800109f8      0x120 /opt/devkitpro/libogc/lib/wii/libbte.a(bte.o)
 .text.bte_hci_initsub_complete
                0x0000000080010b18      0x1bc /opt/devkitpro/libogc/lib/wii/libbte.a(bte.o)
                0x0000000080010b18                bte_hci_initsub_complete
 .text.bte_hci_initcore_complete2
                0x0000000080010cd4      0x178 /opt/devkitpro/libogc/lib/wii/libbte.a(bte.o)
                0x0000000080010cd4                bte_hci_initcore_complete2
 .text.bte_hci_patch_complete
                0x0000000080010e4c      0x240 /opt/devkitpro/libogc/lib/wii/libbte.a(bte.o)
                0x0000000080010e4c                bte_hci_patch_complete
 .text.bte_hci_apply_patch_complete
                0x000000008001108c      0x134 /opt/devkitpro/libogc/lib/wii/libbte.a(bte.o)
                0x000000008001108c                bte_hci_apply_patch_complete
 .text.bte_hci_initcore_complete
                0x00000000800111c0      0x208 /opt/devkitpro/libogc/lib/wii/libbte.a(bte.o)
                0x00000000800111c0                bte_hci_initcore_complete
 .text.bte_read_stored_link_key_complete
                0x00000000800113c8      0x1c0 /opt/devkitpro/libogc/lib/wii/libbte.a(bte.o)
                0x00000000800113c8                bte_read_stored_link_key_complete
 .text.hci_get_link
                0x0000000080011588       0x84 /opt/devkitpro/libogc/lib/wii/libbte.a(hci.o)
                0x0000000080011588                hci_get_link
 .text.hci_arg  0x000000008001160c        0xc /opt/devkitpro/libogc/lib/wii/libbte.a(hci.o)
                0x000000008001160c                hci_arg
 .text.hci_cmd_complete
                0x0000000080011618        0xc /opt/devkitpro/libogc/lib/wii/libbte.a(hci.o)
                0x0000000080011618                hci_cmd_complete
 .text.hci_connection_complete
                0x0000000080011624        0xc /opt/devkitpro/libogc/lib/wii/libbte.a(hci.o)
                0x0000000080011624                hci_connection_complete
 .text.hci_wlp_complete
                0x0000000080011630        0xc /opt/devkitpro/libogc/lib/wii/libbte.a(hci.o)
                0x0000000080011630                hci_wlp_complete
 .text.lp_pdu_maxsize
                0x000000008001163c        0xc /opt/devkitpro/libogc/lib/wii/libbte.a(hci.o)
                0x000000008001163c                lp_pdu_maxsize
 .text.lp_write_flush_timeout
                0x0000000080011648       0xf4 /opt/devkitpro/libogc/lib/wii/libbte.a(hci.o)
                0x0000000080011648                lp_write_flush_timeout
 .text.hci_host_num_comp_packets
                0x000000008001173c       0xfc /opt/devkitpro/libogc/lib/wii/libbte.a(hci.o)
                0x000000008001173c                hci_host_num_comp_packets
 .text.hci_acldata_handler
                0x0000000080011838      0x128 /opt/devkitpro/libogc/lib/wii/libbte.a(hci.o)
                0x0000000080011838                hci_acldata_handler
 .text.hci_host_buffer_size
                0x0000000080011960      0x100 /opt/devkitpro/libogc/lib/wii/libbte.a(hci.o)
                0x0000000080011960                hci_host_buffer_size
 .text.hci_write_cod
                0x0000000080011a60       0xc0 /opt/devkitpro/libogc/lib/wii/libbte.a(hci.o)
                0x0000000080011a60                hci_write_cod
 .text.hci_disconnect
                0x0000000080011b20       0xec /opt/devkitpro/libogc/lib/wii/libbte.a(hci.o)
                0x0000000080011b20                hci_disconnect
 .text.hci_pin_code_request_neg_reply
                0x0000000080011c0c       0xc0 /opt/devkitpro/libogc/lib/wii/libbte.a(hci.o)
                0x0000000080011c0c                hci_pin_code_request_neg_reply
 .text.hci_write_link_policy_settings
                0x0000000080011ccc       0xf4 /opt/devkitpro/libogc/lib/wii/libbte.a(hci.o)
                0x0000000080011ccc                hci_write_link_policy_settings
 .text.hci_vendor_specific_command
                0x0000000080011dc0       0xdc /opt/devkitpro/libogc/lib/wii/libbte.a(hci.o)
                0x0000000080011dc0                hci_vendor_specific_command
 .text.hci_write_inquiry_scan_type
                0x0000000080011e9c       0xb0 /opt/devkitpro/libogc/lib/wii/libbte.a(hci.o)
                0x0000000080011e9c                hci_write_inquiry_scan_type
 .text.hci_write_page_scan_type
                0x0000000080011f4c       0xb0 /opt/devkitpro/libogc/lib/wii/libbte.a(hci.o)
                0x0000000080011f4c                hci_write_page_scan_type
 .text.hci_write_inquiry_mode
                0x0000000080011ffc       0xb0 /opt/devkitpro/libogc/lib/wii/libbte.a(hci.o)
                0x0000000080011ffc                hci_write_inquiry_mode
 .text.hci_write_pin_type
                0x00000000800120ac       0xb0 /opt/devkitpro/libogc/lib/wii/libbte.a(hci.o)
                0x00000000800120ac                hci_write_pin_type
 .text.hci_write_local_name
                0x000000008001215c       0xcc /opt/devkitpro/libogc/lib/wii/libbte.a(hci.o)
                0x000000008001215c                hci_write_local_name
 .text.hci_accecpt_conn_request
                0x0000000080012228       0xd4 /opt/devkitpro/libogc/lib/wii/libbte.a(hci.o)
                0x0000000080012228                hci_accecpt_conn_request
 .text.hci_write_scan_enable
                0x00000000800122fc       0xb0 /opt/devkitpro/libogc/lib/wii/libbte.a(hci.o)
                0x00000000800122fc                hci_write_scan_enable
 .text.hci_write_page_timeout
                0x00000000800123ac       0xc4 /opt/devkitpro/libogc/lib/wii/libbte.a(hci.o)
                0x00000000800123ac                hci_write_page_timeout
 .text.hci_read_local_features
                0x0000000080012470       0xa0 /opt/devkitpro/libogc/lib/wii/libbte.a(hci.o)
                0x0000000080012470                hci_read_local_features
 .text.hci_read_local_version
                0x0000000080012510       0x9c /opt/devkitpro/libogc/lib/wii/libbte.a(hci.o)
                0x0000000080012510                hci_read_local_version
 .text.hci_read_bd_addr
                0x00000000800125ac       0xa0 /opt/devkitpro/libogc/lib/wii/libbte.a(hci.o)
                0x00000000800125ac                hci_read_bd_addr
 .text.hci_read_buffer_size
                0x000000008001264c       0xa0 /opt/devkitpro/libogc/lib/wii/libbte.a(hci.o)
                0x000000008001264c                hci_read_buffer_size
 .text.hci_reset
                0x00000000800126ec       0xa0 /opt/devkitpro/libogc/lib/wii/libbte.a(hci.o)
                0x00000000800126ec                hci_reset
 .text.lp_acl_write
                0x000000008001278c      0x148 /opt/devkitpro/libogc/lib/wii/libbte.a(hci.o)
                0x000000008001278c                lp_acl_write
 .text.hci_new  0x00000000800128d4       0x48 /opt/devkitpro/libogc/lib/wii/libbte.a(hci.o)
                0x00000000800128d4                hci_new
 .text.hci_read_stored_link_key
                0x000000008001291c       0xf4 /opt/devkitpro/libogc/lib/wii/libbte.a(hci.o)
                0x000000008001291c                hci_read_stored_link_key
 .text.hci_close
                0x0000000080012a10       0xd8 /opt/devkitpro/libogc/lib/wii/libbte.a(hci.o)
                0x0000000080012a10                hci_close
 .text.hci_event_handler
                0x0000000080012ae8      0xb7c /opt/devkitpro/libogc/lib/wii/libbte.a(hci.o)
                0x0000000080012ae8                hci_event_handler
 .text.hci_init
                0x0000000080013664       0x78 /opt/devkitpro/libogc/lib/wii/libbte.a(hci.o)
                0x0000000080013664                hci_init
 .text.hci_reset_all
                0x00000000800136dc       0xac /opt/devkitpro/libogc/lib/wii/libbte.a(hci.o)
                0x00000000800136dc                hci_reset_all
 .text.lp_connect_ind
                0x0000000080013788        0x4 /opt/devkitpro/libogc/lib/wii/libbte.a(l2cap.o)
                0x0000000080013788                lp_connect_ind
 .text.l2cap_disconnect_bb
                0x000000008001378c       0x10 /opt/devkitpro/libogc/lib/wii/libbte.a(l2cap.o)
                0x000000008001378c                l2cap_disconnect_bb
 .text.l2cap_arg
                0x000000008001379c        0x8 /opt/devkitpro/libogc/lib/wii/libbte.a(l2cap.o)
                0x000000008001379c                l2cap_arg
 .text.l2cap_disconnect_ind
                0x00000000800137a4        0x8 /opt/devkitpro/libogc/lib/wii/libbte.a(l2cap.o)
                0x00000000800137a4                l2cap_disconnect_ind
 .text.l2cap_recv
                0x00000000800137ac        0x8 /opt/devkitpro/libogc/lib/wii/libbte.a(l2cap.o)
                0x00000000800137ac                l2cap_recv
 .text.l2cap_connect_ind
                0x00000000800137b4      0x100 /opt/devkitpro/libogc/lib/wii/libbte.a(l2cap.o)
                0x00000000800137b4                l2cap_connect_ind
 .text.l2cap_close
                0x00000000800138b4      0x1b0 /opt/devkitpro/libogc/lib/wii/libbte.a(l2cap.o)
                0x00000000800138b4                l2cap_close
 .text.lp_disconnect_ind
                0x0000000080013a64      0x118 /opt/devkitpro/libogc/lib/wii/libbte.a(l2cap.o)
                0x0000000080013a64                lp_disconnect_ind
 .text.l2cap_new
                0x0000000080013b7c       0x74 /opt/devkitpro/libogc/lib/wii/libbte.a(l2cap.o)
                0x0000000080013b7c                l2cap_new
 .text.l2cap_write
                0x0000000080013bf0      0x194 /opt/devkitpro/libogc/lib/wii/libbte.a(l2cap.o)
                0x0000000080013bf0                l2cap_write
 .text.l2ca_datawrite
                0x0000000080013d84      0x110 /opt/devkitpro/libogc/lib/wii/libbte.a(l2cap.o)
                0x0000000080013d84                l2ca_datawrite
 .text.l2cap_rexmit_signal
                0x0000000080013e94       0x10 /opt/devkitpro/libogc/lib/wii/libbte.a(l2cap.o)
                0x0000000080013e94                l2cap_rexmit_signal
 .text.l2cap_signal
                0x0000000080013ea4      0x200 /opt/devkitpro/libogc/lib/wii/libbte.a(l2cap.o)
                0x0000000080013ea4                l2cap_signal
 .text.lp_connect_cfm
                0x00000000800140a4      0x148 /opt/devkitpro/libogc/lib/wii/libbte.a(l2cap.o)
                0x00000000800140a4                lp_connect_cfm
 .text.l2ca_disconnect_req
                0x00000000800141ec       0xc0 /opt/devkitpro/libogc/lib/wii/libbte.a(l2cap.o)
                0x00000000800141ec                l2ca_disconnect_req
 .text.l2cap_tmr
                0x00000000800142ac      0x248 /opt/devkitpro/libogc/lib/wii/libbte.a(l2cap.o)
                0x00000000800142ac                l2cap_tmr
 .text.l2ca_config_req
                0x00000000800144f4      0x154 /opt/devkitpro/libogc/lib/wii/libbte.a(l2cap.o)
                0x00000000800144f4                l2ca_config_req
 .text.l2cap_process_sig
                0x0000000080014648     0x1244 /opt/devkitpro/libogc/lib/wii/libbte.a(l2cap.o)
                0x0000000080014648                l2cap_process_sig
 .text.l2cap_input
                0x000000008001588c      0x5bc /opt/devkitpro/libogc/lib/wii/libbte.a(l2cap.o)
                0x000000008001588c                l2cap_input
 .text.l2cap_init
                0x0000000080015e48       0x60 /opt/devkitpro/libogc/lib/wii/libbte.a(l2cap.o)
                0x0000000080015e48                l2cap_init
 .text.l2cap_reset_all
                0x0000000080015ea8      0x170 /opt/devkitpro/libogc/lib/wii/libbte.a(l2cap.o)
                0x0000000080015ea8                l2cap_reset_all
 .text.btmemb_alloc
                0x0000000080016018       0xc8 /opt/devkitpro/libogc/lib/wii/libbte.a(btmemb.o)
                0x0000000080016018                btmemb_alloc
 .text.btmemb_free
                0x00000000800160e0       0xc8 /opt/devkitpro/libogc/lib/wii/libbte.a(btmemb.o)
                0x00000000800160e0                btmemb_free
 .text.btmemb_init
                0x00000000800161a8       0x40 /opt/devkitpro/libogc/lib/wii/libbte.a(btmemb.o)
                0x00000000800161a8                btmemb_init
 .text.btmemr_malloc
                0x00000000800161e8      0x180 /opt/devkitpro/libogc/lib/wii/libbte.a(btmemr.o)
                0x00000000800161e8                btmemr_malloc
 .text.btmemr_free
                0x0000000080016368      0x118 /opt/devkitpro/libogc/lib/wii/libbte.a(btmemr.o)
                0x0000000080016368                btmemr_free
 .text.btmemr_realloc
                0x0000000080016480      0x16c /opt/devkitpro/libogc/lib/wii/libbte.a(btmemr.o)
                0x0000000080016480                btmemr_realloc
 .text.btmemr_init
                0x00000000800165ec       0xa0 /opt/devkitpro/libogc/lib/wii/libbte.a(btmemr.o)
                0x00000000800165ec                btmemr_init
 .text.btpbuf_header
                0x000000008001668c       0x9c /opt/devkitpro/libogc/lib/wii/libbte.a(btpbuf.o)
                0x000000008001668c                btpbuf_header
 .text.btpbuf_ref
                0x0000000080016728       0x4c /opt/devkitpro/libogc/lib/wii/libbte.a(btpbuf.o)
                0x0000000080016728                btpbuf_ref
 .text.btpbuf_chain
                0x0000000080016774       0xa0 /opt/devkitpro/libogc/lib/wii/libbte.a(btpbuf.o)
                0x0000000080016774                btpbuf_chain
 .text.btpbuf_free
                0x0000000080016814       0xf0 /opt/devkitpro/libogc/lib/wii/libbte.a(btpbuf.o)
                0x0000000080016814                btpbuf_free
 .text.btpbuf_dechain
                0x0000000080016904       0x6c /opt/devkitpro/libogc/lib/wii/libbte.a(btpbuf.o)
                0x0000000080016904                btpbuf_dechain
 .text.btpbuf_realloc
                0x0000000080016970       0xc4 /opt/devkitpro/libogc/lib/wii/libbte.a(btpbuf.o)
                0x0000000080016970                btpbuf_realloc
 .text.btpbuf_alloc
                0x0000000080016a34      0x228 /opt/devkitpro/libogc/lib/wii/libbte.a(btpbuf.o)
                0x0000000080016a34                btpbuf_alloc
 .text.btpbuf_take
                0x0000000080016c5c      0x124 /opt/devkitpro/libogc/lib/wii/libbte.a(btpbuf.o)
                0x0000000080016c5c                btpbuf_take
 .text.btpbuf_init
                0x0000000080016d80       0x2c /opt/devkitpro/libogc/lib/wii/libbte.a(btpbuf.o)
                0x0000000080016d80                btpbuf_init
 .text.__usb_closeCB
                0x0000000080016dac       0x10 /opt/devkitpro/libogc/lib/wii/libbte.a(physbusif.o)
 .text.physbusif_close
                0x0000000080016dbc       0x28 /opt/devkitpro/libogc/lib/wii/libbte.a(physbusif.o)
                0x0000000080016dbc                physbusif_close
 .text.physbusif_reset_all
                0x0000000080016de4        0x4 /opt/devkitpro/libogc/lib/wii/libbte.a(physbusif.o)
                0x0000000080016de4                physbusif_reset_all
 .text.physbusif_output
                0x0000000080016de8      0x184 /opt/devkitpro/libogc/lib/wii/libbte.a(physbusif.o)
                0x0000000080016de8                physbusif_output
 .text.__writebulkmsgCB
                0x0000000080016f6c       0x3c /opt/devkitpro/libogc/lib/wii/libbte.a(physbusif.o)
 .text.__writectrlmsgCB
                0x0000000080016fa8       0x3c /opt/devkitpro/libogc/lib/wii/libbte.a(physbusif.o)
 .text.physbusif_shutdown
                0x0000000080016fe4       0x50 /opt/devkitpro/libogc/lib/wii/libbte.a(physbusif.o)
                0x0000000080016fe4                physbusif_shutdown
 .text.__initUsbIOBuffer
                0x0000000080017034       0x98 /opt/devkitpro/libogc/lib/wii/libbte.a(physbusif.o)
 .text.__issue_intrread
                0x00000000800170cc       0xb0 /opt/devkitpro/libogc/lib/wii/libbte.a(physbusif.o)
 .text.__readintrdataCB
                0x000000008001717c      0x11c /opt/devkitpro/libogc/lib/wii/libbte.a(physbusif.o)
 .text.__issue_bulkread
                0x0000000080017298       0xb0 /opt/devkitpro/libogc/lib/wii/libbte.a(physbusif.o)
 .text.__readbulkdataCB
                0x0000000080017348      0x11c /opt/devkitpro/libogc/lib/wii/libbte.a(physbusif.o)
 .text.physbusif_init
                0x0000000080017464      0x1a4 /opt/devkitpro/libogc/lib/wii/libbte.a(physbusif.o)
                0x0000000080017464                physbusif_init
 .text.__console_clear_line
                0x0000000080017608       0xc4 /opt/devkitpro/libogc/lib/wii/libogc.a(console.o)
 .text.__console_clear
                0x00000000800176cc       0x94 /opt/devkitpro/libogc/lib/wii/libogc.a(console.o)
 .text.CON_EnableGecko
                0x0000000080017760       0xdc /opt/devkitpro/libogc/lib/wii/libogc.a(console.o)
                0x0000000080017760                CON_EnableGecko
 .text.__console_init
                0x000000008001783c      0x110 /opt/devkitpro/libogc/lib/wii/libogc.a(console.o)
                0x000000008001783c                __console_init
 .text.__console_init_ex
                0x000000008001794c      0x12c /opt/devkitpro/libogc/lib/wii/libogc.a(console.o)
                0x000000008001794c                __console_init_ex
 .text.CON_InitEx
                0x0000000080017a78       0xbc /opt/devkitpro/libogc/lib/wii/libogc.a(console.o)
                0x0000000080017a78                CON_InitEx
 .text.__console_write
                0x0000000080017b34      0x798 /opt/devkitpro/libogc/lib/wii/libogc.a(console.o)
                0x0000000080017b34                __console_write
 .text.__console_vipostcb
                0x00000000800182cc       0xbc /opt/devkitpro/libogc/lib/wii/libogc.a(console.o)
                0x00000000800182cc                __console_vipostcb
 .text.__lwp_queue_initialize
                0x0000000080018388       0x88 /opt/devkitpro/libogc/lib/wii/libogc.a(lwp_queue.o)
                0x0000000080018388                __lwp_queue_initialize
 .text.__lwp_queue_get
                0x0000000080018410       0x7c /opt/devkitpro/libogc/lib/wii/libogc.a(lwp_queue.o)
                0x0000000080018410                __lwp_queue_get
 .text.__lwp_queue_append
                0x000000008001848c       0x50 /opt/devkitpro/libogc/lib/wii/libogc.a(lwp_queue.o)
                0x000000008001848c                __lwp_queue_append
 .text.__lwp_isr_in_progress
                0x00000000800184dc        0x8 /opt/devkitpro/libogc/lib/wii/libogc.a(lwp_threads.o)
                0x00000000800184dc                __lwp_isr_in_progress
 .text.__lwp_thread_resettimeslice
                0x00000000800184e4       0xf0 /opt/devkitpro/libogc/lib/wii/libogc.a(lwp_threads.o)
                0x00000000800184e4                __lwp_thread_resettimeslice
 .text.__lwp_thread_setstate
                0x00000000800185d4      0x158 /opt/devkitpro/libogc/lib/wii/libogc.a(lwp_threads.o)
                0x00000000800185d4                __lwp_thread_setstate
 .text.__lwp_thread_clearstate
                0x000000008001872c       0xf4 /opt/devkitpro/libogc/lib/wii/libogc.a(lwp_threads.o)
                0x000000008001872c                __lwp_thread_clearstate
 .text.__lwp_thread_delayended
                0x0000000080018820       0x48 /opt/devkitpro/libogc/lib/wii/libogc.a(lwp_threads.o)
                0x0000000080018820                __lwp_thread_delayended
 .text.__lwp_thread_setpriority
                0x0000000080018868       0x5c /opt/devkitpro/libogc/lib/wii/libogc.a(lwp_threads.o)
                0x0000000080018868                __lwp_thread_setpriority
 .text.__lwp_thread_settransient
                0x00000000800188c4       0xbc /opt/devkitpro/libogc/lib/wii/libogc.a(lwp_threads.o)
                0x00000000800188c4                __lwp_thread_settransient
 .text.__lwp_thread_changepriority
                0x0000000080018980      0x1b4 /opt/devkitpro/libogc/lib/wii/libogc.a(lwp_threads.o)
                0x0000000080018980                __lwp_thread_changepriority
 .text.__lwp_thread_loadenv
                0x0000000080018b34       0x74 /opt/devkitpro/libogc/lib/wii/libogc.a(lwp_threads.o)
                0x0000000080018b34                __lwp_thread_loadenv
 .text.__lwp_thread_ready
                0x0000000080018ba8       0xf4 /opt/devkitpro/libogc/lib/wii/libogc.a(lwp_threads.o)
                0x0000000080018ba8                __lwp_thread_ready
 .text.__lwp_thread_coreinit
                0x0000000080018c9c       0x84 /opt/devkitpro/libogc/lib/wii/libogc.a(lwp_threads.o)
                0x0000000080018c9c                __lwp_thread_coreinit
 .text.__thread_dispatch
                0x0000000080018d20      0x100 /opt/devkitpro/libogc/lib/wii/libogc.a(lwp_threads.o)
                0x0000000080018d20                __thread_dispatch
 .text.__lwp_thread_stopmultitasking
                0x0000000080018e20       0x5c /opt/devkitpro/libogc/lib/wii/libogc.a(lwp_threads.o)
                0x0000000080018e20                __lwp_thread_stopmultitasking
 .text.__lwp_thread_start
                0x0000000080018e7c       0x60 /opt/devkitpro/libogc/lib/wii/libogc.a(lwp_threads.o)
                0x0000000080018e7c                __lwp_thread_start
 .text.__lwp_thread_close
                0x0000000080018edc      0x13c /opt/devkitpro/libogc/lib/wii/libogc.a(lwp_threads.o)
                0x0000000080018edc                __lwp_thread_close
 .text.__lwp_thread_exit
                0x0000000080019018       0x60 /opt/devkitpro/libogc/lib/wii/libogc.a(lwp_threads.o)
                0x0000000080019018                __lwp_thread_exit
 .text.__lwp_thread_handler
                0x0000000080019078       0x78 /opt/devkitpro/libogc/lib/wii/libogc.a(lwp_threads.o)
 .text.__lwp_thread_closeall
                0x00000000800190f0       0xcc /opt/devkitpro/libogc/lib/wii/libogc.a(lwp_threads.o)
                0x00000000800190f0                __lwp_thread_closeall
 .text.__lwp_thread_init
                0x00000000800191bc      0x11c /opt/devkitpro/libogc/lib/wii/libogc.a(lwp_threads.o)
                0x00000000800191bc                __lwp_thread_init
 .text.__thread_dispatch_fp
                0x00000000800192d8       0x90 /opt/devkitpro/libogc/lib/wii/libogc.a(lwp_threads.o)
                0x00000000800192d8                __thread_dispatch_fp
 .text.__lwp_thread_startmultitasking
                0x0000000080019368       0xac /opt/devkitpro/libogc/lib/wii/libogc.a(lwp_threads.o)
                0x0000000080019368                __lwp_thread_startmultitasking
 .text.__lwp_thread_tickle_timeslice
                0x0000000080019414       0xd4 /opt/devkitpro/libogc/lib/wii/libogc.a(lwp_threads.o)
                0x0000000080019414                __lwp_thread_tickle_timeslice
 .text.idle_func
                0x00000000800194e8        0x4 /opt/devkitpro/libogc/lib/wii/libogc.a(lwp.o)
 .text.__lwp_thread_dispatchenable
                0x00000000800194ec       0x38 /opt/devkitpro/libogc/lib/wii/libogc.a(lwp.o)
 .text.LWP_InitQueue
                0x0000000080019524       0xbc /opt/devkitpro/libogc/lib/wii/libogc.a(lwp.o)
                0x0000000080019524                LWP_InitQueue
 .text.__lwp_sysinit
                0x00000000800195e0      0x118 /opt/devkitpro/libogc/lib/wii/libogc.a(lwp.o)
                0x00000000800195e0                __lwp_sysinit
 .text.LWP_ThreadBroadcast
                0x00000000800196f8       0x98 /opt/devkitpro/libogc/lib/wii/libogc.a(lwp.o)
                0x00000000800196f8                LWP_ThreadBroadcast
 .text.LWP_CloseQueue
                0x0000000080019790       0xdc /opt/devkitpro/libogc/lib/wii/libogc.a(lwp.o)
                0x0000000080019790                LWP_CloseQueue
 .text.LWP_ThreadSignal
                0x000000008001986c       0x80 /opt/devkitpro/libogc/lib/wii/libogc.a(lwp.o)
                0x000000008001986c                LWP_ThreadSignal
 .text.LWP_ThreadSleep
                0x00000000800198ec       0xf4 /opt/devkitpro/libogc/lib/wii/libogc.a(lwp.o)
                0x00000000800198ec                LWP_ThreadSleep
 .text.__lwp_stack_free
                0x00000000800199e0       0x38 /opt/devkitpro/libogc/lib/wii/libogc.a(lwp_stack.o)
                0x00000000800199e0                __lwp_stack_free
 .text.__lwp_stack_allocate
                0x0000000080019a18       0x68 /opt/devkitpro/libogc/lib/wii/libogc.a(lwp_stack.o)
                0x0000000080019a18                __lwp_stack_allocate
 .text.__lwp_watchdog_init
                0x0000000080019a80       0x2c /opt/devkitpro/libogc/lib/wii/libogc.a(lwp_watchdog.o)
                0x0000000080019a80                __lwp_watchdog_init
 .text.__lwp_wd_settimer
                0x0000000080019aac       0xe4 /opt/devkitpro/libogc/lib/wii/libogc.a(lwp_watchdog.o)
 .text.__lwp_wd_remove
                0x0000000080019b90      0x138 /opt/devkitpro/libogc/lib/wii/libogc.a(lwp_watchdog.o)
                0x0000000080019b90                __lwp_wd_remove
 .text.__lwp_wd_insert
                0x0000000080019cc8      0x1e8 /opt/devkitpro/libogc/lib/wii/libogc.a(lwp_watchdog.o)
                0x0000000080019cc8                __lwp_wd_insert
 .text.__lwp_wd_tickle
                0x0000000080019eb0      0x134 /opt/devkitpro/libogc/lib/wii/libogc.a(lwp_watchdog.o)
                0x0000000080019eb0                __lwp_wd_tickle
 .text.__lwp_wkspace_init
                0x0000000080019fe4       0xc8 /opt/devkitpro/libogc/lib/wii/libogc.a(lwp_wkspace.o)
                0x0000000080019fe4                __lwp_wkspace_init
 .text.__lwp_objmgr_getisrdisable
                0x000000008001a0ac       0x68 /opt/devkitpro/libogc/lib/wii/libogc.a(lwp_objmgr.o)
                0x000000008001a0ac                __lwp_objmgr_getisrdisable
 .text.__lwp_objmgr_getnoprotection
                0x000000008001a114       0x24 /opt/devkitpro/libogc/lib/wii/libogc.a(lwp_objmgr.o)
                0x000000008001a114                __lwp_objmgr_getnoprotection
 .text.__lwp_objmgr_allocate
                0x000000008001a138       0x78 /opt/devkitpro/libogc/lib/wii/libogc.a(lwp_objmgr.o)
                0x000000008001a138                __lwp_objmgr_allocate
 .text.__lwp_objmgr_free
                0x000000008001a1b0       0x64 /opt/devkitpro/libogc/lib/wii/libogc.a(lwp_objmgr.o)
                0x000000008001a1b0                __lwp_objmgr_free
 .text.__lwp_objmgr_get
                0x000000008001a214       0x78 /opt/devkitpro/libogc/lib/wii/libogc.a(lwp_objmgr.o)
                0x000000008001a214                __lwp_objmgr_get
 .text.__lwp_objmgr_initinfo
                0x000000008001a28c      0x18c /opt/devkitpro/libogc/lib/wii/libogc.a(lwp_objmgr.o)
                0x000000008001a28c                __lwp_objmgr_initinfo
 .text.__lwp_heap_init
                0x000000008001a418       0xa0 /opt/devkitpro/libogc/lib/wii/libogc.a(lwp_heap.o)
                0x000000008001a418                __lwp_heap_init
 .text.__lwp_heap_allocate
                0x000000008001a4b8      0x174 /opt/devkitpro/libogc/lib/wii/libogc.a(lwp_heap.o)
                0x000000008001a4b8                __lwp_heap_allocate
 .text.__lwp_heap_free
                0x000000008001a62c      0x1e0 /opt/devkitpro/libogc/lib/wii/libogc.a(lwp_heap.o)
                0x000000008001a62c                __lwp_heap_free
 .text.c_irqdispatcher
                0x000000008001a80c      0x294 /opt/devkitpro/libogc/lib/wii/libogc.a(irq.o)
                0x000000008001a80c                c_irqdispatcher
 .text.__SetInterrupts
                0x000000008001aaa0      0x294 /opt/devkitpro/libogc/lib/wii/libogc.a(irq.o)
 .text.__UnmaskIrq
                0x000000008001ad34       0x8c /opt/devkitpro/libogc/lib/wii/libogc.a(irq.o)
                0x000000008001ad34                __UnmaskIrq
 .text.__MaskIrq
                0x000000008001adc0       0x8c /opt/devkitpro/libogc/lib/wii/libogc.a(irq.o)
                0x000000008001adc0                __MaskIrq
 .text.IRQ_Request
                0x000000008001ae4c       0x54 /opt/devkitpro/libogc/lib/wii/libogc.a(irq.o)
                0x000000008001ae4c                IRQ_Request
 .text.IRQ_GetHandler
                0x000000008001aea0       0x48 /opt/devkitpro/libogc/lib/wii/libogc.a(irq.o)
                0x000000008001aea0                IRQ_GetHandler
 .text.IRQ_Disable
                0x000000008001aee8       0x24 /opt/devkitpro/libogc/lib/wii/libogc.a(irq.o)
                0x000000008001aee8                IRQ_Disable
 .text.IRQ_Restore
                0x000000008001af0c       0x1c /opt/devkitpro/libogc/lib/wii/libogc.a(irq.o)
                0x000000008001af0c                IRQ_Restore
 .text.__irq_init
                0x000000008001af28       0x94 /opt/devkitpro/libogc/lib/wii/libogc.a(irq.o)
                0x000000008001af28                __irq_init
 .text.VIDEO_GetCurrentFramebuffer
                0x000000008001afbc        0x8 /opt/devkitpro/libogc/lib/wii/libogc.a(video.o)
                0x000000008001afbc                VIDEO_GetCurrentFramebuffer
 .text.VIDEO_Flush
                0x000000008001afc4       0xf4 /opt/devkitpro/libogc/lib/wii/libogc.a(video.o)
                0x000000008001afc4                VIDEO_Flush
 .text.VIDEO_SetBlack
                0x000000008001b0b8      0x140 /opt/devkitpro/libogc/lib/wii/libogc.a(video.o)
                0x000000008001b0b8                VIDEO_SetBlack
 .text.VIDEO_GetCurrentTvMode
                0x000000008001b1f8       0x6c /opt/devkitpro/libogc/lib/wii/libogc.a(video.o)
                0x000000008001b1f8                VIDEO_GetCurrentTvMode
 .text.VIDEO_GetCurrentLine
                0x000000008001b264       0xa4 /opt/devkitpro/libogc/lib/wii/libogc.a(video.o)
                0x000000008001b264                VIDEO_GetCurrentLine
 .text.VIDEO_SetPostRetraceCallback
                0x000000008001b308       0x44 /opt/devkitpro/libogc/lib/wii/libogc.a(video.o)
                0x000000008001b308                VIDEO_SetPostRetraceCallback
 .text.VIDEO_GetFrameBufferSize
                0x000000008001b34c       0x2c /opt/devkitpro/libogc/lib/wii/libogc.a(video.o)
                0x000000008001b34c                VIDEO_GetFrameBufferSize
 .text.VIDEO_ClearFrameBuffer
                0x000000008001b378       0x50 /opt/devkitpro/libogc/lib/wii/libogc.a(video.o)
                0x000000008001b378                VIDEO_ClearFrameBuffer
 .text.VIDEO_GetPreferredMode
                0x000000008001b3c8       0xd8 /opt/devkitpro/libogc/lib/wii/libogc.a(video.o)
                0x000000008001b3c8                VIDEO_GetPreferredMode
 .text.VIDEO_WaitVSync
                0x000000008001b4a0       0x7c /opt/devkitpro/libogc/lib/wii/libogc.a(video.o)
                0x000000008001b4a0                VIDEO_WaitVSync
 .text.T.167    0x000000008001b51c      0x544 /opt/devkitpro/libogc/lib/wii/libogc.a(video.o)
 .text.T.164    0x000000008001ba60       0x4c /opt/devkitpro/libogc/lib/wii/libogc.a(video.o)
 .text.__VIWriteI2CRegister8
                0x000000008001baac       0x38 /opt/devkitpro/libogc/lib/wii/libogc.a(video.o)
 .text.__VISetYUVSEL
                0x000000008001bae4       0x68 /opt/devkitpro/libogc/lib/wii/libogc.a(video.o)
 .text.__VIRetraceHandler
                0x000000008001bb4c      0x2fc /opt/devkitpro/libogc/lib/wii/libogc.a(video.o)
 .text.__VIWriteI2CRegister16
                0x000000008001be48       0x44 /opt/devkitpro/libogc/lib/wii/libogc.a(video.o)
 .text.__VIWriteI2CRegisterBuf
                0x000000008001be8c       0x50 /opt/devkitpro/libogc/lib/wii/libogc.a(video.o)
 .text.VIDEO_Init
                0x000000008001bedc      0x810 /opt/devkitpro/libogc/lib/wii/libogc.a(video.o)
                0x000000008001bedc                VIDEO_Init
 .text.VIDEO_Configure
                0x000000008001c6ec      0x85c /opt/devkitpro/libogc/lib/wii/libogc.a(video.o)
                0x000000008001c6ec                VIDEO_Configure
 .text.VIDEO_SetNextFramebuffer
                0x000000008001cf48      0x22c /opt/devkitpro/libogc/lib/wii/libogc.a(video.o)
                0x000000008001cf48                VIDEO_SetNextFramebuffer
 .text.VIDEO_SetFramebuffer
                0x000000008001d174      0x314 /opt/devkitpro/libogc/lib/wii/libogc.a(video.o)
                0x000000008001d174                VIDEO_SetFramebuffer
 .text.__call_resetfuncs
                0x000000008001d488       0xb4 /opt/devkitpro/libogc/lib/wii/libogc.a(system.o)
 .text.__MEMInterruptHandler
                0x000000008001d53c       0x14 /opt/devkitpro/libogc/lib/wii/libogc.a(system.o)
 .text.__RSWDefaultHandler
                0x000000008001d550        0x4 /opt/devkitpro/libogc/lib/wii/libogc.a(system.o)
 .text.__POWDefaultHandler
                0x000000008001d554        0x4 /opt/devkitpro/libogc/lib/wii/libogc.a(system.o)
 .text.__STMEventHandler
                0x000000008001d558       0xf8 /opt/devkitpro/libogc/lib/wii/libogc.a(system.o)
 .text.__SYS_GetIPCBufferLo
                0x000000008001d650        0x8 /opt/devkitpro/libogc/lib/wii/libogc.a(system.o)
                0x000000008001d650                __SYS_GetIPCBufferLo
 .text.__SYS_GetIPCBufferHi
                0x000000008001d658        0x8 /opt/devkitpro/libogc/lib/wii/libogc.a(system.o)
                0x000000008001d658                __SYS_GetIPCBufferHi
 .text.__SYS_DoPowerCB
                0x000000008001d660       0x7c /opt/devkitpro/libogc/lib/wii/libogc.a(system.o)
                0x000000008001d660                __SYS_DoPowerCB
 .text.SYS_ResetButtonDown
                0x000000008001d6dc       0x18 /opt/devkitpro/libogc/lib/wii/libogc.a(system.o)
                0x000000008001d6dc                SYS_ResetButtonDown
 .text.SYS_RegisterResetFunc
                0x000000008001d6f4       0x98 /opt/devkitpro/libogc/lib/wii/libogc.a(system.o)
                0x000000008001d6f4                SYS_RegisterResetFunc
 .text.SYS_SetArena1Lo
                0x000000008001d78c       0x3c /opt/devkitpro/libogc/lib/wii/libogc.a(system.o)
                0x000000008001d78c                SYS_SetArena1Lo
 .text.SYS_GetArena1Lo
                0x000000008001d7c8       0x3c /opt/devkitpro/libogc/lib/wii/libogc.a(system.o)
                0x000000008001d7c8                SYS_GetArena1Lo
 .text.SYS_GetArena1Hi
                0x000000008001d804       0x3c /opt/devkitpro/libogc/lib/wii/libogc.a(system.o)
                0x000000008001d804                SYS_GetArena1Hi
 .text.SYS_SetArena2Lo
                0x000000008001d840       0x3c /opt/devkitpro/libogc/lib/wii/libogc.a(system.o)
                0x000000008001d840                SYS_SetArena2Lo
 .text.SYS_GetArena2Lo
                0x000000008001d87c       0x3c /opt/devkitpro/libogc/lib/wii/libogc.a(system.o)
                0x000000008001d87c                SYS_GetArena2Lo
 .text.SYS_SetArena2Hi
                0x000000008001d8b8       0x3c /opt/devkitpro/libogc/lib/wii/libogc.a(system.o)
                0x000000008001d8b8                SYS_SetArena2Hi
 .text.SYS_GetArena2Hi
                0x000000008001d8f4       0x3c /opt/devkitpro/libogc/lib/wii/libogc.a(system.o)
                0x000000008001d8f4                SYS_GetArena2Hi
 .text.SYS_GetHollywoodRevision
                0x000000008001d930       0x3c /opt/devkitpro/libogc/lib/wii/libogc.a(system.o)
                0x000000008001d930                SYS_GetHollywoodRevision
 .text.__sys_alarmhandler
                0x000000008001d96c      0x118 /opt/devkitpro/libogc/lib/wii/libogc.a(system.o)
 .text.SYS_AllocateFramebuffer
                0x000000008001da84       0x2c /opt/devkitpro/libogc/lib/wii/libogc.a(system.o)
                0x000000008001da84                SYS_AllocateFramebuffer
 .text.__mem_onreset
                0x000000008001dab0       0x54 /opt/devkitpro/libogc/lib/wii/libogc.a(system.o)
 .text.SYS_ResetSystem
                0x000000008001db04      0x23c /opt/devkitpro/libogc/lib/wii/libogc.a(system.o)
                0x000000008001db04                SYS_ResetSystem
 .text.__reload
                0x000000008001dd40       0x94 /opt/devkitpro/libogc/lib/wii/libogc.a(system.o)
                0x000000008001dd40                __reload
 .text.SYS_PreMain
                0x000000008001ddd4       0x38 /opt/devkitpro/libogc/lib/wii/libogc.a(system.o)
                0x000000008001ddd4                SYS_PreMain
 .text.__sram_write
                0x000000008001de0c      0x148 /opt/devkitpro/libogc/lib/wii/libogc.a(system.o)
 .text.__unlocksram
                0x000000008001df54      0x164 /opt/devkitpro/libogc/lib/wii/libogc.a(system.o)
 .text.__SYS_UnlockSramEx
                0x000000008001e0b8        0x8 /opt/devkitpro/libogc/lib/wii/libogc.a(system.o)
                0x000000008001e0b8                __SYS_UnlockSramEx
 .text.SYS_GetWirelessID
                0x000000008001e0c0       0xcc /opt/devkitpro/libogc/lib/wii/libogc.a(system.o)
                0x000000008001e0c0                SYS_GetWirelessID
 .text.SYS_SetWirelessID
                0x000000008001e18c       0x8c /opt/devkitpro/libogc/lib/wii/libogc.a(system.o)
                0x000000008001e18c                SYS_SetWirelessID
 .text.__sram_writecallback
                0x000000008001e218       0x58 /opt/devkitpro/libogc/lib/wii/libogc.a(system.o)
 .text.__libogc_exit
                0x000000008001e270       0x38 /opt/devkitpro/libogc/lib/wii/libogc.a(system.o)
                0x000000008001e270                __libogc_exit
 .text.__sram_init
                0x000000008001e2a8      0x184 /opt/devkitpro/libogc/lib/wii/libogc.a(system.o)
                0x000000008001e2a8                __sram_init
 .text.SYS_Init
                0x000000008001e42c      0x754 /opt/devkitpro/libogc/lib/wii/libogc.a(system.o)
                0x000000008001e42c                SYS_Init
 .text.SYS_CreateAlarm
                0x000000008001eb80       0xf8 /opt/devkitpro/libogc/lib/wii/libogc.a(system.o)
                0x000000008001eb80                SYS_CreateAlarm
 .text.SYS_CancelAlarm
                0x000000008001ec78       0xbc /opt/devkitpro/libogc/lib/wii/libogc.a(system.o)
                0x000000008001ec78                SYS_CancelAlarm
 .text.SYS_RemoveAlarm
                0x000000008001ed34      0x108 /opt/devkitpro/libogc/lib/wii/libogc.a(system.o)
                0x000000008001ed34                SYS_RemoveAlarm
 .text.SYS_SetPeriodicAlarm
                0x000000008001ee3c      0x218 /opt/devkitpro/libogc/lib/wii/libogc.a(system.o)
                0x000000008001ee3c                SYS_SetPeriodicAlarm
 .text.SYS_SetAlarm
                0x000000008001f054      0x1ac /opt/devkitpro/libogc/lib/wii/libogc.a(system.o)
                0x000000008001f054                SYS_SetAlarm
 .text.__lwp_cond_init
                0x000000008001f200       0x30 /opt/devkitpro/libogc/lib/wii/libogc.a(cond.o)
                0x000000008001f200                __lwp_cond_init
 .text.__decrementer_init
                0x000000008001f230        0x4 /opt/devkitpro/libogc/lib/wii/libogc.a(decrementer.o)
                0x000000008001f230                __decrementer_init
 .text.c_decrementer_handler
                0x000000008001f234       0x28 /opt/devkitpro/libogc/lib/wii/libogc.a(decrementer.o)
                0x000000008001f234                c_decrementer_handler
 .text.__lwp_mqbox_init
                0x000000008001f25c       0x30 /opt/devkitpro/libogc/lib/wii/libogc.a(message.o)
                0x000000008001f25c                __lwp_mqbox_init
 .text.__si_transfer
                0x000000008001f28c      0x1dc /opt/devkitpro/libogc/lib/wii/libogc.a(si.o)
 .text.__si_alarmhandler
                0x000000008001f468       0xd8 /opt/devkitpro/libogc/lib/wii/libogc.a(si.o)
 .text.SI_Busy  0x000000008001f540       0x1c /opt/devkitpro/libogc/lib/wii/libogc.a(si.o)
                0x000000008001f540                SI_Busy
 .text.SI_IsChanBusy
                0x000000008001f55c       0x38 /opt/devkitpro/libogc/lib/wii/libogc.a(si.o)
                0x000000008001f55c                SI_IsChanBusy
 .text.SI_EnablePolling
                0x000000008001f594       0x80 /opt/devkitpro/libogc/lib/wii/libogc.a(si.o)
                0x000000008001f594                SI_EnablePolling
 .text.SI_DisablePolling
                0x000000008001f614       0x5c /opt/devkitpro/libogc/lib/wii/libogc.a(si.o)
                0x000000008001f614                SI_DisablePolling
 .text.SI_GetStatus
                0x000000008001f670       0x80 /opt/devkitpro/libogc/lib/wii/libogc.a(si.o)
                0x000000008001f670                SI_GetStatus
 .text.SI_GetResponseRaw
                0x000000008001f6f0       0xd0 /opt/devkitpro/libogc/lib/wii/libogc.a(si.o)
                0x000000008001f6f0                SI_GetResponseRaw
 .text.SI_GetResponse
                0x000000008001f7c0       0xc0 /opt/devkitpro/libogc/lib/wii/libogc.a(si.o)
                0x000000008001f7c0                SI_GetResponse
 .text.SI_SetCommand
                0x000000008001f880       0x10 /opt/devkitpro/libogc/lib/wii/libogc.a(si.o)
                0x000000008001f880                SI_SetCommand
 .text.SI_EnablePollingInterrupt
                0x000000008001f890       0xbc /opt/devkitpro/libogc/lib/wii/libogc.a(si.o)
                0x000000008001f890                SI_EnablePollingInterrupt
 .text.SI_UnregisterPollingHandler
                0x000000008001f94c      0x118 /opt/devkitpro/libogc/lib/wii/libogc.a(si.o)
                0x000000008001f94c                SI_UnregisterPollingHandler
 .text.SI_RegisterPollingHandler